03-27 01:43:51.760  1180  1265 I RILC-CommandInfo: getCommandInfo found {request=109 halVer=16}
03-27 01:43:51.776   976  1006 I SIT-OEM : Type: REQUEST MSG: metrics_data_message(8) Token: 0x0005 
03-27 01:43:51.776   976  1006 D SIT-OEM : Raw (idx=0~18): 080115080000001d0500000042040a020800
03-27 01:43:51.812   976   995 I SIT-OEM : Type: RESPONSE MSG: metrics_data_message(8) Token: 0x0005 Result: SUCCESS(0)
03-27 01:43:51.812   976   995 D SIT-OEM : Raw (idx=0~32): 080215080000001d05000000200042b20212af020aac020a100807120508f001
03-27 01:43:51.812   976   995 D SIT-OEM : Raw (idx=32~64): 1001420508f0011001189a0320072ae9011801220a08013a0042004a00520022
03-27 01:43:51.812   976   995 D SIT-OEM : Raw (idx=64~96): 0a08023a0042004a005200220a08033a0042004a0052002a003abe010a100804
03-27 01:43:51.812   976   995 D SIT-OEM : Raw (idx=96~128): 180020ba3928cd1f30e00338d4070a0e0806180020bb6228b243301838030a0c
03-27 01:43:51.812   976   995 D SIT-OEM : Raw (idx=128~160): 08151800205b2847300238060a1008201800209c3928b71f30c80838d4070a10
03-27 01:43:51.812   976   995 D SIT-OEM : Raw (idx=160~192): 0821180020ba3928be1f30880238d4070a100822180020bdda0428a7ff013002
03-27 01:43:51.812   976   995 D SIT-OEM : Raw (idx=192~224): 38060a0e082b180020b87228b872301038010a0f082d180020e06128ab053048
03-27 01:43:51.812   976   995 D SIT-OEM : Raw (idx=224~256): 38a3040a0e0831180020b70128b7013008380112250a0f676d6573736167655f
03-27 01:43:51.812   976   995 D SIT-OEM : Raw (idx=256~288): 726f7574657210bdda0418c41b200528013004385b402548b20e32241a100a05
03-27 01:43:51.812   976   995 D SIT-OEM : Raw (idx=288~320): 08b90210021000180020ffffff071a100a0508b90210011000180020ffffff07
03-27 01:43:51.812   976   995 D SIT-OEM : Raw (idx=320~323): 48af02
03-27 01:43:51.813   976  1006 D SIT-OEM : Token 5 take 0.036351 second
03-27 01:43:51.813   976  1006 D SIT-OEM : Remove Request Token=0x0005 in Record
03-27 01:43:51.813  1180  1280 D RILC    : RequestComplete, RIL_SOCKET_1
03-27 01:43:51.813  1180  1280 E RILC    : Calling responseFunction() for token 74
03-27 01:43:51.813  1180  1280 D RILC    : radio::getCellInfoListResponse_1_6: serial 74
03-27 01:43:51.813  1180  1280 D RILC-HIDL: HidlHalNetworkResponse_1_6::getCellInfoListResponse_1_6: serial 74
03-27 01:43:51.816  2354  2503 D RILJ    : [0074]< GET_CELL_INFO_LIST [CellInfoLte:{mRegistered=YES mTimeStamp=1371920898577ns mCellConnectionStatus=1 CellIdentityLte:{ mCi=[****] mPci=[****] mTac=[****] mEarfcn=[****] mBands=[40] mBandwidth=20000 mMcc=460 mMnc=00 mAlphaLong= mAlphaShort= mAdditionalPlmns={} mCsgInfo=null} CellSignalStrengthLte: rssi=2147483647 rsrp=-59 rsrq=-3 rssnr=25 cqiTableIndex=2147483647 cqi=2147483647 ta=0 level=4 parametersUseForLevel=1 android.telephony.CellConfigLte :{ isEndcAvailable = false }}] [PHONE0]
03-27 01:43:51.818  2354  2354 D LocaleTracker-0: processCellInfo: cell info=[CellInfoLte:{mRegistered=YES mTimeStamp=1371920898577ns mCellConnectionStatus=1 CellIdentityLte:{ mCi=[****] mPci=[****] mTac=[****] mEarfcn=[****] mBands=[40] mBandwidth=20000 mMcc=460 mMnc=00 mAlphaLong= mAlphaShort= mAdditionalPlmns={} mCsgInfo=null} CellSignalStrengthLte: rssi=2147483647 rsrp=-59 rsrq=-3 rssnr=25 cqiTableIndex=2147483647 cqi=2147483647 ta=0 level=4 parametersUseForLevel=1 android.telephony.CellConfigLte :{ isEndcAvailable = false }}]
03-27 01:43:51.818  2354  2354 D LocaleTracker-0: updateLocale: countryIso = cn, countryIsoDebugInfo = OperatorNumeric(46000): MccTable.geoCountryCodeForMccMnc("MccMnc{mcc='460', mnc='00'}")
03-27 01:43:51.818  2354  2354 D LocaleTracker-0: updateLocale: timeZoneCountryIso = cn, timeZoneCountryIsoDebugInfo = OperatorNumeric(46000): MccTable.geoCountryCodeForMccMnc("MccMnc{mcc='460', mnc='00'}")
03-27 01:43:51.819  2354  2354 D NitzStateMachineImpl: handleCountryDetected: countryIsoCode=cn, mLatestNitzSignal=null
03-27 01:44:21.506  2354  2354 D RILJ    : [0075]> GET_ACTIVITY_INFO [PHONE0]
03-27 01:44:21.509  1180  1265 D RILC    : getModemActivityInfo: serial 75
03-27 01:44:21.509  1180  1265 I RILC-CommandInfo: getCommandInfo not found(request=135 halVer=00)
03-27 01:44:21.509  1180  1265 I RILC-CommandInfo: getCommandInfo found {request=135 halVer=00}
03-27 01:44:21.556  1180  1279 D RILC    : RequestComplete, RIL_SOCKET_1
03-27 01:44:21.556  1180  1279 E RILC    : Calling responseFunction() for token 75
03-27 01:44:21.557  1180  1279 D RILC    : radio::getModemActivityInfoResponse: serial 75
03-27 01:44:21.558  2354  2503 D RILJ    : [0075]< GET_ACTIVITY_INFO ModemActivityInfo{ mTimestamp=1401664 mSleepTimeMs=738102 mIdleTimeMs=4793 mActivityStatsTechSpecificInfo=[{mRat=UNKNOWN,mFrequencyRange=UNKNOWN,mTxTimeMs[]=[0, 0, 0, 0, 0],mRxTimeMs=8187}]} [PHONE0]
03-27 01:45:56.074  1539  3107 D TelephonyRegistry: listen oscl: mHasNotifySubscriptionInfoChangedOccurred==false no callback
03-27 01:45:56.238  1539  3610 D TelephonyRegistry: listen oscl: mHasNotifySubscriptionInfoChangedOccurred==false no callback
03-27 01:45:56.241  1539  3610 D TelephonyRegistry: listen oscl: mHasNotifySubscriptionInfoChangedOccurred==false no callback
03-27 01:45:57.027  2354  2354 D TNP     : onNetworkNeeded: Not applied. [NetworkRequest [ REQUEST id=695, [ Transports: SATELLITE Capabilities: INTERNET&TRUSTED&NOT_VCN_MANAGED Uid: 10175 RequestorUid: 10175 RequestorPkg: com.google.android.apps.messaging UnderlyingNetworks: Null] ], mPriority=0, state=UNSATISFIED, mAttachedDataNetwork=null, created time=01:45:57.026, evaluation result=null]
03-27 01:45:59.012  2354  2354 D TNP     : onNetworkNeeded: Not applied. [NetworkRequest [ REQUEST id=698, [ Capabilities: INTERNET&NOT_RESTRICTED&TRUSTED&NOT_VCN_MANAGED&NOT_BANDWIDTH_CONSTRAINED Uid: 10382 RequestorUid: 10382 RequestorPkg: com.zhihu.android UnderlyingNetworks: Null] ], mPriority=0, state=UNSATISFIED, mAttachedDataNetwork=null, created time=01:45:59.011, evaluation result=null]
03-27 01:46:00.876  2354  2354 D TNP     : onNetworkNeeded: Not applied. [NetworkRequest [ REQUEST id=701, [ Capabilities: INTERNET&NOT_RESTRICTED&TRUSTED&NOT_VCN_MANAGED&NOT_BANDWIDTH_CONSTRAINED Uid: 10380 RequestorUid: 10380 RequestorPkg: com.xunmeng.pinduoduo UnderlyingNetworks: Null] ], mPriority=0, state=UNSATISFIED, mAttachedDataNetwork=null, created time=01:46:00.876, evaluation result=null]
03-27 01:46:01.482  2354  2354 D TNP     : onNetworkNeeded: Not applied. [NetworkRequest [ REQUEST id=704, [ Capabilities: INTERNET&NOT_RESTRICTED&TRUSTED&NOT_VCN_MANAGED&NOT_BANDWIDTH_CONSTRAINED Uid: 10380 RequestorUid: 10380 RequestorPkg: com.xunmeng.pinduoduo UnderlyingNetworks: Null] ], mPriority=0, state=UNSATISFIED, mAttachedDataNetwork=null, created time=01:46:01.482, evaluation result=null]
03-27 01:46:01.701  2354  2354 D TNP     : onNetworkNeeded: Not applied. [NetworkRequest [ REQUEST id=707, [ Capabilities: INTERNET&NOT_RESTRICTED&TRUSTED&NOT_VCN_MANAGED&NOT_BANDWIDTH_CONSTRAINED Uid: 10350 RequestorUid: 10350 RequestorPkg: com.ss.android.ugc.aweme UnderlyingNetworks: Null] ], mPriority=0, state=UNSATISFIED, mAttachedDataNetwork=null, created time=01:46:01.701, evaluation result=null]
03-27 01:46:03.779  2354  2354 D TNP     : onNetworkNeeded: Not applied. [NetworkRequest [ REQUEST id=711, [ Capabilities: INTERNET&NOT_RESTRICTED&TRUSTED&NOT_VCN_MANAGED&NOT_BANDWIDTH_CONSTRAINED Uid: 10375 RequestorUid: 10375 RequestorPkg: com.videogo UnderlyingNetworks: Null] ], mPriority=0, state=UNSATISFIED, mAttachedDataNetwork=null, created time=01:46:03.779, evaluation result=null]
03-27 01:46:04.095  2354  2354 D TNP     : onNetworkNeeded: Not applied. [NetworkRequest [ REQUEST id=713, [ Capabilities: INTERNET&NOT_RESTRICTED&TRUSTED&NOT_VCN_MANAGED&NOT_BANDWIDTH_CONSTRAINED Uid: 10347 RequestorUid: 10347 RequestorPkg: com.ss.android.article.news UnderlyingNetworks: Null] ], mPriority=0, state=UNSATISFIED, mAttachedDataNetwork=null, created time=01:46:04.095, evaluation result=null]
03-27 01:46:04.463  2354  2354 D TNP     : onNetworkNeeded: Not applied. [NetworkRequest [ REQUEST id=716, [ Capabilities: INTERNET&NOT_RESTRICTED&TRUSTED&NOT_VCN_MANAGED&NOT_BANDWIDTH_CONSTRAINED Uid: 10364 RequestorUid: 10364 RequestorPkg: com.tencent.mtt UnderlyingNetworks: Null] ], mPriority=0, state=UNSATISFIED, mAttachedDataNetwork=null, created time=01:46:04.462, evaluation result=null]
03-27 01:46:05.666  2354  2354 D TNP     : onNetworkNeeded: Not applied. [NetworkRequest [ REQUEST id=719, [ Capabilities: INTERNET&NOT_RESTRICTED&TRUSTED&NOT_VCN_MANAGED&NOT_BANDWIDTH_CONSTRAINED Uid: 10338 RequestorUid: 10338 RequestorPkg: com.sankuai.meituan UnderlyingNetworks: Null] ], mPriority=0, state=UNSATISFIED, mAttachedDataNetwork=null, created time=01:46:05.666, evaluation result=null]
03-27 01:46:06.824  2354  2354 E TNP     : onNetworkUnneeded: Unable to get phone. phoneId=-1
03-27 01:46:07.011  2354  2354 D TNP     : onNetworkNeeded: Not applied. [NetworkRequest [ REQUEST id=723, [ Capabilities: INTERNET&NOT_RESTRICTED&TRUSTED&NOT_VCN_MANAGED&NOT_BANDWIDTH_CONSTRAINED Uid: 10346 RequestorUid: 10346 RequestorPkg: com.ss.android.article.lite UnderlyingNetworks: Null] ], mPriority=0, state=UNSATISFIED, mAttachedDataNetwork=null, created time=01:46:07.011, evaluation result=null]
03-27 01:46:07.263  2354  2354 D TNP     : onNetworkNeeded: Not applied. [NetworkRequest [ REQUEST id=726, [ Capabilities: INTERNET&NOT_RESTRICTED&TRUSTED&NOT_VCN_MANAGED&NOT_BANDWIDTH_CONSTRAINED Uid: 10346 RequestorUid: 10346 RequestorPkg: com.ss.android.article.lite UnderlyingNetworks: Null] ], mPriority=0, state=UNSATISFIED, mAttachedDataNetwork=null, created time=01:46:07.263, evaluation result=null]
03-27 01:46:07.448  2354  2354 D TNP     : onNetworkNeeded: Not applied. [NetworkRequest [ REQUEST id=729, [ Capabilities: INTERNET&NOT_RESTRICTED&TRUSTED&NOT_VCN_MANAGED&NOT_BANDWIDTH_CONSTRAINED Uid: 10380 RequestorUid: 10380 RequestorPkg: com.xunmeng.pinduoduo UnderlyingNetworks: Null] ], mPriority=0, state=UNSATISFIED, mAttachedDataNetwork=null, created time=01:46:07.448, evaluation result=null]
03-27 01:46:09.234  2354  2354 D TNP     : onNetworkNeeded: Not applied. [NetworkRequest [ REQUEST id=737, [ Capabilities: INTERNET&NOT_RESTRICTED&TRUSTED&NOT_VCN_MANAGED&NOT_BANDWIDTH_CONSTRAINED Uid: 10328 RequestorUid: 10328 RequestorPkg: com.luna.music UnderlyingNetworks: Null] ], mPriority=0, state=UNSATISFIED, mAttachedDataNetwork=null, created time=01:46:09.234, evaluation result=null]
03-27 01:46:10.242  2354  2354 E TNP     : onNetworkUnneeded: Unable to get phone. phoneId=-1
03-27 01:46:10.520  2354  2354 E TNP     : onNetworkUnneeded: Unable to get phone. phoneId=-1
03-27 01:46:10.521  2354  2354 E TNP     : onNetworkUnneeded: Unable to get phone. phoneId=-1
03-27 01:46:10.612  2354  2354 E TNP     : onNetworkUnneeded: Unable to get phone. phoneId=-1
03-27 01:46:10.836  2354  2354 D TNP     : onNetworkNeeded: Not applied. [NetworkRequest [ REQUEST id=740, [ Capabilities: INTERNET&NOT_RESTRICTED&TRUSTED&NOT_VCN_MANAGED&NOT_BANDWIDTH_CONSTRAINED Uid: 10378 RequestorUid: 10378 RequestorPkg: com.xs.fm UnderlyingNetworks: Null] ], mPriority=0, state=UNSATISFIED, mAttachedDataNetwork=null, created time=01:46:10.836, evaluation result=null]
03-27 01:46:11.688  2354  2354 E TNP     : onNetworkUnneeded: Unable to get phone. phoneId=-1
03-27 01:46:13.244  2354  2354 D TNP     : onNetworkNeeded: Not applied. [NetworkRequest [ REQUEST id=743, [ Capabilities: INTERNET&NOT_RESTRICTED&TRUSTED&NOT_VCN_MANAGED&NOT_BANDWIDTH_CONSTRAINED Uid: 10330 RequestorUid: 10330 RequestorPkg: com.microsoft.emmx UnderlyingNetworks: Null] ], mPriority=0, state=UNSATISFIED, mAttachedDataNetwork=null, created time=01:46:13.244, evaluation result=null]
03-27 01:46:22.933  2354  2354 D TNP     : onNetworkNeeded: Not applied. [NetworkRequest [ REQUEST id=750, [ Capabilities: INTERNET&NOT_RESTRICTED&TRUSTED&NOT_VCN_MANAGED&NOT_BANDWIDTH_CONSTRAINED Uid: 10386 RequestorUid: 10386 RequestorPkg: com.tencent.mm UnderlyingNetworks: Null] ], mPriority=0, state=UNSATISFIED, mAttachedDataNetwork=null, created time=01:46:22.933, evaluation result=null]
03-27 01:46:28.297  2354  2354 E TNP     : onNetworkUnneeded: Unable to get phone. phoneId=-1
03-27 01:46:44.959  2354  2354 D TNP     : onNetworkNeeded: Not applied. [NetworkRequest [ REQUEST id=770, [ Capabilities: INTERNET&NOT_RESTRICTED&TRUSTED&NOT_VCN_MANAGED&NOT_BANDWIDTH_CONSTRAINED Uid: 10337 RequestorUid: 10337 RequestorPkg: com.quark.browser UnderlyingNetworks: Null] ], mPriority=0, state=UNSATISFIED, mAttachedDataNetwork=null, created time=01:46:44.958, evaluation result=null]
03-27 01:46:45.157  2354  2354 E TNP     : onNetworkUnneeded: Unable to get phone. phoneId=-1
03-27 01:46:52.442  2354  2354 D TNP     : onNetworkNeeded: Not applied. [NetworkRequest [ REQUEST id=775, [ Capabilities: INTERNET&NOT_RESTRICTED&TRUSTED&NOT_VCN_MANAGED&NOT_BANDWIDTH_CONSTRAINED Uid: 10303 RequestorUid: 10303 RequestorPkg: com.cat.readall UnderlyingNetworks: Null] ], mPriority=0, state=UNSATISFIED, mAttachedDataNetwork=null, created time=01:46:52.442, evaluation result=null]
03-27 01:46:59.694  2354  2354 E TNP     : onNetworkUnneeded: Unable to get phone. phoneId=-1
03-27 01:47:04.364  2354  2354 E TNP     : onNetworkUnneeded: Unable to get phone. phoneId=-1
03-27 01:47:04.645  2354  2354 D TNP     : onNetworkNeeded: Not applied. [NetworkRequest [ REQUEST id=785, [ Capabilities: INTERNET&NOT_RESTRICTED&TRUSTED&NOT_VCN_MANAGED&NOT_BANDWIDTH_CONSTRAINED Uid: 10315 RequestorUid: 10315 RequestorPkg: com.dz.hmjc UnderlyingNetworks: Null] ], mPriority=0, state=UNSATISFIED, mAttachedDataNetwork=null, created time=01:47:04.640, evaluation result=null]
03-27 01:47:20.239  2354  2354 E TNP     : onNetworkUnneeded: Unable to get phone. phoneId=-1
03-27 01:47:22.373  2354  2354 D TNP     : onNetworkNeeded: Not applied. [NetworkRequest [ REQUEST id=810, [ Capabilities: INTERNET&NOT_RESTRICTED&TRUSTED&NOT_VCN_MANAGED&NOT_BANDWIDTH_CONSTRAINED Uid: 10324 RequestorUid: 10324 RequestorPkg: com.kuaishou.nebula UnderlyingNetworks: Null] ], mPriority=0, state=UNSATISFIED, mAttachedDataNetwork=null, created time=01:47:22.373, evaluation result=null]
03-27 01:47:32.239  2354  2354 E TNP     : onNetworkUnneeded: Unable to get phone. phoneId=-1
03-27 01:47:43.157  2354  2354 E TNP     : onNetworkUnneeded: Unable to get phone. phoneId=-1
03-27 01:47:43.164  2354  2354 E TNP     : onNetworkUnneeded: Unable to get phone. phoneId=-1
03-27 01:47:57.384  2354  2354 D TNP     : onNetworkNeeded: Not applied. [NetworkRequest [ REQUEST id=837, [ Capabilities: INTERNET&NOT_RESTRICTED&TRUSTED&NOT_VCN_MANAGED&NOT_BANDWIDTH_CONSTRAINED Uid: 10338 RequestorUid: 10338 RequestorPkg: com.sankuai.meituan UnderlyingNetworks: Null] ], mPriority=0, state=UNSATISFIED, mAttachedDataNetwork=null, created time=01:47:57.381, evaluation result=null]
03-27 01:48:03.844  2354  2354 E TNP     : onNetworkUnneeded: Unable to get phone. phoneId=-1
03-27 01:48:04.635  2354  2354 E TNP     : onNetworkUnneeded: Unable to get phone. phoneId=-1
03-27 01:48:04.637  2354  2354 E TNP     : onNetworkUnneeded: Unable to get phone. phoneId=-1
03-27 01:48:06.235  2354  2354 E TNP     : onNetworkUnneeded: Unable to get phone. phoneId=-1
03-27 01:48:06.415  2354  2354 E TNP     : onNetworkUnneeded: Unable to get phone. phoneId=-1
03-27 01:48:33.992  2354  2354 D TNP     : onNetworkNeeded: Not applied. [NetworkRequest [ REQUEST id=862, [ Capabilities: INTERNET&NOT_RESTRICTED&TRUSTED&NOT_VCN_MANAGED&NOT_BANDWIDTH_CONSTRAINED Uid: 10375 RequestorUid: 10375 RequestorPkg: com.videogo UnderlyingNetworks: Null] ], mPriority=0, state=UNSATISFIED, mAttachedDataNetwork=null, created time=01:48:33.991, evaluation result=null]
03-27 01:48:35.264  2354  2354 E TNP     : onNetworkUnneeded: Unable to get phone. phoneId=-1
03-27 01:48:39.451  2354  2354 D TNP     : onNetworkNeeded: Not applied. [NetworkRequest [ REQUEST id=869, [ Capabilities: INTERNET&NOT_RESTRICTED&TRUSTED&NOT_VCN_MANAGED&NOT_BANDWIDTH_CONSTRAINED Uid: 10338 RequestorUid: 10338 RequestorPkg: com.sankuai.meituan UnderlyingNetworks: Null] ], mPriority=0, state=UNSATISFIED, mAttachedDataNetwork=null, created time=01:48:39.451, evaluation result=null]
03-27 01:48:42.798  2354  2354 E TNP     : onNetworkUnneeded: Unable to get phone. phoneId=-1
03-27 01:48:43.781  2354  2354 E TNP     : onNetworkUnneeded: Unable to get phone. phoneId=-1
03-27 01:48:43.956  2354  2354 E TNP     : onNetworkUnneeded: Unable to get phone. phoneId=-1
03-27 01:48:47.106  2354  2354 D TNP     : onNetworkNeeded: Not applied. [NetworkRequest [ REQUEST id=872, [ Capabilities: INTERNET&NOT_RESTRICTED&TRUSTED&NOT_VCN_MANAGED&NOT_BANDWIDTH_CONSTRAINED Uid: 10344 RequestorUid: 10344 RequestorPkg: com.smile.gifmaker UnderlyingNetworks: Null] ], mPriority=0, state=UNSATISFIED, mAttachedDataNetwork=null, created time=01:48:47.102, evaluation result=null]
03-27 01:48:49.024  2354  2354 D TNP     : onNetworkNeeded: Not applied. [NetworkRequest [ REQUEST id=875, [ Capabilities: INTERNET&NOT_RESTRICTED&TRUSTED&NOT_VCN_MANAGED&NOT_BANDWIDTH_CONSTRAINED Uid: 10382 RequestorUid: 10382 RequestorPkg: com.zhihu.android UnderlyingNetworks: Null] ], mPriority=0, state=UNSATISFIED, mAttachedDataNetwork=null, created time=01:48:49.010, evaluation result=null]
03-27 01:49:11.378  2354  2354 E TNP     : onNetworkUnneeded: Unable to get phone. phoneId=-1
03-27 01:49:14.261  2354  2354 D TNP     : onNetworkNeeded: Not applied. [NetworkRequest [ REQUEST id=898, [ Capabilities: INTERNET&NOT_RESTRICTED&TRUSTED&NOT_VCN_MANAGED&NOT_BANDWIDTH_CONSTRAINED Uid: 10347 RequestorUid: 10347 RequestorPkg: com.ss.android.article.news UnderlyingNetworks: Null] ], mPriority=0, state=UNSATISFIED, mAttachedDataNetwork=null, created time=01:49:14.260, evaluation result=null]
03-27 01:49:18.025  2354  2354 E TNP     : onNetworkUnneeded: Unable to get phone. phoneId=-1
03-27 01:49:38.094  2354  2354 E TNP     : onNetworkUnneeded: Unable to get phone. phoneId=-1
03-27 01:49:45.453  2354  2354 D TNP     : onNetworkNeeded: Not applied. [NetworkRequest [ REQUEST id=915, [ Capabilities: INTERNET&NOT_RESTRICTED&TRUSTED&NOT_VCN_MANAGED&NOT_BANDWIDTH_CONSTRAINED Uid: 10386 RequestorUid: 10386 RequestorPkg: com.tencent.mm UnderlyingNetworks: Null] ], mPriority=0, state=UNSATISFIED, mAttachedDataNetwork=null, created time=01:49:45.453, evaluation result=null]
03-27 01:49:47.632  2354  2354 E TNP     : onNetworkUnneeded: Unable to get phone. phoneId=-1
03-27 01:49:48.225  2354  2354 D TNP     : onNetworkNeeded: Not applied. [NetworkRequest [ REQUEST id=919, [ Capabilities: NOT_RESTRICTED&TRUSTED&NOT_VPN&NOT_VCN_MANAGED&NOT_BANDWIDTH_CONSTRAINED Forbidden: LOCAL_NETWORK Uid: 10358 RequestorUid: 10358 RequestorPkg: com.tencent.androidqqmail UnderlyingNetworks: Null] ], mPriority=0, state=UNSATISFIED, mAttachedDataNetwork=null, created time=01:49:48.216, evaluation result=null]
03-27 01:49:48.236  2354  2354 D TNP     : onNetworkNeeded: Not applied. [NetworkRequest [ REQUEST id=921, [ Capabilities: INTERNET&NOT_RESTRICTED&TRUSTED&NOT_VCN_MANAGED&NOT_BANDWIDTH_CONSTRAINED Uid: 10353 RequestorUid: 10353 RequestorPkg: com.ss.android.ugc.livelite UnderlyingNetworks: Null] ], mPriority=0, state=UNSATISFIED, mAttachedDataNetwork=null, created time=01:49:48.236, evaluation result=null]
03-27 01:49:48.274  2354  2354 D TNP     : onNetworkNeeded: Not applied. [NetworkRequest [ REQUEST id=924, [ Capabilities: INTERNET&NOT_RESTRICTED&TRUSTED&NOT_VCN_MANAGED&NOT_BANDWIDTH_CONSTRAINED Uid: 10380 RequestorUid: 10380 RequestorPkg: com.xunmeng.pinduoduo UnderlyingNetworks: Null] ], mPriority=0, state=UNSATISFIED, mAttachedDataNetwork=null, created time=01:49:48.273, evaluation result=null]
03-27 01:49:49.375  2354  2354 D TNP     : onNetworkNeeded: Not applied. [NetworkRequest [ REQUEST id=928, [ Capabilities: INTERNET&NOT_RESTRICTED&TRUSTED&NOT_VCN_MANAGED&NOT_BANDWIDTH_CONSTRAINED Uid: 10358 RequestorUid: 10358 RequestorPkg: com.tencent.androidqqmail UnderlyingNetworks: Null] ], mPriority=0, state=UNSATISFIED, mAttachedDataNetwork=null, created time=01:49:49.375, evaluation result=null]
03-27 01:49:49.471  2354  2354 D TNP     : onNetworkNeeded: Not applied. [NetworkRequest [ REQUEST id=931, [ Capabilities: INTERNET&NOT_RESTRICTED&TRUSTED&NOT_VCN_MANAGED&NOT_BANDWIDTH_CONSTRAINED Uid: 10386 RequestorUid: 10386 RequestorPkg: com.tencent.mm UnderlyingNetworks: Null] ], mPriority=0, state=UNSATISFIED, mAttachedDataNetwork=null, created time=01:49:49.471, evaluation result=null]
03-27 01:49:49.679  2354  2354 E TNP     : onNetworkUnneeded: Unable to get phone. phoneId=-1
03-27 01:49:49.777  2354  2354 E TNP     : onNetworkUnneeded: Unable to get phone. phoneId=-1
03-27 01:49:59.786  2354  2354 E TNP     : onNetworkUnneeded: Unable to get phone. phoneId=-1
03-27 01:50:05.619  2354  2354 D TNP     : onNetworkNeeded: Not applied. [NetworkRequest [ REQUEST id=947, [ Capabilities: INTERNET&NOT_RESTRICTED&TRUSTED&NOT_VCN_MANAGED&NOT_BANDWIDTH_CONSTRAINED Uid: 10330 RequestorUid: 10330 RequestorPkg: com.microsoft.emmx UnderlyingNetworks: Null] ], mPriority=0, state=UNSATISFIED, mAttachedDataNetwork=null, created time=01:50:05.619, evaluation result=null]
03-27 01:50:06.254  2354  2354 D TNP     : onNetworkNeeded: Not applied. [NetworkRequest [ REQUEST id=950, [ Capabilities: INTERNET&NOT_RESTRICTED&TRUSTED&NOT_VCN_MANAGED&NOT_BANDWIDTH_CONSTRAINED Uid: 10330 RequestorUid: 10330 RequestorPkg: com.microsoft.emmx UnderlyingNetworks: Null] ], mPriority=0, state=UNSATISFIED, mAttachedDataNetwork=null, created time=01:50:06.253, evaluation result=null]
03-27 01:50:06.954  2354  2354 D TNP     : onNetworkNeeded: Not applied. [NetworkRequest [ REQUEST id=954, [ Capabilities: INTERNET&NOT_RESTRICTED&TRUSTED&NOT_VCN_MANAGED&NOT_BANDWIDTH_CONSTRAINED Uid: 10348 RequestorUid: 10348 RequestorPkg: com.ss.android.article.video UnderlyingNetworks: Null] ], mPriority=0, state=UNSATISFIED, mAttachedDataNetwork=null, created time=01:50:06.954, evaluation result=null]
03-27 01:50:08.102  2354  2354 D TNP     : onNetworkNeeded: Not applied. [NetworkRequest [ REQUEST id=958, [ Capabilities: INTERNET&NOT_RESTRICTED&TRUSTED&NOT_VCN_MANAGED&NOT_BANDWIDTH_CONSTRAINED Uid: 10352 RequestorUid: 10352 RequestorPkg: com.ss.android.ugc.live UnderlyingNetworks: Null] ], mPriority=0, state=UNSATISFIED, mAttachedDataNetwork=null, created time=01:50:08.090, evaluation result=null]
03-27 01:50:08.239  2354  2354 E TNP     : onNetworkUnneeded: Unable to get phone. phoneId=-1
03-27 01:50:08.923  2354  2354 D TNP     : onNetworkNeeded: Not applied. [NetworkRequest [ REQUEST id=962, [ Capabilities: INTERNET&NOT_RESTRICTED&TRUSTED&NOT_VCN_MANAGED&NOT_BANDWIDTH_CONSTRAINED Uid: 10338 RequestorUid: 10338 RequestorPkg: com.sankuai.meituan UnderlyingNetworks: Null] ], mPriority=0, state=UNSATISFIED, mAttachedDataNetwork=null, created time=01:50:08.922, evaluation result=null]
03-27 01:50:09.517  2354  2354 E TNP     : onNetworkUnneeded: Unable to get phone. phoneId=-1
03-27 01:50:32.016  2354  2354 E TNP     : onNetworkUnneeded: Unable to get phone. phoneId=-1
03-27 01:50:43.603  2354  2354 D TNP     : onNetworkNeeded: Not applied. [NetworkRequest [ REQUEST id=990, [ Capabilities: INTERNET&NOT_RESTRICTED&TRUSTED&NOT_VCN_MANAGED&NOT_BANDWIDTH_CONSTRAINED Uid: 10299 RequestorUid: 10299 RequestorPkg: com.baidu.searchbox UnderlyingNetworks: Null] ], mPriority=0, state=UNSATISFIED, mAttachedDataNetwork=null, created time=01:50:43.603, evaluation result=null]
03-27 01:50:46.234  2354  2354 D TNP     : onNetworkNeeded: Not applied. [NetworkRequest [ REQUEST id=993, [ Capabilities: INTERNET&NOT_RESTRICTED&TRUSTED&NOT_VCN_MANAGED&NOT_BANDWIDTH_CONSTRAINED Uid: 10338 RequestorUid: 10338 RequestorPkg: com.sankuai.meituan UnderlyingNetworks: Null] ], mPriority=0, state=UNSATISFIED, mAttachedDataNetwork=null, created time=01:50:46.234, evaluation result=null]
03-27 01:50:46.277  2354  2354 D TNP     : onNetworkNeeded: Not applied. [NetworkRequest [ REQUEST id=994, [ Capabilities: NOT_RESTRICTED&TRUSTED&NOT_VPN&NOT_VCN_MANAGED&NOT_BANDWIDTH_CONSTRAINED Forbidden: LOCAL_NETWORK Uid: 10358 RequestorUid: 10358 RequestorPkg: com.tencent.androidqqmail UnderlyingNetworks: Null] ], mPriority=0, state=UNSATISFIED, mAttachedDataNetwork=null, created time=01:50:46.277, evaluation result=null]
03-27 01:50:52.336  2354  2354 D TNP     : onNetworkNeeded: Not applied. [NetworkRequest [ REQUEST id=1000, [ Capabilities: INTERNET&NOT_RESTRICTED&TRUSTED&NOT_VCN_MANAGED&NOT_BANDWIDTH_CONSTRAINED Uid: 10331 RequestorUid: 10331 RequestorPkg: com.moji.mjweather UnderlyingNetworks: Null] ], mPriority=0, state=UNSATISFIED, mAttachedDataNetwork=null, created time=01:50:52.336, evaluation result=null]
03-27 01:50:53.658  2354  2354 D TNP     : onNetworkNeeded: Not applied. [NetworkRequest [ REQUEST id=1006, [ Capabilities: INTERNET&NOT_RESTRICTED&TRUSTED&NOT_VCN_MANAGED&NOT_BANDWIDTH_CONSTRAINED Uid: 10382 RequestorUid: 10382 RequestorPkg: com.zhihu.android UnderlyingNetworks: Null] ], mPriority=0, state=UNSATISFIED, mAttachedDataNetwork=null, created time=01:50:53.657, evaluation result=null]
03-27 01:50:54.309  2354  2354 D TNP     : onNetworkNeeded: Not applied. [NetworkRequest [ REQUEST id=1009, [ Capabilities: INTERNET&NOT_RESTRICTED&TRUSTED&NOT_VCN_MANAGED&NOT_BANDWIDTH_CONSTRAINED Uid: 10350 RequestorUid: 10350 RequestorPkg: com.ss.android.ugc.aweme UnderlyingNetworks: Null] ], mPriority=0, state=UNSATISFIED, mAttachedDataNetwork=null, created time=01:50:54.309, evaluation result=null]
03-27 01:50:55.267  2354  2354 D TNP     : onNetworkNeeded: Not applied. [NetworkRequest [ REQUEST id=1013, [ Capabilities: INTERNET&NOT_RESTRICTED&TRUSTED&NOT_VCN_MANAGED&NOT_BANDWIDTH_CONSTRAINED Uid: 10380 RequestorUid: 10380 RequestorPkg: com.xunmeng.pinduoduo UnderlyingNetworks: Null] ], mPriority=0, state=UNSATISFIED, mAttachedDataNetwork=null, created time=01:50:55.266, evaluation result=null]
03-27 01:50:55.865  2354  2354 E TNP     : onNetworkUnneeded: Unable to get phone. phoneId=-1
03-27 01:50:56.781  2354  2354 D TNP     : onNetworkNeeded: Not applied. [NetworkRequest [ REQUEST id=1018, [ Capabilities: INTERNET&NOT_RESTRICTED&TRUSTED&NOT_VCN_MANAGED&NOT_BANDWIDTH_CONSTRAINED Uid: 10348 RequestorUid: 10348 RequestorPkg: com.ss.android.article.video UnderlyingNetworks: Null] ], mPriority=0, state=UNSATISFIED, mAttachedDataNetwork=null, created time=01:50:56.781, evaluation result=null]
03-27 01:50:59.305  2354  2354 D TNP     : onNetworkNeeded: Not applied. [NetworkRequest [ REQUEST id=1022, [ Capabilities: INTERNET&NOT_RESTRICTED&TRUSTED&NOT_VCN_MANAGED&NOT_BANDWIDTH_CONSTRAINED Uid: 10366 RequestorUid: 10366 RequestorPkg: com.tencent.qqlive UnderlyingNetworks: Null] ], mPriority=0, state=UNSATISFIED, mAttachedDataNetwork=null, created time=01:50:59.305, evaluation result=null]
03-27 01:51:00.628  2354  2354 D RILJ    : [0076]> GET_ACTIVITY_INFO [PHONE0]
03-27 01:51:01.695  2354  2354 E TNP     : onNetworkUnneeded: Unable to get phone. phoneId=-1
03-27 01:51:01.723  2354  2354 E TNP     : onNetworkUnneeded: Unable to get phone. phoneId=-1
03-27 01:51:01.723  2354  2354 E TNP     : onNetworkUnneeded: Unable to get phone. phoneId=-1
03-27 01:51:07.265  2354  2354 D TNP     : onNetworkNeeded: Not applied. [NetworkRequest [ REQUEST id=1032, [ Capabilities: INTERNET&NOT_RESTRICTED&TRUSTED&NOT_VCN_MANAGED&NOT_BANDWIDTH_CONSTRAINED Uid: 10347 RequestorUid: 10347 RequestorPkg: com.ss.android.article.news UnderlyingNetworks: Null] ], mPriority=0, state=UNSATISFIED, mAttachedDataNetwork=null, created time=01:51:07.264, evaluation result=null]
03-27 01:51:11.866  2354  2354 E TNP     : onNetworkUnneeded: Unable to get phone. phoneId=-1
03-27 01:51:12.140  2354  2354 E TNP     : onNetworkUnneeded: Unable to get phone. phoneId=-1
03-27 01:51:12.140  2354  2354 E TNP     : onNetworkUnneeded: Unable to get phone. phoneId=-1
03-27 01:51:12.141  2354  2354 E TNP     : onNetworkUnneeded: Unable to get phone. phoneId=-1
03-27 01:51:13.981  2354  2354 D TNP     : onNetworkNeeded: Not applied. [NetworkRequest [ REQUEST id=1035, [ Capabilities: INTERNET&NOT_RESTRICTED&TRUSTED&NOT_VCN_MANAGED&NOT_BANDWIDTH_CONSTRAINED Uid: 10338 RequestorUid: 10338 RequestorPkg: com.sankuai.meituan UnderlyingNetworks: Null] ], mPriority=0, state=UNSATISFIED, mAttachedDataNetwork=null, created time=01:51:13.980, evaluation result=null]
03-27 01:51:14.118  2354  2354 D TNP     : onNetworkNeeded: Not applied. [NetworkRequest [ REQUEST id=1037, [ Capabilities: INTERNET&NOT_RESTRICTED&TRUSTED&NOT_VCN_MANAGED&NOT_BANDWIDTH_CONSTRAINED Uid: 10351 RequestorUid: 10351 RequestorPkg: com.ss.android.ugc.aweme.lite UnderlyingNetworks: Null] ], mPriority=0, state=UNSATISFIED, mAttachedDataNetwork=null, created time=01:51:14.118, evaluation result=null]
03-27 01:51:14.219  2354  2354 E TNP     : onNetworkUnneeded: Unable to get phone. phoneId=-1
03-27 01:51:17.853  2354  2354 D TNP     : onNetworkNeeded: Not applied. [NetworkRequest [ REQUEST id=1041, [ Capabilities: INTERNET&NOT_RESTRICTED&TRUSTED&NOT_VCN_MANAGED&NOT_BANDWIDTH_CONSTRAINED Uid: 10332 RequestorUid: 10332 RequestorPkg: com.netease.cloudmusic UnderlyingNetworks: Null] ], mPriority=0, state=UNSATISFIED, mAttachedDataNetwork=null, created time=01:51:17.853, evaluation result=null]
03-27 01:51:18.146  2354  2354 E TNP     : onNetworkUnneeded: Unable to get phone. phoneId=-1
03-27 01:51:18.344  2354  2354 E TNP     : onNetworkUnneeded: Unable to get phone. phoneId=-1
03-27 01:51:18.377  2354  2354 E TNP     : onNetworkUnneeded: Unable to get phone. phoneId=-1
03-27 01:51:19.070  2354  2354 D TNP     : onNetworkNeeded: Not applied. [NetworkRequest [ REQUEST id=1043, [ Capabilities: INTERNET&NOT_RESTRICTED&TRUSTED&NOT_VCN_MANAGED&NOT_BANDWIDTH_CONSTRAINED Uid: 10328 RequestorUid: 10328 RequestorPkg: com.luna.music UnderlyingNetworks: Null] ], mPriority=0, state=UNSATISFIED, mAttachedDataNetwork=null, created time=01:51:19.069, evaluation result=null]
03-27 01:51:20.575  2354  2354 E TNP     : onNetworkUnneeded: Unable to get phone. phoneId=-1
03-27 01:51:20.630  2354  2354 E TNP     : onNetworkUnneeded: Unable to get phone. phoneId=-1
03-27 01:51:20.633  2354  2354 E TNP     : onNetworkUnneeded: Unable to get phone. phoneId=-1
03-27 01:51:21.452  2354  2354 E TNP     : onNetworkUnneeded: Unable to get phone. phoneId=-1
03-27 01:51:29.256  2354  2354 D TNP     : onNetworkNeeded: Not applied. [NetworkRequest [ REQUEST id=1053, [ Capabilities: INTERNET&NOT_RESTRICTED&TRUSTED&NOT_VCN_MANAGED&NOT_BANDWIDTH_CONSTRAINED Uid: 10352 RequestorUid: 10352 RequestorPkg: com.ss.android.ugc.live UnderlyingNetworks: Null] ], mPriority=0, state=UNSATISFIED, mAttachedDataNetwork=null, created time=01:51:29.256, evaluation result=null]
03-27 01:51:30.247  2354  2354 E TNP     : onNetworkUnneeded: Unable to get phone. phoneId=-1
03-27 01:51:49.405  2354  2354 D TNP     : onNetworkNeeded: Not applied. [NetworkRequest [ REQUEST id=1073, [ Capabilities: INTERNET&NOT_RESTRICTED&TRUSTED&NOT_VCN_MANAGED&NOT_BANDWIDTH_CONSTRAINED Uid: 10365 RequestorUid: 10365 RequestorPkg: com.tencent.news UnderlyingNetworks: Null] ], mPriority=0, state=UNSATISFIED, mAttachedDataNetwork=null, created time=01:51:49.405, evaluation result=null]
03-27 01:51:52.152  2354  2354 D RILJ    : [0077]> GET_CELL_INFO_LIST [PHONE0]
03-27 01:52:05.284  2354  2354 D TNP     : onNetworkNeeded: Not applied. [NetworkRequest [ REQUEST id=1086, [ Capabilities: INTERNET&NOT_RESTRICTED&TRUSTED&NOT_VCN_MANAGED&NOT_BANDWIDTH_CONSTRAINED Uid: 10351 RequestorUid: 10351 RequestorPkg: com.ss.android.ugc.aweme.lite UnderlyingNetworks: Null] ], mPriority=0, state=UNSATISFIED, mAttachedDataNetwork=null, created time=01:52:05.273, evaluation result=null]
03-27 01:52:08.719  2354  2354 E TNP     : onNetworkUnneeded: Unable to get phone. phoneId=-1
03-27 01:52:14.540  2354  2354 D TNP     : onNetworkNeeded: Not applied. [NetworkRequest [ REQUEST id=1093, [ Capabilities: INTERNET&NOT_RESTRICTED&TRUSTED&NOT_VCN_MANAGED&NOT_BANDWIDTH_CONSTRAINED Uid: 10352 RequestorUid: 10352 RequestorPkg: com.ss.android.ugc.live UnderlyingNetworks: Null] ], mPriority=0, state=UNSATISFIED, mAttachedDataNetwork=null, created time=01:52:14.540, evaluation result=null]
03-27 01:52:18.460  2354  2354 D TNP     : onNetworkNeeded: Not applied. [NetworkRequest [ REQUEST id=1096, [ Capabilities: INTERNET&NOT_RESTRICTED&TRUSTED&NOT_VCN_MANAGED&NOT_BANDWIDTH_CONSTRAINED Uid: 10350 RequestorUid: 10350 RequestorPkg: com.ss.android.ugc.aweme UnderlyingNetworks: Null] ], mPriority=0, state=UNSATISFIED, mAttachedDataNetwork=null, created time=01:52:18.460, evaluation result=null]
03-27 01:53:12.212  2354  2354 D TNP     : onNetworkNeeded: Not applied. [NetworkRequest [ REQUEST id=1104, [ Capabilities: INTERNET&NOT_RESTRICTED&TRUSTED&NOT_VCN_MANAGED&NOT_BANDWIDTH_CONSTRAINED Uid: 10237 RequestorUid: 10237 RequestorPkg: com.google.android.apps.pixel.dcservice UnderlyingNetworks: Null] ], mPriority=0, state=UNSATISFIED, mAttachedDataNetwork=null, created time=01:53:12.212, evaluation result=null]
03-27 01:53:12.362  2354  2354 D TNP     : onNetworkNeeded: Not applied. [NetworkRequest [ REQUEST id=1107, [ Transports: SATELLITE Capabilities: INTERNET&TRUSTED&NOT_VCN_MANAGED Uid: 10175 RequestorUid: 10175 RequestorPkg: com.google.android.apps.messaging UnderlyingNetworks: Null] ], mPriority=0, state=UNSATISFIED, mAttachedDataNetwork=null, created time=01:53:12.362, evaluation result=null]
03-27 01:53:13.215  2354  2354 D TNP     : onNetworkNeeded: Not applied. [NetworkRequest [ REQUEST id=1109, [ Capabilities: INTERNET&NOT_RESTRICTED&TRUSTED&NOT_VCN_MANAGED&NOT_BANDWIDTH_CONSTRAINED Uid: 10324 RequestorUid: 10324 RequestorPkg: com.kuaishou.nebula UnderlyingNetworks: Null] ], mPriority=0, state=UNSATISFIED, mAttachedDataNetwork=null, created time=01:53:13.214, evaluation result=null]
03-27 01:53:14.898  2354  2354 D TNP     : onNetworkNeeded: Not applied. [NetworkRequest [ REQUEST id=1112, [ Capabilities: INTERNET&NOT_RESTRICTED&TRUSTED&NOT_VCN_MANAGED&NOT_BANDWIDTH_CONSTRAINED Uid: 10324 RequestorUid: 10324 RequestorPkg: com.kuaishou.nebula UnderlyingNetworks: Null] ], mPriority=0, state=UNSATISFIED, mAttachedDataNetwork=null, created time=01:53:14.898, evaluation result=null]
03-27 01:53:40.357  2354  2354 D RILJ    : [0079]> GET_CELL_INFO_LIST [PHONE0]
03-27 01:53:40.358  1180  1265 D RILC    : getCellInfoList_1_6: serial 79
03-27 01:53:40.358  1180  1265 I RILC-CommandInfo: getCommandInfo not found(request=109 halVer=16)
03-27 01:53:40.358  1180  1265 I RILC-CommandInfo: getCommandInfo found {request=109 halVer=16}
03-27 01:53:40.405  1180  1280 D RILC    : RequestComplete, RIL_SOCKET_1
03-27 01:53:40.405  1180  1280 E RILC    : Calling responseFunction() for token 79
03-27 01:53:40.405  1180  1280 D RILC    : radio::getCellInfoListResponse_1_6: serial 79
03-27 01:53:40.405  1180  1280 D RILC-HIDL: HidlHalNetworkResponse_1_6::getCellInfoListResponse_1_6: serial 79
03-27 01:53:40.411  2354  2503 D RILJ    : [0079]< GET_CELL_INFO_LIST [CellInfoLte:{mRegistered=YES mTimeStamp=1960513995829ns mCellConnectionStatus=1 CellIdentityLte:{ mCi=[****] mPci=[****] mTac=[****] mEarfcn=[****] mBands=[40] mBandwidth=20000 mMcc=460 mMnc=00 mAlphaLong= mAlphaShort= mAdditionalPlmns={} mCsgInfo=null} CellSignalStrengthLte: rssi=2147483647 rsrp=-59 rsrq=-3 rssnr=26 cqiTableIndex=2147483647 cqi=2147483647 ta=0 level=4 parametersUseForLevel=1 android.telephony.CellConfigLte :{ isEndcAvailable = false }}] [PHONE0]
03-27 01:53:40.413  2354  2354 D LocaleTracker-0: processCellInfo: cell info=[CellInfoLte:{mRegistered=YES mTimeStamp=1960513995829ns mCellConnectionStatus=1 CellIdentityLte:{ mCi=[****] mPci=[****] mTac=[****] mEarfcn=[****] mBands=[40] mBandwidth=20000 mMcc=460 mMnc=00 mAlphaLong= mAlphaShort= mAdditionalPlmns={} mCsgInfo=null} CellSignalStrengthLte: rssi=2147483647 rsrp=-59 rsrq=-3 rssnr=26 cqiTableIndex=2147483647 cqi=2147483647 ta=0 level=4 parametersUseForLevel=1 android.telephony.CellConfigLte :{ isEndcAvailable = false }}]
03-27 01:53:40.415  2354  2354 D LocaleTracker-0: updateLocale: countryIso = cn, countryIsoDebugInfo = OperatorNumeric(46000): MccTable.geoCountryCodeForMccMnc("MccMnc{mcc='460', mnc='00'}")
03-27 01:53:40.416  2354  2354 D LocaleTracker-0: updateLocale: timeZoneCountryIso = cn, timeZoneCountryIsoDebugInfo = OperatorNumeric(46000): MccTable.geoCountryCodeForMccMnc("MccMnc{mcc='460', mnc='00'}")
03-27 01:53:40.416  2354  2354 D NitzStateMachineImpl: handleCountryDetected: countryIsoCode=cn, mLatestNitzSignal=null
03-27 01:53:50.360  2354  2354 D RILJ    : [0080]> GET_CELL_INFO_LIST [PHONE0]
03-27 01:53:50.360  1180  1265 D RILC    : getCellInfoList_1_6: serial 80
03-27 01:53:50.360  1180  1265 I RILC-CommandInfo: getCommandInfo not found(request=109 halVer=16)
03-27 01:53:50.360  1180  1265 I RILC-CommandInfo: getCommandInfo found {request=109 halVer=16}
03-27 01:53:50.406  1180  1280 D RILC    : RequestComplete, RIL_SOCKET_1
03-27 01:53:50.406  1180  1280 E RILC    : Calling responseFunction() for token 80
03-27 01:53:50.406  1180  1280 D RILC    : radio::getCellInfoListResponse_1_6: serial 80
03-27 01:53:50.406  1180  1280 D RILC-HIDL: HidlHalNetworkResponse_1_6::getCellInfoListResponse_1_6: serial 80
03-27 01:53:50.407  2354  2503 D RILJ    : [0080]< GET_CELL_INFO_LIST [CellInfoLte:{mRegistered=YES mTimeStamp=1970513175033ns mCellConnectionStatus=1 CellIdentityLte:{ mCi=[****] mPci=[****] mTac=[****] mEarfcn=[****] mBands=[40] mBandwidth=20000 mMcc=460 mMnc=00 mAlphaLong= mAlphaShort= mAdditionalPlmns={} mCsgInfo=null} CellSignalStrengthLte: rssi=2147483647 rsrp=-63 rsrq=-4 rssnr=23 cqiTableIndex=2147483647 cqi=2147483647 ta=0 level=4 parametersUseForLevel=1 android.telephony.CellConfigLte :{ isEndcAvailable = false }}] [PHONE0]
03-27 01:53:50.409  2354  2354 D LocaleTracker-0: processCellInfo: cell info=[CellInfoLte:{mRegistered=YES mTimeStamp=1970513175033ns mCellConnectionStatus=1 CellIdentityLte:{ mCi=[****] mPci=[****] mTac=[****] mEarfcn=[****] mBands=[40] mBandwidth=20000 mMcc=460 mMnc=00 mAlphaLong= mAlphaShort= mAdditionalPlmns={} mCsgInfo=null} CellSignalStrengthLte: rssi=2147483647 rsrp=-63 rsrq=-4 rssnr=23 cqiTableIndex=2147483647 cqi=2147483647 ta=0 level=4 parametersUseForLevel=1 android.telephony.CellConfigLte :{ isEndcAvailable = false }}]
03-27 01:53:50.409  2354  2354 D LocaleTracker-0: updateLocale: countryIso = cn, countryIsoDebugInfo = OperatorNumeric(46000): MccTable.geoCountryCodeForMccMnc("MccMnc{mcc='460', mnc='00'}")
03-27 01:53:50.409  2354  2354 D LocaleTracker-0: updateLocale: timeZoneCountryIso = cn, timeZoneCountryIsoDebugInfo = OperatorNumeric(46000): MccTable.geoCountryCodeForMccMnc("MccMnc{mcc='460', mnc='00'}")
03-27 01:53:50.409  2354  2354 D NitzStateMachineImpl: handleCountryDetected: countryIsoCode=cn, mLatestNitzSignal=null
03-27 01:53:50.444  1539  1849 D TelephonyRegistry: listen oscl: mHasNotifySubscriptionInfoChangedOccurred==false no callback
03-27 01:53:50.444  1539  2179 D TelephonyRegistry: listen oscl: mHasNotifySubscriptionInfoChangedOccurred==false no callback
03-27 01:53:50.446  1539  2179 D TelephonyRegistry: listen oscl: mHasNotifySubscriptionInfoChangedOccurred==false no callback
03-27 01:53:51.490  2354  2354 D TNP     : onNetworkNeeded: Not applied. [NetworkRequest [ REQUEST id=1118, [ Transports: SATELLITE Capabilities: INTERNET&NOT_RESTRICTED&TRUSTED&NOT_VCN_MANAGED Uid: 10180 RequestorUid: 10180 RequestorPkg: com.google.android.gms UnderlyingNetworks: Null] ], mPriority=0, state=UNSATISFIED, mAttachedDataNetwork=null, created time=01:53:51.490, evaluation result=null]
03-27 01:53:53.007  2354  2354 D TNP     : onNetworkNeeded: Not applied. [NetworkRequest [ REQUEST id=1122, [ Transports: SATELLITE Capabilities: INTERNET&TRUSTED&NOT_VCN_MANAGED Uid: 10175 RequestorUid: 10175 RequestorPkg: com.google.android.apps.messaging UnderlyingNetworks: Null] ], mPriority=0, state=UNSATISFIED, mAttachedDataNetwork=null, created time=01:53:53.006, evaluation result=null]
03-27 02:00:00.615  2354  2354 D RILJ    : [0081]> GET_ACTIVITY_INFO [PHONE0]
03-27 02:00:00.617  1180  1265 D RILC    : getModemActivityInfo: serial 81
03-27 02:00:00.617  1180  1265 I RILC-CommandInfo: getCommandInfo not found(request=135 halVer=00)
03-27 02:00:00.617  1180  1265 I RILC-CommandInfo: getCommandInfo found {request=135 halVer=00}
03-27 02:00:00.664  1180  1279 D RILC    : RequestComplete, RIL_SOCKET_1
03-27 02:00:00.664  1180  1279 E RILC    : Calling responseFunction() for token 81
03-27 02:00:00.664  1180  1279 D RILC    : radio::getModemActivityInfoResponse: serial 81
03-27 02:00:00.665  2354  2503 D RILJ    : [0081]< GET_ACTIVITY_INFO ModemActivityInfo{ mTimestamp=2340771 mSleepTimeMs=530219 mIdleTimeMs=3803 mActivityStatsTechSpecificInfo=[{mRat=UNKNOWN,mFrequencyRange=UNKNOWN,mTxTimeMs[]=[0, 0, 0, 0, 0],mRxTimeMs=5896}]} [PHONE0]
03-27 02:00:01.048  2354  2354 D RILJ    : [0082]> GET_ACTIVITY_INFO [PHONE0]
03-27 02:00:01.048  1180  1265 D RILC    : getModemActivityInfo: serial 82
03-27 02:00:01.048  1180  1265 I RILC-CommandInfo: getCommandInfo not found(request=135 halVer=00)
03-27 02:00:01.048  1180  1265 I RILC-CommandInfo: getCommandInfo found {request=135 halVer=00}
03-27 02:00:01.096  1180  1279 D RILC    : RequestComplete, RIL_SOCKET_1
03-27 02:00:01.096  1180  1279 E RILC    : Calling responseFunction() for token 82
03-27 02:00:01.096  1180  1279 D RILC    : radio::getModemActivityInfoResponse: serial 82
03-27 02:00:01.098  2354  2503 D RILJ    : [0082]< GET_ACTIVITY_INFO ModemActivityInfo{ mTimestamp=2341204 mSleepTimeMs=281 mIdleTimeMs=152 mActivityStatsTechSpecificInfo=[{mRat=UNKNOWN,mFrequencyRange=UNKNOWN,mTxTimeMs[]=[0, 0, 0, 0, 0],mRxTimeMs=0}]} [PHONE0]
03-27 02:00:01.132  2354  2354 D RILJ    : [0083]> GET_ACTIVITY_INFO [PHONE0]
03-27 02:00:01.133  1180  1265 D RILC    : getModemActivityInfo: serial 83
03-27 02:00:01.133  1180  1265 I RILC-CommandInfo: getCommandInfo not found(request=135 halVer=00)
03-27 02:00:01.133  1180  1265 I RILC-CommandInfo: getCommandInfo found {request=135 halVer=00}
03-27 02:00:01.139  1180  1279 D RILC    : RequestComplete, RIL_SOCKET_1
03-27 02:00:01.140  1180  1279 E RILC    : Calling responseFunction() for token 83
03-27 02:00:01.140  1180  1279 D RILC    : radio::getModemActivityInfoResponse: serial 83
03-27 02:00:01.140  2354  2503 D RILJ    : [0083]< GET_ACTIVITY_INFO ModemActivityInfo{ mTimestamp=2341246 mSleepTimeMs=0 mIdleTimeMs=43 mActivityStatsTechSpecificInfo=[{mRat=UNKNOWN,mFrequencyRange=UNKNOWN,mTxTimeMs[]=[0, 0, 0, 0, 0],mRxTimeMs=0}]} [PHONE0]
03-27 02:00:15.184  2354  2354 D TNP     : onNetworkNeeded: Not applied. [NetworkRequest [ REQUEST id=1125, [ Capabilities: INTERNET&NOT_RESTRICTED&TRUSTED&NOT_VCN_MANAGED&NOT_BANDWIDTH_CONSTRAINED Uid: 10159 RequestorUid: 10159 RequestorPkg: com.google.android.googlequicksearchbox UnderlyingNetworks: Null] ], mPriority=0, state=UNSATISFIED, mAttachedDataNetwork=null, created time=02:00:15.183, evaluation result=null]
03-27 02:00:15.435  2354  2354 D TNP     : onNetworkNeeded: Not applied. [NetworkRequest [ REQUEST id=1127, [ Capabilities: INTERNET&NOT_RESTRICTED&TRUSTED&NOT_VCN_MANAGED&NOT_BANDWIDTH_CONSTRAINED Uid: 10219 RequestorUid: 10219 RequestorPkg: com.google.android.apps.photos UnderlyingNetworks: Null] ], mPriority=0, state=UNSATISFIED, mAttachedDataNetwork=null, created time=02:00:15.434, evaluation result=null]
03-27 02:02:33.627  2354  2354 D RILJ    : [0084]> GET_ACTIVITY_INFO [PHONE0]
03-27 02:02:33.628  1180  1265 D RILC    : getModemActivityInfo: serial 84
03-27 02:02:33.628  1180  1265 I RILC-CommandInfo: getCommandInfo not found(request=135 halVer=00)
03-27 02:02:33.628  1180  1265 I RILC-CommandInfo: getCommandInfo found {request=135 halVer=00}
03-27 02:02:33.675  1180  1279 D RILC    : RequestComplete, RIL_SOCKET_1
03-27 02:02:33.675  1180  1279 E RILC    : Calling responseFunction() for token 84
03-27 02:02:33.675  1180  1279 D RILC    : radio::getModemActivityInfoResponse: serial 84
03-27 02:02:33.676  2354  2503 D RILJ    : [0084]< GET_ACTIVITY_INFO ModemActivityInfo{ mTimestamp=2493782 mSleepTimeMs=149843 mIdleTimeMs=1075 mActivityStatsTechSpecificInfo=[{mRat=UNKNOWN,mFrequencyRange=UNKNOWN,mTxTimeMs[]=[0, 0, 0, 0, 0],mRxTimeMs=1616}]} [PHONE0]
03-27 02:03:50.430  2354  2354 D RILJ    : [0085]> GET_CELL_INFO_LIST [PHONE0]
03-27 02:03:50.431  1180  1265 D RILC    : getCellInfoList_1_6: serial 85
03-27 02:03:50.432  1180  1265 I RILC-CommandInfo: getCommandInfo not found(request=109 halVer=16)
03-27 02:03:50.432  1180  1265 I RILC-CommandInfo: getCommandInfo found {request=109 halVer=16}
03-27 02:03:50.482  1180  1280 D RILC    : RequestComplete, RIL_SOCKET_1
03-27 02:03:50.482  1180  1280 E RILC    : Calling responseFunction() for token 85
03-27 02:03:50.482  1180  1280 D RILC    : radio::getCellInfoListResponse_1_6: serial 85
03-27 02:03:50.482  1180  1280 D RILC-HIDL: HidlHalNetworkResponse_1_6::getCellInfoListResponse_1_6: serial 85
03-27 02:03:50.486  2354  2503 D RILJ    : [0085]< GET_CELL_INFO_LIST [CellInfoLte:{mRegistered=YES mTimeStamp=2570591227165ns mCellConnectionStatus=1 CellIdentityLte:{ mCi=[****] mPci=[****] mTac=[****] mEarfcn=[****] mBands=[40] mBandwidth=20000 mMcc=460 mMnc=00 mAlphaLong= mAlphaShort= mAdditionalPlmns={} mCsgInfo=null} CellSignalStrengthLte: rssi=2147483647 rsrp=-58 rsrq=-3 rssnr=24 cqiTableIndex=2147483647 cqi=2147483647 ta=0 level=4 parametersUseForLevel=1 android.telephony.CellConfigLte :{ isEndcAvailable = false }}] [PHONE0]
03-27 02:03:50.490  2354  2354 D LocaleTracker-0: processCellInfo: cell info=[CellInfoLte:{mRegistered=YES mTimeStamp=2570591227165ns mCellConnectionStatus=1 CellIdentityLte:{ mCi=[****] mPci=[****] mTac=[****] mEarfcn=[****] mBands=[40] mBandwidth=20000 mMcc=460 mMnc=00 mAlphaLong= mAlphaShort= mAdditionalPlmns={} mCsgInfo=null} CellSignalStrengthLte: rssi=2147483647 rsrp=-58 rsrq=-3 rssnr=24 cqiTableIndex=2147483647 cqi=2147483647 ta=0 level=4 parametersUseForLevel=1 android.telephony.CellConfigLte :{ isEndcAvailable = false }}]
03-27 02:03:50.490  2354  2354 D LocaleTracker-0: updateLocale: countryIso = cn, countryIsoDebugInfo = OperatorNumeric(46000): MccTable.geoCountryCodeForMccMnc("MccMnc{mcc='460', mnc='00'}")
03-27 02:03:50.490  2354  2354 D LocaleTracker-0: updateLocale: timeZoneCountryIso = cn, timeZoneCountryIsoDebugInfo = OperatorNumeric(46000): MccTable.geoCountryCodeForMccMnc("MccMnc{mcc='460', mnc='00'}")
03-27 02:03:50.490  2354  2354 D NitzStateMachineImpl: handleCountryDetected: countryIsoCode=cn, mLatestNitzSignal=null
03-27 02:04:53.383  2354  2354 D RILJ    : [0086]> GET_CELL_INFO_LIST [PHONE0]
03-27 02:04:53.383  1180  1265 D RILC    : getCellInfoList_1_6: serial 86
03-27 02:04:53.383  1180  1265 I RILC-CommandInfo: getCommandInfo not found(request=109 halVer=16)
03-27 02:04:53.383  1180  1265 I RILC-CommandInfo: getCommandInfo found {request=109 halVer=16}
03-27 02:04:53.438  1180  1280 D RILC    : RequestComplete, RIL_SOCKET_1
03-27 02:04:53.438  1180  1280 E RILC    : Calling responseFunction() for token 86
03-27 02:04:53.438  1180  1280 D RILC    : radio::getCellInfoListResponse_1_6: serial 86
03-27 02:04:53.438  1180  1280 D RILC-HIDL: HidlHalNetworkResponse_1_6::getCellInfoListResponse_1_6: serial 86
03-27 02:04:53.439  2354  2503 D RILJ    : [0086]< GET_CELL_INFO_LIST [CellInfoLte:{mRegistered=YES mTimeStamp=2633545555646ns mCellConnectionStatus=1 CellIdentityLte:{ mCi=[****] mPci=[****] mTac=[****] mEarfcn=[****] mBands=[40] mBandwidth=20000 mMcc=460 mMnc=00 mAlphaLong= mAlphaShort= mAdditionalPlmns={} mCsgInfo=null} CellSignalStrengthLte: rssi=2147483647 rsrp=-58 rsrq=-3 rssnr=25 cqiTableIndex=2147483647 cqi=2147483647 ta=0 level=4 parametersUseForLevel=1 android.telephony.CellConfigLte :{ isEndcAvailable = false }}] [PHONE0]
03-27 02:04:53.441  2354  2354 D LocaleTracker-0: processCellInfo: cell info=[CellInfoLte:{mRegistered=YES mTimeStamp=2633545555646ns mCellConnectionStatus=1 CellIdentityLte:{ mCi=[****] mPci=[****] mTac=[****] mEarfcn=[****] mBands=[40] mBandwidth=20000 mMcc=460 mMnc=00 mAlphaLong= mAlphaShort= mAdditionalPlmns={} mCsgInfo=null} CellSignalStrengthLte: rssi=2147483647 rsrp=-58 rsrq=-3 rssnr=25 cqiTableIndex=2147483647 cqi=2147483647 ta=0 level=4 parametersUseForLevel=1 android.telephony.CellConfigLte :{ isEndcAvailable = false }}]
03-27 02:04:53.441  2354  2354 D LocaleTracker-0: updateLocale: countryIso = cn, countryIsoDebugInfo = OperatorNumeric(46000): MccTable.geoCountryCodeForMccMnc("MccMnc{mcc='460', mnc='00'}")
03-27 02:04:53.441  2354  2354 D LocaleTracker-0: updateLocale: timeZoneCountryIso = cn, timeZoneCountryIsoDebugInfo = OperatorNumeric(46000): MccTable.geoCountryCodeForMccMnc("MccMnc{mcc='460', mnc='00'}")
03-27 02:04:53.441  2354  2354 D NitzStateMachineImpl: handleCountryDetected: countryIsoCode=cn, mLatestNitzSignal=null
03-27 02:08:40.450  2221  2291 D GRIL-WifiExt-Aidl: SAR Scenario Changed to scenario: 4
03-27 02:08:40.454   976  1006 I GRIL-OEM: Sending updated bluetooth AFH mask
03-27 02:08:40.459   976  1006 E GRIL-OEM: No IBTChannelAvoidance implementation
03-27 02:08:40.462   976  1006 I SIT-OEM : Type: REQUEST MSG: device_state_message(11) Token: 0x0006 
03-27 02:08:40.462   976  1006 D SIT-OEM : Raw (idx=0~32): 0801150b0000001d060000005a390a3708021001180120012801300138024202
03-27 02:08:40.462   976  1006 D SIT-OEM : Raw (idx=32~64): 010148025001580060006801700078800180018001880100900100980100a001
03-27 02:08:40.462   976  1006 D SIT-OEM : Raw (idx=64~71): 01b80100c00101
03-27 02:08:40.506   976   995 I SIT-OEM : Type: RESPONSE MSG: device_state_message(11) Token: 0x0006 Result: SUCCESS(0)
03-27 02:08:40.506   976   995 D SIT-OEM : Raw (idx=0~18): 0802150b0000001d0600000020005a021200
03-27 02:08:40.506   976  1006 D SIT-OEM : Token 6 take 0.044378 second
03-27 02:08:40.506   976  1006 D SIT-OEM : Remove Request Token=0x0006 in Record
03-27 02:08:43.989   976  1006 I GRIL-OEM: Sending updated bluetooth AFH mask
