--------- beginning of radio
03-27 01:21:12.378   976   976 I GRIL-H  : Radio Ext HAL Service 1.0 with HAL v1.3 is starting.
03-27 01:21:12.378   976   976 I GRIL-H  : RadioExt Initialize frequency arrays at start
03-27 01:21:12.379   976   992 D SIT-OEM : Modem IO: /dev/oem_ipc0
03-27 01:21:12.380   976   992 I SIT-OEM : ModemDataTransmitter Thread Start
03-27 01:21:12.380   976   992 I SIT-OEM : Indication Read Thread Start
03-27 01:21:12.380   976   992 I GRIL-OEM: oem available
03-27 01:21:12.380   976   995 I SIT-OEM : Start IO channel reader procedure
03-27 01:21:12.380   976   995 I SIT-OEM : opened [6,/dev/oem_ipc0].
03-27 01:21:12.386   976   996 I SIT-OEM : Start Indication Queue reader procedure
03-27 01:21:12.392   976   994 D SIT-OEM : [pollModemState] oldState=-1 newState=0
03-27 01:21:12.392   976   994 D SIT-OEM : MODEM STATUS : STATE_BOOTING
03-27 01:21:12.430   976   976 I GRIL-H  : RadioExt Service is ready
03-27 01:21:13.640  1180  1180 D RILD    : **RIL Daemon Started**
03-27 01:21:13.640  1180  1180 D RILD    : **RILd param count=1**
03-27 01:21:13.715  1180  1180 D RILD    : RIL_Init argc = 3 clientId = 0
03-27 01:21:13.715  1180  1180 D RIL     : InitRilLog
03-27 01:21:13.715  1180  1180 D RIL     : InitRilLog: sEnableLogcat=1 sEnableLogCapture=1
03-27 01:21:13.715  1180  1180 D RIL     : InitRilLog: Log level is 4
03-27 01:21:13.715  1180  1180 D RIL     : InitRilLog: Log Category is 16777215
03-27 01:21:13.715  1180  1180 D RIL     : InitRilLog: RIL library build time : 2025-09-13 00:48:55
03-27 01:21:13.763  1180  1180 W RIL     : [RilContext_0] OnCreate Use Default ServiceFactory
03-27 01:21:13.764  1180  1180 E RIL     : [EmergencyCallHelper] Clear()
03-27 01:21:13.776  1180  1180 W RIL     : [RilContext_1] OnCreate Use Default ServiceFactory
03-27 01:21:13.776  1180  1180 E RIL     : [EmergencyCallHelper] Clear()
03-27 01:21:13.810  1180  1313 E RIL     : [PollModemState] oldState=-1 newState=0
03-27 01:21:13.810  1180  1313 E RIL     : MODEM STATUS crash handling mode = 2
03-27 01:21:13.815  1180  1180 D RILD    : RIL_Init rilInit completed
03-27 01:21:13.815  1180  1180 I RILC    : SIM_COUNT: 2
03-27 01:21:13.815  1180  1180 E RILC    : RIL_register: RIL version 15
03-27 01:21:13.815  1180  1180 I RILC    : s_registerCalled flag set, 1
03-27 01:21:13.815  1180  1180 I rild_exynos: s_commands size: 197
03-27 01:21:13.815  1180  1180 I rild_exynos: s_unsolResponses size: 68
03-27 01:21:13.817  1180  1312 W RIL     : OperatorNameTableDatabaseHelper MakeDB Don't need to create database and tables
03-27 01:21:13.823  1180  1180 D RILC    : registerService: starting android::hardware::radio::V1_6::IRadio slot1
03-27 01:21:13.827  1180  1180 D RILC    : registerService: starting android::hardware::radio::V1_6::IRadio slot2
03-27 01:21:13.830  1180  1180 I RILC    : RILHIDL called registerService
03-27 01:21:13.830  1180  1180 D RILD    : RIL_Init RIL_register completed
03-27 01:21:13.830  1180  1180 D RILD    : RIL_register_socket started
03-27 01:21:13.830  1180  1180 D RIL_UIM_SOCKET: Adding socket with id: 0
03-27 01:21:13.830  1180  1180 D RIL_UIM_SOCKET: Adding socket with id: 1
03-27 01:21:13.830  1180  1180 I RILC    : RIL_register_socket: calling registerService
03-27 01:21:13.830  1180  1180 D RIL_SAP : registerService: starting ISap slot1 for slotId 0
03-27 01:21:13.833  1180  1180 D RIL_SAP : registerService: started ISap slot1 status 0
03-27 01:21:13.833  1180  1180 D RIL_SAP : registerService: starting ISap slot2 for slotId 1
03-27 01:21:13.835  1180  1180 D RIL_SAP : registerService: started ISap slot2 status 0
03-27 01:21:13.835  1180  1180 D RILD    : RIL_register_socket completed
03-27 01:21:13.835  1180  1180 D RIL_EXTERNAL: registerService: starting IRadioExternal rilExternal
03-27 01:21:13.838  1180  1180 D RIL_EXTERNAL: registerService: rilExternal registered
03-27 01:21:13.838  1180  1180 D RILD    : RIL_External_Init completed
03-27 01:21:13.838  1180  1180 D rild_exynos: Calling rilc_thread_pool() for HIDL Service but do nothing
03-27 01:21:13.838  1180  1180 D RILD    : RIL_Init starting sleep loop
03-27 01:21:13.840  1180  1265 D RIL_EXTERNAL: setResponseFunctions_1_1: PID(1157)
03-27 01:21:13.840  1180  1265 D RIL_EXTERNAL: RilExternalManager::onNewClientConnect: name=PID(1157)
03-27 01:21:13.842  1180  1265 D RILC    : IsMultiSimEnabled 
03-27 01:21:13.842  1180  1265 D RILC    : IsMultiSimEnabled return false
03-27 01:21:13.842  1180  1265 D RIL_EXTERNAL: onNewClientConnect RilExternalClient:{clientId=0, name=PID(1157)}
03-27 01:21:13.842  1180  1265 D RIL_EXTERNAL: newClietnId=0
03-27 01:21:16.504   976   994 D SIT-OEM : MODEM STATUS : STATE_ONLINE from STATE_BOOTING
03-27 01:21:16.504   976   994 D SIT-OEM : Modem is online now
03-27 01:21:16.504   976   994 I GRIL-OEM: oemModemStateCallback: Online
03-27 01:21:16.517  1180  1313 W RIL     : [0] Broadcast new modem state(4)
03-27 01:21:16.518  1180  1313 W RIL     : [1] Broadcast new modem state(4)
03-27 01:21:17.546  1180  1292 E RIL     : WaitList::Find() found record error : token=0x0000
03-27 01:21:18.155  1180  1278 E RIL     : fillSlotStatusResult iccid for slot1 parsing failed
03-27 01:21:18.155  1180  1278 I RILC-CommandInfo: getUnsolRespInfo not found(unsolResponse=1100 halVer=00)
03-27 01:21:18.155  1180  1278 I RILC-CommandInfo: getUnsolRespInfo found {unsolResponse=1100 halVer=00}
03-27 01:21:18.155  1180  1280 E RIL     : [NetworkService_0] OnRadioReady()
03-27 01:21:18.155  1180  1280 E RIL     : UpdateRadioState : 1 -> 0
03-27 01:21:18.155  1180  1277 I RILC-CommandInfo: getUnsolRespInfo not found(unsolResponse=1010 halVer=00)
03-27 01:21:18.155  1180  1277 I RILC-CommandInfo: getUnsolRespInfo found {unsolResponse=1010 halVer=00}
03-27 01:21:18.155  1180  1277 D RILC    : dataCallListChangedInd_1_6
03-27 01:21:18.155  1180  1277 E RILC    : [Legacy_1_6_dataCallListChangedInd_1_6]: radioService[0]->mRadioIndicationV1_6 == NULL, fallback to 1_5, ret was 0
03-27 01:21:18.155  1180  1277 E RILC    : dataCallListChangedInd: radioService[0]->mRadioIndication == NULL
03-27 01:21:18.155  1180  1277 E RILC    : dataCallListChangedInd_1_5: radioService[0]->mRadioIndicationV1_5 == NULL, ret = 0
03-27 01:21:18.156  1180  1277 I RILC    : RIL_SOCKET_1 UNSOLICITED: UNSOL_DATA_CALL_LIST_CHANGED length:0
03-27 01:21:18.156  1180  1289 D RIL_EXTERNAL: IS_DEBUGABLE()=0
03-27 01:21:18.156  1180  1280 I RILC-CommandInfo: getUnsolRespInfo not found(unsolResponse=1000 halVer=00)
03-27 01:21:18.156  1180  1280 I RILC-CommandInfo: getUnsolRespInfo found {unsolResponse=1000 halVer=00}
03-27 01:21:18.158  1180  1297 E RIL     : [NetworkService_1] OnRadioReady()
03-27 01:21:18.158  1180  1295 I RILC-CommandInfo: getUnsolRespInfo not found(unsolResponse=1019 halVer=00)
03-27 01:21:18.158  1180  1295 I RILC-CommandInfo: getUnsolRespInfo found {unsolResponse=1019 halVer=00}
03-27 01:21:18.158  1180  1292 E RIL     : WaitList::Find() found record error : token=0x0003
03-27 01:21:18.159  1180  1278 I RILC    : RIL_SOCKET_1 UNSOLICITED: UNSOL_ICC_SLOT_STATUS length:32
03-27 01:21:18.159  1180  1278 I RILC-CommandInfo: getUnsolRespInfo not found(unsolResponse=1019 halVer=00)
03-27 01:21:18.159  1180  1278 I RILC-CommandInfo: getUnsolRespInfo found {unsolResponse=1019 halVer=00}
03-27 01:21:18.159  1180  1278 D RILC    : radio::simStatusChangedInd
03-27 01:21:18.159  1180  1278 E RILC-HIDL: simStatusChanged: radioService[0]->mRadioIndication == NULL
03-27 01:21:18.159  1180  1278 I RILC    : RIL_SOCKET_1 UNSOLICITED: UNSOL_RESPONSE_SIM_STATUS_CHANGED length:0
03-27 01:21:18.159  1180  1280 D RILC    : radio::radioStateChangedInd
03-27 01:21:18.159  1180  1280 E RILC-HIDL: radioStateChangedInd: radioService[0]->mRadioIndication == NULL
03-27 01:21:18.159  1180  1295 D RILC    : radio::simStatusChangedInd
03-27 01:21:18.159  1180  1280 I RILC    : RIL_SOCKET_1 UNSOLICITED: UNSOL_RESPONSE_RADIO_STATE_CHANGED length:4
03-27 01:21:18.159  1180  1295 E RILC-HIDL: simStatusChanged: radioService[1]->mRadioIndication == NULL
03-27 01:21:18.159  1180  1295 I RILC    : RIL_SOCKET_2 UNSOLICITED: UNSOL_RESPONSE_SIM_STATUS_CHANGED length:0
03-27 01:21:18.158  1180  1297 E RIL     : UpdateRadioState : 1 -> 0
03-27 01:21:18.160  1180  1279 E RIL     : SIT ver: CellInfo=4,CellIdentity=4,SignalStrength=4
03-27 01:21:18.161  1180  1280 E RIL     : [0] m_radioState=0
03-27 01:21:18.161  1180  1280 E RIL     : [0] m_desiredRadioState is RADIO_STATE_ON(10)
03-27 01:21:18.161  1180  1294 I RILC-CommandInfo: getUnsolRespInfo not found(unsolResponse=1010 halVer=00)
03-27 01:21:18.161  1180  1294 I RILC-CommandInfo: getUnsolRespInfo found {unsolResponse=1010 halVer=00}
03-27 01:21:18.161  1180  1294 D RILC    : dataCallListChangedInd_1_6
03-27 01:21:18.161  1180  1294 E RILC    : [Legacy_1_6_dataCallListChangedInd_1_6]: radioService[1]->mRadioIndicationV1_6 == NULL, fallback to 1_5, ret was 0
03-27 01:21:18.161  1180  1294 E RILC    : dataCallListChangedInd: radioService[1]->mRadioIndication == NULL
03-27 01:21:18.161  1180  1294 E RILC    : dataCallListChangedInd_1_5: radioService[1]->mRadioIndicationV1_5 == NULL, ret = 0
03-27 01:21:18.161  1180  1294 I RILC    : RIL_SOCKET_2 UNSOLICITED: UNSOL_DATA_CALL_LIST_CHANGED length:0
03-27 01:21:18.161  1180  1297 I RILC-CommandInfo: getUnsolRespInfo not found(unsolResponse=1000 halVer=00)
03-27 01:21:18.161  1180  1297 I RILC-CommandInfo: getUnsolRespInfo found {unsolResponse=1000 halVer=00}
03-27 01:21:18.162  1180  1297 D RILC    : radio::radioStateChangedInd
03-27 01:21:18.162  1180  1297 E RILC-HIDL: radioStateChangedInd: radioService[1]->mRadioIndication == NULL
03-27 01:21:18.162  1180  1297 I RILC    : RIL_SOCKET_2 UNSOLICITED: UNSOL_RESPONSE_RADIO_STATE_CHANGED length:4
03-27 01:21:18.166  1180  1296 E RIL     : SIT ver: CellInfo=4,CellIdentity=4,SignalStrength=4
03-27 01:21:18.166  1180  1278 I RILC-CommandInfo: getUnsolRespInfo not found(unsolResponse=1019 halVer=00)
03-27 01:21:18.166  1180  1278 I RILC-CommandInfo: getUnsolRespInfo found {unsolResponse=1019 halVer=00}
03-27 01:21:18.166  1180  1278 D RILC    : radio::simStatusChangedInd
03-27 01:21:18.166  1180  1278 E RILC-HIDL: simStatusChanged: radioService[0]->mRadioIndication == NULL
03-27 01:21:18.166  1180  1278 I RILC    : RIL_SOCKET_1 UNSOLICITED: UNSOL_RESPONSE_SIM_STATUS_CHANGED length:0
03-27 01:21:18.172  1180  1280 E RIL     : UpdateRadioState : 0 -> 10
03-27 01:21:18.173  1180  1280 I RILC-CommandInfo: getUnsolRespInfo not found(unsolResponse=1000 halVer=00)
03-27 01:21:18.173  1180  1280 I RILC-CommandInfo: getUnsolRespInfo found {unsolResponse=1000 halVer=00}
03-27 01:21:18.173  1180  1280 D RILC    : radio::radioStateChangedInd
03-27 01:21:18.173  1180  1280 E RILC-HIDL: radioStateChangedInd: radioService[0]->mRadioIndication == NULL
03-27 01:21:18.173  1180  1280 I RILC    : RIL_SOCKET_1 UNSOLICITED: UNSOL_RESPONSE_RADIO_STATE_CHANGED length:4
03-27 01:21:18.250   976   995 I SIT-OEM : Type: INDICATION MSG: coex_message(14) Token: 0x0000 
03-27 01:21:18.250   976   995 D SIT-OEM : Raw (idx=0~28): 0803150e0000001d00000000720e0a0c0a0affffffffffffffffff7f
03-27 01:21:18.250   976   995 D SIT-OEM : Enqueue:Indication 14 with token 0
03-27 01:21:18.250   976   996 D SIT-OEM : Dequeue Ind 14 token 0
03-27 01:21:18.250   976   996 I GRIL-OEM: COEX_IND
03-27 01:21:18.251   976   996 I GRIL-OEM:  bluetooth channel mask: [7fffffffffffffffffff]
03-27 01:21:19.953  1539  1539 D TelephonyRegistry: listen oscl: mHasNotifySubscriptionInfoChangedOccurred==false no callback
03-27 01:21:19.955  1539  1539 D TelephonyRegistry: listen oscl: mHasNotifySubscriptionInfoChangedOccurred==false no callback
03-27 01:21:19.985  1539  1920 D TelephonyRegistry: listen oscl: mHasNotifySubscriptionInfoChangedOccurred==false no callback
03-27 01:21:19.987  1539  1919 W CarrierConfigManager: Error getting config for subId -1 ICarrierConfigLoader is null
03-27 01:21:19.987  1539  1919 W CarrierConfigManager: Error getting config for subId -1 ICarrierConfigLoader is null
03-27 01:21:20.143  1539  1946 D TelephonyRegistry: listen oscl: mHasNotifySubscriptionInfoChangedOccurred==false no callback
03-27 01:21:20.386  1539  1919 W CarrierConfigManager: Error getting config for subId -1 ICarrierConfigLoader is null
03-27 01:21:20.543  1539  1919 W CarrierConfigManager: Error getting config for subId -1 ICarrierConfigLoader is null
03-27 01:21:20.580  1166  1166 I libsitril-client: RilClientHelperDLImpl::RilClientHelperDLImpl create instance
03-27 01:21:20.580  1166  1166 I libsitril-client: RilClientHelperDLImpl::Init
03-27 01:21:20.584  1166  1166 I libsitril-client: RilClientHelperDLImpl::Open
03-27 01:21:20.586  1180  1265 D RIL_EXTERNAL: setResponseFunctions_1_1: GpsApi(1166)
03-27 01:21:20.586  1180  1265 D RIL_EXTERNAL: RilExternalManager::onNewClientConnect: name=GpsApi(1166)
03-27 01:21:20.587  1180  1265 D RILC    : IsMultiSimEnabled 
03-27 01:21:20.587  1180  1265 D RILC    : IsMultiSimEnabled return false
03-27 01:21:20.587  1180  1265 D RIL_EXTERNAL: onNewClientConnect RilExternalClient:{clientId=1, name=GpsApi(1166)}
03-27 01:21:20.587  1180  1265 D RIL_EXTERNAL: newClietnId=1
03-27 01:21:20.587  1166  1166 I libsitril-client: RilClientHelperDLImpl::SetIndicationFilter
03-27 01:21:20.587  1166  1166 E libsitril-client: RilClientHelperDLImpl::SetIndicationFilter filter=0x7ff6ad6470 size=30
03-27 01:21:20.587  1180  1265 D RIL_EXTERNAL: setIndicationFilter: 1
03-27 01:21:20.587  1166  1166 I libsitril-client: RilClientHelperDLImpl::RegisterUnsolicitedResponseHandler
03-27 01:21:20.587  1180  1265 D RIL_EXTERNAL: RilExternalManager::setIndicationFilter: clientId=1
03-27 01:21:20.587  1180  1265 D RIL_EXTERNAL: setIndicationFilter: clientId(1), filter size(30)
03-27 01:21:20.587  1166  1166 I libsitril-client: RilClientHelperDLImpl::Send
03-27 01:21:20.587  1180  1265 D RIL_EXTERNAL: sendRequestRaw: clientId 1, serial 0, reqId 216, slotId 0
03-27 01:21:20.587  1166  1166 I libsitril-client: RilClientHelperDLImpl::Send
03-27 01:21:20.587  1180  1265 D RIL_EXTERNAL: sendRequestRaw: clientId 1, serial 1, reqId 230, slotId 0
03-27 01:21:20.587  1166  1166 I libsitril-client: RilClientHelperDLImpl::Send
03-27 01:21:20.587  1180  1265 D RIL_EXTERNAL: sendRequestRaw: clientId 1, serial 2, reqId 228, slotId 0
03-27 01:21:20.627  1180  1284 D RIL_EXTERNAL: RilExternalManager::sendRequestRawResponse: clientId=1
03-27 01:21:20.627  1180  1284 D RIL_EXTERNAL: RilExternalManager::sendRequestRawResponse: clientId=1
03-27 01:21:20.627  1180  1284 D RIL_EXTERNAL: RilExternalManager::sendRequestRawResponse: clientId=1
03-27 01:21:21.512  1539  1919 W CarrierConfigManager: Error getting config for subId -1 ICarrierConfigLoader is null
03-27 01:21:21.520  1539  1904 D TelephonyRegistry: listen oscl: mHasNotifySubscriptionInfoChangedOccurred==false no callback
03-27 01:21:21.523  1539  1539 D TelephonyRegistry: listen oscl: mHasNotifySubscriptionInfoChangedOccurred==false no callback
03-27 01:21:21.713  1539  1906 D TelephonyRegistry: listen oscl: mHasNotifySubscriptionInfoChangedOccurred==false no callback
03-27 01:21:21.797  1539  1539 W TelephonyRegistry: Pid 1539 has exceeded half the number of permissible registered listeners. Now at 25
03-27 01:21:21.797  1539  1539 W TelephonyRegistry: Pid 1539 has exceeded half the number of permissible registered listeners. Now at 26
03-27 01:21:21.797  1539  1539 D TelephonyRegistry: listen oscl: mHasNotifySubscriptionInfoChangedOccurred==false no callback
03-27 01:21:21.803  1166  1166 I libsitril-client: RilClientHelperDLImpl::Send
03-27 01:21:21.803  1180  1265 D RIL_EXTERNAL: sendRequestRaw: clientId 1, serial 3, reqId 233, slotId 0
03-27 01:21:21.803  1180  1284 D RIL_EXTERNAL: RilExternalManager::sendRequestRawResponse: clientId=1
03-27 01:21:21.804  1166  1166 I libsitril-client: RilClientHelperDLImpl::Send
03-27 01:21:21.804  1180  1265 D RIL_EXTERNAL: sendRequestRaw: clientId 1, serial 4, reqId 228, slotId 0
03-27 01:21:21.804  1180  1284 D RIL_EXTERNAL: RilExternalManager::sendRequestRawResponse: clientId=1
03-27 01:21:21.852  1166  1166 I libsitril-client: RilClientHelperDLImpl::Send
03-27 01:21:21.852  1180  1265 D RIL_EXTERNAL: sendRequestRaw: clientId 1, serial 5, reqId 216, slotId 0
03-27 01:21:21.852  1166  1166 I libsitril-client: RilClientHelperDLImpl::Send
03-27 01:21:21.853  1180  1265 D RIL_EXTERNAL: sendRequestRaw: clientId 1, serial 6, reqId 216, slotId 0
03-27 01:21:21.854  1539  1590 W CarrierConfigManager: Error getting config for subId -1 ICarrierConfigLoader is null
03-27 01:21:21.867  1166  1166 I libsitril-client: RilClientHelperDLImpl::Send
03-27 01:21:21.867  1180  1265 D RIL_EXTERNAL: sendRequestRaw: clientId 1, serial 7, reqId 216, slotId 0
03-27 01:21:21.872  1166  1166 I libsitril-client: RilClientHelperDLImpl::Send
03-27 01:21:21.872  1180  1265 D RIL_EXTERNAL: sendRequestRaw: clientId 1, serial 8, reqId 235, slotId 0
03-27 01:21:21.874  1539  1539 W TelephonyRegistry: Pid 1539 has exceeded half the number of permissible registered listeners. Now at 27
03-27 01:21:21.875  1539  1539 D TelephonyRegistry: listen oscl: mHasNotifySubscriptionInfoChangedOccurred==false no callback
03-27 01:21:21.878  1539  1539 W TelephonyRegistry: Pid 1539 has exceeded half the number of permissible registered listeners. Now at 28
03-27 01:21:21.878  1539  1539 D TelephonyRegistry: listen oscl: mHasNotifySubscriptionInfoChangedOccurred==false no callback
03-27 01:21:21.896  1180  1284 D RIL_EXTERNAL: RilExternalManager::sendRequestRawResponse: clientId=1
03-27 01:21:21.901  1180  1284 D RIL_EXTERNAL: RilExternalManager::sendRequestRawResponse: clientId=1
03-27 01:21:21.904  1539  1539 D TelephonyRegistry: systemRunning register for intents
03-27 01:21:21.905  1180  1284 D RIL_EXTERNAL: RilExternalManager::sendRequestRawResponse: clientId=1
03-27 01:21:21.910  1180  1284 D RIL_EXTERNAL: RilExternalManager::sendRequestRawResponse: clientId=1
03-27 01:21:21.922  1539  1614 W TelephonyRegistry: Pid 1539 has exceeded half the number of permissible registered listeners. Now at 29
03-27 01:21:21.922  1539  1614 D TelephonyRegistry: listen oscl: mHasNotifySubscriptionInfoChangedOccurred==false no callback
03-27 01:21:22.124  2013  2013 W CarrierConfigManager: Error getting config for subId -1 ICarrierConfigLoader is null
03-27 01:21:22.149  2013  2013 W CarrierConfigManager: Error getting config for subId -1 ICarrierConfigLoader is null
03-27 01:21:22.185  2133  2133 W CarrierConfigManager: Error getting config for subId -1 ICarrierConfigLoader is null
03-27 01:21:22.225  1539  1539 D AnomalyReporter: Found a valid package com.google.android.apps.scone
03-27 01:21:22.246  1180  1265 D RIL_EXTERNAL: setResponseFunctions_1_1: unknown
03-27 01:21:22.246  1180  1265 D RIL_EXTERNAL: RilExternalManager::onNewClientConnect: name=unknown
03-27 01:21:22.246  1180  1265 D RILC    : IsMultiSimEnabled 
03-27 01:21:22.246  1180  1265 D RILC    : IsMultiSimEnabled return false
03-27 01:21:22.246  1180  1265 D RIL_EXTERNAL: onNewClientConnect RilExternalClient:{clientId=2, name=unknown}
03-27 01:21:22.246  1180  1265 D RIL_EXTERNAL: newClietnId=2
03-27 01:21:22.246  1180  1265 D RIL_EXTERNAL: setIndicationFilter: 2
03-27 01:21:22.246  1180  1265 D RIL_EXTERNAL: RilExternalManager::setIndicationFilter: clientId=2
03-27 01:21:22.246  1180  1265 D RIL_EXTERNAL: setIndicationFilter: clientId(2), filter size(0)
03-27 01:21:22.271  1539  1909 W TelephonyRegistry: Pid 1539 has exceeded half the number of permissible registered listeners. Now at 30
03-27 01:21:22.303  1539  1846 D TelephonyRegistry: listen oscl: mHasNotifySubscriptionInfoChangedOccurred==false no callback
03-27 01:21:22.331  1180  1265 D RIL_EXTERNAL: setResponseFunctions_1_1: OemRil0
03-27 01:21:22.331  1180  1265 D RIL_EXTERNAL: RilExternalManager::onNewClientConnect: name=OemRil0
03-27 01:21:22.331  1180  1265 D RILC    : IsMultiSimEnabled 
03-27 01:21:22.331  1180  1265 D RILC    : IsMultiSimEnabled return false
03-27 01:21:22.331  1180  1265 D RIL_EXTERNAL: onNewClientConnect RilExternalClient:{clientId=3, name=OemRil0}
03-27 01:21:22.331  1180  1265 D RIL_EXTERNAL: newClietnId=3
03-27 01:21:22.331  1180  1265 D RIL_EXTERNAL: setIndicationFilter: 3
03-27 01:21:22.331  1180  1265 D RIL_EXTERNAL: RilExternalManager::setIndicationFilter: clientId=3
03-27 01:21:22.331  1180  1265 D RIL_EXTERNAL: setIndicationFilter: clientId(3), filter size(4)
03-27 01:21:22.344  1180  1265 D RIL_EXTERNAL: setResponseFunctions_1_1: OemRil1
03-27 01:21:22.344  1180  1265 D RIL_EXTERNAL: RilExternalManager::onNewClientConnect: name=OemRil1
03-27 01:21:22.344  1180  1265 D RILC    : IsMultiSimEnabled 
03-27 01:21:22.344  1180  1265 D RILC    : IsMultiSimEnabled return false
03-27 01:21:22.344  1180  1265 D RIL_EXTERNAL: onNewClientConnect RilExternalClient:{clientId=4, name=OemRil1}
03-27 01:21:22.344  1180  1265 D RIL_EXTERNAL: newClietnId=4
03-27 01:21:22.348  1180  1265 D RIL_EXTERNAL: setIndicationFilter: 4
03-27 01:21:22.348  1180  1265 D RIL_EXTERNAL: RilExternalManager::setIndicationFilter: clientId=4
03-27 01:21:22.348  1180  1265 D RIL_EXTERNAL: setIndicationFilter: clientId(4), filter size(4)
03-27 01:21:22.403  1539  1539 D TelephonyRegistry: notifyCellLocationForSubscriber: subId=2147483647 cellIdentity=null
03-27 01:21:22.406  1539  1572 D TelephonyRegistry: listen oscl: mHasNotifySubscriptionInfoChangedOccurred==false no callback
03-27 01:21:22.439  1539  2303 D TelephonyRegistry: listen oscl: mHasNotifySubscriptionInfoChangedOccurred==false no callback
03-27 01:21:22.446  2013  2013 W CarrierConfigManager: Error getting config for subId -1 ICarrierConfigLoader is null
03-27 01:21:22.453  1539  1848 D TelephonyRegistry: listen oscl: mHasNotifySubscriptionInfoChangedOccurred==false no callback
03-27 01:21:22.465  1539  1909 W TelephonyRegistry: Pid 1539 has exceeded half the number of permissible registered listeners. Now at 31
03-27 01:21:22.471  1539  1613 D TelephonyRegistry: listen oscl: mHasNotifySubscriptionInfoChangedOccurred==false no callback
03-27 01:21:22.497  2354  2354 D AnomalyReporter: Found a valid package com.google.android.apps.scone
03-27 01:21:22.499  2354  2354 D TelephonyComponentFactory: validated paths: null
03-27 01:21:22.499  2354  2354 D TelephonyComponentFactory: Total components injected: 0
03-27 01:21:22.502  2354  2354 D PhoneNumberManagerService: Attempting to register PhoneNumberManagerService.
03-27 01:21:22.503  2354  2354 D PhoneNumberManagerService: PhoneNumberManagerService registered successfully.
03-27 01:21:22.518  2354  2354 D MetricsCollector: registered
03-27 01:21:22.521  2354  2354 I PhoneFactory: Network Mode set to 27
03-27 01:21:22.521  2354  2354 D RILJ    : RIL: init allowedNetworkTypes=850943 [PHONEnull]
03-27 01:21:22.550  2354  2354 E RILJ    : Feature android.hardware.telephony.ims is declared, but service IMS is missing [PHONE0]
03-27 01:21:22.550  2354  2354 E RILJ    : Feature android.hardware.telephony.messaging is declared, but service MESSAGING is missing [PHONE0]
03-27 01:21:22.552  2354  2354 E RILJ    : Feature android.hardware.telephony.data is declared, but service DATA is missing [PHONE0]
03-27 01:21:22.552  2354  2354 E RILJ    : Feature android.hardware.telephony.calling is declared, but service VOICE is missing [PHONE0]
03-27 01:21:22.555  1180  1265 D RILC    : setResponseFunctions
03-27 01:21:22.555  1180  1265 D RILC    : setResponseFunctions radioResponseParam=0xb4000078d7a0b150 radioIndicationParam=0xb4000078d7a0de50
03-27 01:21:22.556  1180  1265 D RILC    : setResponseFunctions[0]: V1_6 supportable
03-27 01:21:22.557  1180  1265 D RILC    : [0] V1_6::setResponseFunctions: linkToDeath cookie=1
03-27 01:21:22.557  1180  1265 D RILC    : setResponseFunctions[0]
03-27 01:21:22.558  1180  1265 D RILC    : setResponseFunctions[0]: V1_1 supportable
03-27 01:21:22.558  1180  1265 D RILC    : setResponseFunctions[0]: V1_2 supportable
03-27 01:21:22.559  1180  1265 D RILC    : setResponseFunctions[0]: V1_3 supportable
03-27 01:21:22.559  1180  1265 D RILC    : setResponseFunctions[0]: V1_4 supportable
03-27 01:21:22.559  1180  1265 D RILC    : setResponseFunctions[0]: V1_5 supportable
03-27 01:21:22.560  1180  1265 D RILC    : [0] setResponseFunctions: linkToDeath cookie=1
03-27 01:21:22.560  1180  1265 I RILC-CommandInfo: getUnsolRespInfo not found(unsolResponse=1034 halVer=00)
03-27 01:21:22.560  1180  1265 I RILC-CommandInfo: getUnsolRespInfo found {unsolResponse=1034 halVer=00}
03-27 01:21:22.561  1180  1265 D RILC    : radio::rilConnectedInd
03-27 01:21:22.561  1180  1265 D RILC-HIDL: HidlHalModemIndication::rilConnectedInd
03-27 01:21:22.561  1180  1265 I RILC    : RIL_SOCKET_1 UNSOLICITED: UNSOL_RIL_CONNECTED length:4
03-27 01:21:22.561  1180  1265 I RILC-CommandInfo: getUnsolRespInfo not found(unsolResponse=1000 halVer=00)
03-27 01:21:22.561  1180  1265 I RILC-CommandInfo: getUnsolRespInfo found {unsolResponse=1000 halVer=00}
03-27 01:21:22.561  1180  1265 D RILC    : radio::radioStateChangedInd
03-27 01:21:22.561  1180  1265 D RILC-HIDL: radioStateChangedInd: radioState 10
03-27 01:21:22.561  1180  1265 I RILC    : RIL_SOCKET_1 UNSOLICITED: UNSOL_RESPONSE_RADIO_STATE_CHANGED length:0
03-27 01:21:22.561  1180  1265 I RILC    : RIL Daemon version: Samsung S.LSI Vendor RIL 5400 V2.3 Build 2025-09-13 00:48:55
03-27 01:21:22.562  2354  2354 D RILJ    : HAL version of RADIO: 1.6 [PHONE0]
03-27 01:21:22.569  2354  2354 D RILJ    : HAL version of DATA: 1.6 [PHONE0]
03-27 01:21:22.577  2354  2354 D RILJ    : HAL version of MESSAGING: 1.6 [PHONE0]
03-27 01:21:22.582  2354  2354 D RILJ    : HAL version of MODEM: 1.6 [PHONE0]
03-27 01:21:22.582  2354  2503 D RILJ    : Unsol response received; Sending ack to ril.cpp [PHONE0]
03-27 01:21:22.582  2354  2503 D RILJ    : [UNSL]< UNSOL_RIL_CONNECTED [PHONE0]
03-27 01:21:22.586  2354  2354 D RILJ    : HAL version of NETWORK: 1.6 [PHONE0]
03-27 01:21:22.590  2354  2354 D RILJ    : HAL version of SIM: 1.6 [PHONE0]
03-27 01:21:22.592  2354  2503 D RILJ    : [0001]> RADIO_POWER on = false forEmergencyCall= false preferredForEmergencyCall=false [PHONE0]
03-27 01:21:22.592  2354  2354 D RILJ    : HAL version of VOICE: 1.6 [PHONE0]
03-27 01:21:22.592  1180  1265 D RILC    : setRadioPower_1_6: 1
03-27 01:21:22.592  1180  1265 I RILC-CommandInfo: getCommandInfo not found(request=23 halVer=16)
03-27 01:21:22.592  1180  1265 I RILC-CommandInfo: getCommandInfo found {request=23 halVer=16}
03-27 01:21:22.592  1180  1280 E RIL     : [0] Radio power off ignored by configs
03-27 01:21:22.592  1180  1280 D RILC    : RequestComplete, RIL_SOCKET_1
03-27 01:21:22.592  1180  1280 E RILC    : Calling responseFunction() for token 1
03-27 01:21:22.592  1180  1280 D RILC    : radio::setRadioPowerResponse_1_6: serial 1
03-27 01:21:22.593  1180  1280 D RILC-HIDL: HidlHalModemResponse_1_6::setRadioPowerResponse_1_6: serial 1
03-27 01:21:22.593  2354  2354 D RILJ    : HAL version of IMS: -2.-2 [PHONE0]
03-27 01:21:22.594  2354  2503 D RILJ    : Unsol response received; Sending ack to ril.cpp [PHONE0]
03-27 01:21:22.594  2354  2503 D RILJ    : [UNSL]< UNSOL_RESPONSE_RADIO_STATE_CHANGED radioStateChanged: 1 [PHONE0]
03-27 01:21:22.595  2354  2503 D RILJ    : [0001]< RADIO_POWER  [PHONE0]
03-27 01:21:22.598  2354  2354 D UiccController: Creating UiccController
03-27 01:21:22.599  2354  2354 D UiccController: config_num_physical_slots = 3
03-27 01:21:22.599  2354  2354 D UiccController: current vendor api_level: 31
03-27 01:21:22.599  2354  2354 D UiccController: Adjusting numPhysicalSlots for firstApiLevel = 31 based on mCis.length
03-27 01:21:22.600  2354  2522 E RadioConfig: getHidlRadioConfigProxy1_3: RadioConfigProxy getService: java.util.NoSuchElementException
03-27 01:21:22.602  1180  1265 D RadioConfig: RadioConfigImpl::setResponseFunctions
03-27 01:21:22.603  1180  1265 D RadioConfig: setResponseFunctions: V1_1 supported, Response:0xb4000078d7a10910, Indication:0xb4000078d7a10130
03-27 01:21:22.603  1180  1265 D RadioConfig: setResponseFunctions: V1_2 supported, Response:0xb4000078d7a0e870, Indication:0xb4000078d7a11210
03-27 01:21:22.604  2354  2522 D RadioConfig: RIL_REQUEST_GET_HAL_DEVICE_CAPABILITIES > REQUEST_NOT_SUPPORTED
03-27 01:21:22.604  2354  2522 D RILUtils: Radio Hal Version = 1.6
03-27 01:21:22.604  2354  2522 D RILUtils: CAPABILITY_USES_ALLOWED_NETWORK_TYPES_BITMASK
03-27 01:21:22.604  2354  2522 D RILUtils: CAPABILITY_SECONDARY_LINK_BANDWIDTH_VISIBLE
03-27 01:21:22.604  2354  2522 D RILUtils: CAPABILITY_NR_DUAL_CONNECTIVITY_CONFIGURATION_AVAILABLE
03-27 01:21:22.604  2354  2522 D RILUtils: CAPABILITY_THERMAL_MITIGATION_DATA_THROTTLING
03-27 01:21:22.604  2354  2522 D RILUtils: CAPABILITY_SLICING_CONFIG_SUPPORTED
03-27 01:21:22.604  2354  2522 D RILUtils: CAPABILITY_PHYSICAL_CHANNEL_CONFIG_1_6_SUPPORTED
03-27 01:21:22.604  2354  2522 E RadioInterfaceCapabilityController: setupRadioInterfaceCapabilities: com.android.internal.telephony.CommandException: REQUEST_NOT_SUPPORTED
03-27 01:21:22.604  2354  2522 D RadioInterfaceCapabilityController: setupRadioInterfaceCapabilities: mRadioInterfaceCapabilities now setup
03-27 01:21:22.623  2354  2354 D PinStorage: onDeviceReady
03-27 01:21:22.630  2354  2354 D PinStorage: KeyStore: alias PinStorage_shortTerm_key does not exist - Nothing to do
03-27 01:21:22.632  2354  2354 I PhoneFactory: Creating SubscriptionManagerService
03-27 01:21:22.633  2354  2354 D SMSVC   : Created SubscriptionManagerService
03-27 01:21:22.637  2354  2522 D PinStorage: KeyStore: alias PinStorage_longTerm_always_key exists
03-27 01:21:22.657  2354  2354 D SDMGR   : Created SubscriptionDatabaseManager.
03-27 01:21:22.657  2354  2536 D SDMGR   : loadDatabaseInternal
03-27 01:21:22.663  2354  2354 D SMSVC   : broadcastSubId action: android.intent.action.ACTION_DEFAULT_DATA_SUBSCRIPTION_CHANGED subId= -1
03-27 01:21:22.664  2354  2354 D SMSVC   : broadcastSubId action: android.intent.action.ACTION_DEFAULT_VOICE_SUBSCRIPTION_CHANGED subId= -1
03-27 01:21:22.666  2354  2354 D SMSVC   : broadcastSubId action: android.telephony.action.DEFAULT_SMS_SUBSCRIPTION_CHANGED subId= -1
03-27 01:21:22.667  2013  2054 W CarrierConfigManager: Error getting config for subId -1 ICarrierConfigLoader is null
03-27 01:21:22.669  1539  1590 W CarrierConfigManager: Error getting config for subId -1 ICarrierConfigLoader is null
03-27 01:21:22.671  2354  2354 D SMSVC   : Registered iSub service
03-27 01:21:22.683  2354  2354 I PhoneFactory: Creating Phone phoneId = 0
03-27 01:21:22.683  2354  2354 D Phone-0 : mDoesRilSendMultipleCallRing=true
03-27 01:21:22.684  2354  2354 D Phone-0 : mCallRingDelay=3000
03-27 01:21:22.684  2354  2354 D TelephonyAdminReceiver: No user manager. Attempting to resolve one.
03-27 01:21:22.711  1539  2179 D TelephonyRegistry: listen oscl: mHasNotifySubscriptionInfoChangedOccurred==false no callback
03-27 01:21:22.711  2354  2354 D TelephonyAnalytics: stopped listener
03-27 01:21:22.715  1539  2302 D TelephonyRegistry: listen oscl: mHasNotifySubscriptionInfoChangedOccurred==false no callback
03-27 01:21:22.715  1539  1571 D TelephonyRegistry: listen oscl: mHasNotifySubscriptionInfoChangedOccurred==false no callback
03-27 01:21:22.725  2354  2354 D SmsDispatchersController: SmsDispatchersController created
03-27 01:21:22.737  2354  2354 D SMSDispatcher: SMSDispatcher: ctor mSmsCapable=true format=unknown mSmsSendDisabled=false
03-27 01:21:22.741  2354  2354 E WAP PUSH: bindService() for wappush manager failed
03-27 01:21:22.744  2354  2354 D GsmInboundSmsHandler: created InboundSmsHandler
03-27 01:21:22.751  2354  2354 D SMSDispatcher: SMSDispatcher: ctor mSmsCapable=true format=3gpp2 mSmsSendDisabled=false
03-27 01:21:22.751  2354  2354 D CdmaSMSDispatcher: CdmaSMSDispatcher created
03-27 01:21:22.757  2354  2354 E WAP PUSH: bindService() for wappush manager failed
03-27 01:21:22.760  2354  2354 D CdmaInboundSmsHandler: created InboundSmsHandler
03-27 01:21:22.770  2354  2354 D SMSDispatcher: SMSDispatcher: ctor mSmsCapable=true format=3gpp mSmsSendDisabled=false
03-27 01:21:22.770  2354  2354 D GsmSMSDispatcher: GsmSMSDispatcher created
03-27 01:21:22.780  2354  2354 I GsmCdmaPhone: [0] enable_identifier_disclosure_transparency_unsol_events is on. Registering for cellular identifier disclosures from phone 0
03-27 01:21:22.780  2354  2354 I GsmCdmaPhone: [0] enable_modem_cipher_transparency_unsol_events is on. Registering for security algorithm updates from phone 0
03-27 01:21:22.780  2354  2354 D GsmCdmaPhone: [0] initializeCarrierApps
03-27 01:21:22.819  2354  2354 D GsmCdmaPhone: [0] Precise phone type 1
03-27 01:21:22.819  2354  2354 D RILJ    : setPhoneType=1 old value=0 [PHONE0]
03-27 01:21:22.822  2354  2354 D CarrierActionAgent: [0]Creating CarrierActionAgent
03-27 01:21:22.823  2354  2354 W CarrierConfigManager: Error getting config for subId -1 ICarrierConfigLoader is null
03-27 01:21:22.824  2354  2354 W CarrierConfigManager: CarrierConfigLoader is not available.
03-27 01:21:22.830  2354  2354 W CarrierConfigManager: Error getting config for subId -1 ICarrierConfigLoader is null
03-27 01:21:22.835  2354  2354 W CarrierConfigManager: Error getting config for subId -1 ICarrierConfigLoader is null
03-27 01:21:22.835  2354  2354 W CarrierConfigManager: CarrierConfigLoader is not available.
03-27 01:21:22.836  1539  1613 D TelephonyRegistry: listen oscl: mHasNotifySubscriptionInfoChangedOccurred==false no callback
03-27 01:21:22.836  2354  2354 W CarrierConfigManager: Error getting config for subId -1 ICarrierConfigLoader is null
03-27 01:21:22.839  2354  2354 D NRM-C-0 : registerForNetworkRegistrationInfoChanged
03-27 01:21:22.840  1539  1849 D TelephonyRegistry: listen oscl: mHasNotifySubscriptionInfoChangedOccurred==false no callback
03-27 01:21:22.840  2354  2354 D NRM-I-0 : registerForNetworkRegistrationInfoChanged
03-27 01:21:22.851  2354  2354 D RILJ    : [0003]> SIGNAL_STRENGTH [PHONE0]
03-27 01:21:22.852  2354  2354 D SST-0   : notifyVoiceRegStateRilRadioTechnologyChanged: vrs=1 rat=0
03-27 01:21:22.853  1180  1265 D RILC    : getSignalStrength_1_6: serial 3
03-27 01:21:22.853  1180  1265 I RILC-CommandInfo: getCommandInfo not found(request=19 halVer=16)
03-27 01:21:22.853  1180  1265 I RILC-CommandInfo: getCommandInfo found {request=19 halVer=16}
03-27 01:21:22.856  1539  1572 D TelephonyRegistry: listen oscl: mHasNotifySubscriptionInfoChangedOccurred==false no callback
03-27 01:21:22.856  2354  2354 D Phone-0 : [0] SubId-1,get allowed network types user: value = GPRS|EDGE|UMTS|CDMA|CDMA - EvDo rev. 0|CDMA - EvDo rev. A|CDMA - 1xRTT|HSDPA|HSUPA|HSPA|CDMA - EvDo rev. B|LTE|CDMA - eHRPD|HSPA+|GSM|LTE_CA|NR
03-27 01:21:22.857   937   937 I libsitril-client: RilClientHelperDLImpl::RilClientHelperDLImpl create instance
03-27 01:21:22.857   937   937 I libsitril-client: RilClientHelperDLImpl::Init
03-27 01:21:22.858   937   937 I libsitril-client: RilClientHelperDLImpl::Open
03-27 01:21:22.861  2354  2354 W CarrierConfigManager: Error getting config for subId -1 ICarrierConfigLoader is null
03-27 01:21:22.861  2354  2354 W CarrierConfigManager: CarrierConfigLoader is not available.
03-27 01:21:22.862  1180  1265 D RIL_EXTERNAL: setResponseFunctions_1_1: SeApi(937)
03-27 01:21:22.862  1180  1265 D RIL_EXTERNAL: RilExternalManager::onNewClientConnect: name=SeApi(937)
03-27 01:21:22.862  1180  1265 D RILC    : IsMultiSimEnabled 
03-27 01:21:22.862  1180  1265 D RILC    : IsMultiSimEnabled return false
03-27 01:21:22.862  1180  1265 D RIL_EXTERNAL: onNewClientConnect RilExternalClient:{clientId=5, name=SeApi(937)}
03-27 01:21:22.862  1180  1265 D RIL_EXTERNAL: newClietnId=5
03-27 01:21:22.863   937   937 I libsitril-client: RilClientHelperDLImpl::SetIndicationFilter
03-27 01:21:22.863   937   937 E libsitril-client: RilClientHelperDLImpl::SetIndicationFilter filter=0x7fffd8f204 size=1
03-27 01:21:22.863   937   937 I libsitril-client: RilClientHelperDLImpl::RegisterUnsolicitedResponseHandler
03-27 01:21:22.863   937   937 I libsitril-client: RilClientHelperDLImpl::Send
03-27 01:21:22.864  1180  1265 D RIL_EXTERNAL: setIndicationFilter: 5
03-27 01:21:22.864  1180  1265 D RIL_EXTERNAL: RilExternalManager::setIndicationFilter: clientId=5
03-27 01:21:22.864  1180  1265 D RIL_EXTERNAL: setIndicationFilter: clientId(5), filter size(1)
03-27 01:21:22.864  1180  1265 D RIL_EXTERNAL: sendRequestRaw: clientId 5, serial 0, reqId 305, slotId 0
03-27 01:21:22.869  2354  2354 D EmergencyNumberTracker: [0] asset emergency database is loaded. Ver: 2 Phone Id: 0 countryIso: 
03-27 01:21:22.869  2354  2354 E EmergencyNumberTracker: [0]Cache ota emergency database IOException: java.io.FileNotFoundException: /data/misc/emergencynumberdb/emergency_number_db: open failed: ENOENT (No such file or directory)
03-27 01:21:22.869  2354  2354 D EmergencyNumberTracker: [0]Using Asset Emergency database. Version: 2
03-27 01:21:22.877  2354  2354 W CarrierConfigManager: Error getting config for subId -1 ICarrierConfigLoader is null
03-27 01:21:22.887  2354  2354 W CarrierConfigManager: Error getting config for subId -1 ICarrierConfigLoader is null
03-27 01:21:22.889  2354  2354 D DIC-0   : register for satellite network callback
03-27 01:21:22.893  2354  2354 D DNC-0   : DataNetworkController created.
03-27 01:21:22.895  1180  1279 D RILC    : RequestComplete, RIL_SOCKET_1
03-27 01:21:22.895  1180  1279 E RILC    : Calling responseFunction() for token 3
03-27 01:21:22.895  1180  1279 D RILC    : radio::getSignalStrengthResponse_1_6: serial 3
03-27 01:21:22.895  1180  1279 D RILC-HIDL: HidlHalNetworkResponse_1_6::getSignalStrengthResponse_1_6: serial 3
03-27 01:21:22.895  1180  1278 D RIL_EXTERNAL: RilExternalManager::sendRequestRawResponse: clientId=5
03-27 01:21:22.896  2354  2354 W CarrierConfigManager: Error getting config for subId -1 ICarrierConfigLoader is null
03-27 01:21:22.896  2354  2354 W CarrierConfigManager: CarrierConfigLoader is not available.
03-27 01:21:22.897  2354  2503 D RILJ    : [0003]< SIGNAL_STRENGTH SignalStrength:{mCdma=CellSignalStrengthCdma: cdmaDbm=2147483647 cdmaEcio=2147483647 evdoDbm=2147483647 evdoEcio=2147483647 evdoSnr=2147483647 level=0,mGsm=CellSignalStrengthGsm: rssi=2147483647 ber=2147483647 mTa=2147483647 mLevel=0,mWcdma=CellSignalStrengthWcdma: ss=2147483647 ber=2147483647 rscp=2147483647 ecno=2147483647 level=0,mTdscdma=CellSignalStrengthTdscdma: rssi=2147483647 ber=2147483647 rscp=2147483647 level=0,mLte=CellSignalStrengthLte: rssi=2147483647 rsrp=2147483647 rsrq=2147483647 rssnr=2147483647 cqiTableIndex=2147483647 cqi=2147483647 ta=2147483647 level=0 parametersUseForLevel=1,mNr=CellSignalStrengthNr:{ csiRsrp = 2147483647 csiRsrq = 2147483647 csiCqiTableIndex = 2147483647 csiCqiReport = [] ssRsrp = 2147483647 ssRsrq = 2147483647 ssSinr = 2147483647 level = 0 parametersUseForLevel = 1 timingAdvance = 2147483647 },primary=CellSignalStrengthLte} [PHONE0]
03-27 01:21:22.900  2354  2354 W CarrierConfigManager: Error getting config for subId -1 ICarrierConfigLoader is null
03-27 01:21:22.900  2354  2354 W CarrierConfigManager: CarrierConfigLoader is not available.
03-27 01:21:22.901  2354  2354 W CarrierConfigManager: Error getting config for subId -1 ICarrierConfigLoader is null
03-27 01:21:22.901  2354  2354 W CarrierConfigManager: CarrierConfigLoader is not available.
03-27 01:21:22.902   937   937 I libsitril-client: RilClientHelperDLImpl::Send
03-27 01:21:22.902  1180  1265 D RIL_EXTERNAL: sendRequestRaw: clientId 5, serial 1, reqId 305, slotId 1
03-27 01:21:22.902  2354  2354 W CarrierConfigManager: Error getting config for subId -1 ICarrierConfigLoader is null
03-27 01:21:22.902  2354  2354 W CarrierConfigManager: CarrierConfigLoader is not available.
03-27 01:21:22.907  1180  1295 D RIL_EXTERNAL: RilExternalManager::sendRequestRawResponse: clientId=5
03-27 01:21:22.909  2354  2354 W CarrierConfigManager: Error getting config for subId -1 ICarrierConfigLoader is null
03-27 01:21:22.909  2354  2354 W CarrierConfigManager: CarrierConfigLoader is not available.
03-27 01:21:22.911  2354  2354 W CarrierConfigManager: Error getting config for subId -1 ICarrierConfigLoader is null
03-27 01:21:22.911  2354  2354 W CarrierConfigManager: CarrierConfigLoader is not available.
03-27 01:21:22.911  2354  2354 W CarrierConfigManager: Error getting config for subId -1 ICarrierConfigLoader is null
03-27 01:21:22.911  2354  2354 W CarrierConfigManager: CarrierConfigLoader is not available.
03-27 01:21:22.912  2354  2354 W CarrierConfigManager: Error getting config for subId -1 ICarrierConfigLoader is null
03-27 01:21:22.913  2354  2354 W CarrierConfigManager: CarrierConfigLoader is not available.
03-27 01:21:22.918  2354  2354 D DCM-0   : DataConfigManager created.
03-27 01:21:22.919  2354  2354 W CarrierConfigManager: Error getting config for subId -1 ICarrierConfigLoader is null
03-27 01:21:22.922  2354  2354 D DCM-0   : Carrier config updated. Config is not carrier specific.
03-27 01:21:22.931  2354  2354 D DSMGR-0 : DataSettingsManager created.
03-27 01:21:22.934  2354  2354 D DSRM-0  : DataStallRecoveryManager created.
03-27 01:21:22.936  2354  2354 D DSRM-0  : SkipRecoveryAction: [false, false, true, false, false]
03-27 01:21:22.941  2354  2354 D DSRM-0  : DataStallRecoveryDelayMillis: [27000, 39000, 180000, 20000]
03-27 01:21:22.960  1539  1849 W TelephonyRegistry: Pid 2354 has exceeded half the number of permissible registered listeners. Now at 25
03-27 01:21:22.962  2354  2354 D CarrierResolver: Creating CarrierResolver[0]
03-27 01:21:22.964  1539  1849 W TelephonyRegistry: Pid 2354 has exceeded half the number of permissible registered listeners. Now at 26
03-27 01:21:22.965  2354  2522 W CarrierConfigManager: Error getting config for subId -1 ICarrierConfigLoader is null
03-27 01:21:22.965  2354  2522 W CarrierConfigManager: CarrierConfigLoader is not available.
03-27 01:21:22.965  2354  2354 D SST-0   : notifyVoiceRegStateRilRadioTechnologyChanged: vrs=1 rat=0
03-27 01:21:22.970  1539  1571 W TelephonyRegistry: Pid 2354 has exceeded half the number of permissible registered listeners. Now at 27
03-27 01:21:22.972  2354  2354 I GsmCdmaPhone: [0] updateTtyMode ttyMode=0
03-27 01:21:22.974  2354  2354 D RILJ    : [0004]> SET_TTY_MODE ttyMode = 0 [PHONE0]
03-27 01:21:22.974  1180  1265 D RILC    : setTTYMode: serial 4
03-27 01:21:22.974  1180  1265 I RILC-CommandInfo: getCommandInfo not found(request=80 halVer=00)
03-27 01:21:22.974  1180  1265 I RILC-CommandInfo: getCommandInfo found {request=80 halVer=00}
03-27 01:21:22.987  2354  2354 I GsmCdmaPhone: [0] updateUiTtyMode ttyMode=0
03-27 01:21:22.987  2354  2354 D CallManager: registerPhone(GSM Handler (com.android.internal.telephony.GsmCdmaPhone) {7c2cf3a})
03-27 01:21:22.987  1539  2303 W TelephonyRegistry: Pid 2354 has exceeded half the number of permissible registered listeners. Now at 28
03-27 01:21:22.988  1539  2303 D TelephonyRegistry: listen oscl: mHasNotifySubscriptionInfoChangedOccurred==false no callback
03-27 01:21:22.988  2354  2354 D GsmCdmaPhone: [0] GsmCdmaPhone: constructor: sub = 0
03-27 01:21:22.997  2354  2354 I PhoneFactory: defaultSmsApplication: com.google.android.apps.messaging
03-27 01:21:22.998  1180  1282 D RILC    : RequestComplete, RIL_SOCKET_1
03-27 01:21:22.998  1180  1282 E RILC    : Calling responseFunction() for token 4
03-27 01:21:22.999  1180  1282 D RILC    : setTTYModeResponse: serial 4
03-27 01:21:22.999  2354  2503 D RILJ    : [0004]< SET_TTY_MODE  [PHONE0]
03-27 01:21:23.000  2586  2586 D DataService: Data service created
03-27 01:21:23.001  2354  2354 D Phone-2147483647: mDoesRilSendMultipleCallRing=true
03-27 01:21:23.001  2354  2354 D Phone-2147483647: mCallRingDelay=3000
03-27 01:21:23.001  2354  2354 D TelephonyAdminReceiver: No user manager. Attempting to resolve one.
03-27 01:21:23.005  1539  1572 W TelephonyRegistry: Pid 2354 has exceeded half the number of permissible registered listeners. Now at 29
03-27 01:21:23.006  1539  1847 W TelephonyRegistry: Pid 2354 has exceeded half the number of permissible registered listeners. Now at 30
03-27 01:21:23.006  2354  2354 W CarrierConfigManager: Error getting config for subId -1 ICarrierConfigLoader is null
03-27 01:21:23.006  2354  2354 E ImsPhoneCallTracker: [0] getCarrierConfigBundle: carrier config is null, skipping.
03-27 01:21:23.006  2354  2354 E ImsPhoneCallTracker: [0] updateCarrierConfiguration: carrier config is null, skipping.
03-27 01:21:23.008  2354  2354 D ImsPhone: [0] updateDataServiceState: defSs = {mVoiceRegState=1(OUT_OF_SERVICE), mDataRegState=1(OUT_OF_SERVICE), mChannelNumber=-1, duplexMode()=0, mCellBandwidths=[], mOperatorAlphaLong=null, mOperatorAlphaShort=null, isManualNetworkSelection=false(automatic), getRilVoiceRadioTechnology=0(Unknown), getRilDataRadioTechnology=0(Unknown), mCssIndicator=unsupported, mIsEmergencyOnly=false, isUsingCarrierAggregation=false, mArfcnRsrpBoost=0, mNetworkRegistrationInfos=[NetworkRegistrationInfo{ domain=CS transportType=WWAN registrationState=UNKNOWN networkRegistrationState=UNKNOWN roamingType=NOT_ROAMING accessNetworkTechnology=UNKNOWN rejectCause=0 emergencyEnabled=false availableServices=[] cellIdentity=null voiceSpecificInfo=null dataSpecificInfo=null nrState=**** rRplmn= isUsingCarrierAggregation=false isNonTerrestrialNetwork=TERRESTRIAL}, NetworkRegistrationInfo{ domain=PS transportType=WWAN registrationState=UNKNOWN networkRegistrationState=UNKNOWN roamingType=NOT_ROAMING accessNetworkTechnology=UNKNOWN rejectCause=0 emergencyEnabled=false availableServices=[] cellIdentity=null voiceSpecificInfo=null dataSpecificInfo=null nrState=**** rRplmn= isUsingCarrierAggregation=false isNonTerrestrialNetwork=TERRESTRIAL}, NetworkRegistrationInfo{ domain=PS transportType=WLAN registrationState=UNKNOWN networkRegistrationState=UNKNOWN roamingType=NOT_ROAMING accessNetworkTechnology=UNKNOWN rejectCause=0 emergencyEnabled=false availableServices=[] cellIdentity=null voiceSpecificInfo=null dataSpecificInfo=null nrState=**** rRplmn= isUsingCarrierAggregation=false isNonTerrestrialNetwork=TERRESTRIAL}], mNrFrequencyRange=0, mOperatorAlphaLongRaw=null, mOperatorAlphaShortRaw=null, mIsDataRoamingFromRegistration=false, mIsIwlanPreferred=false, mIsUsingNonTerrestrialNetwork=false} imsSs = {mVoiceRegState=1(OUT_OF_SERVICE), mDataRegState=1(OUT_OF_SERVICE), mChannelNumber=-1, duplexMode()=0, mCellBandwidths=[], mOperatorAlphaLong=null, mOperatorAlphaShort=null, isManualNetworkSelection=false(automatic), getRilVoiceRadioTechnology=0(Unknown), getRilDataRadioTechnology=0(Unknown), mCssIndicator=unsupported, mIsEmergencyOnly=false, isUsingCarrierAggregation=false, mArfcnRsrpBoost=0, mNetworkRegistrationInfos=[NetworkRegistrationInfo{ domain=CS transportType=WWAN registrationState=UNKNOWN networkRegistrationState=UNKNOWN roamingType=NOT_ROAMING accessNetworkTechnology=UNKNOWN rejectCause=0 emergencyEnabled=false availableServices=[] cellIdentity=null voiceSpecificInfo=null dataSpecificInfo=null nrState=**** rRplmn= isUsingCarrierAggregation=false isNonTerrestrialNetwork=TERRESTRIAL}, NetworkRegistrationInfo{ domain=PS transportType=WWAN registrationState=UNKNOWN networkRegistrationState=UNKNOWN roamingType=NOT_ROAMING accessNetworkTechnology=UNKNOWN rejectCause=0 emergencyEnabled=false availableServices=[] cellIdentity=null voiceSpecificInfo=null dataSpecificInfo=null nrState=**** rRplmn= isUsingCarrierAggregation=false isNonTerrestrialNetwork=TERRESTRIAL}, NetworkRegistrationInfo{ domain=PS transportType=WLAN registrationState=UNKNOWN networkRegistrationState=UNKNOWN roamingType=NOT_ROAMING accessNetworkTechnology=UNKNOWN rejectCause=0 emergencyEnabled=false availableServices=[] cellIdentity=null voiceSpecificInfo=null dataSpecificInfo=null nrState=**** rRplmn= isUsingCarrierAggregation=false isNonTerrestrialNetwork=TERRESTRIAL}], mNrFrequencyRange=0, mOperatorAlphaLongRaw=null, mOperatorAlphaShortRaw=null, mIsDataRoamingFromRegistration=false, mIsIwlanPreferred=false, mIsUsingNonTerrestrialNetwork=false}
03-27 01:21:23.008  2354  2354 D CallManager: registerPhone(ImsPhone Handler (com.android.internal.telephony.imsphone.ImsPhone) {ad00b92})
03-27 01:21:23.008  2354  2354 D PhoneCfgMgr: getStaticPhoneCapability: isDefault=true, caps=mMaxActiveVoiceSubscriptions=1 mMaxActiveDataSubscriptions=1 mNetworkValidationBeforeSwitchSupported=false mDeviceNrCapability []
03-27 01:21:23.010  1539  1849 W TelephonyRegistry: Pid 2354 has exceeded half the number of permissible registered listeners. Now at 31
03-27 01:21:23.010  1539  1849 D TelephonyRegistry: listen oscl: mHasNotifySubscriptionInfoChangedOccurred==false no callback
03-27 01:21:23.010  2354  2354 D PhoneCfgMgr: getStaticPhoneCapability: isDefault=true, caps=mMaxActiveVoiceSubscriptions=1 mMaxActiveDataSubscriptions=1 mNetworkValidationBeforeSwitchSupported=false mDeviceNrCapability []
03-27 01:21:23.013  2354  2354 D PhoneSwitcher: register handler to receive IMS registration : 0
03-27 01:21:23.014  1539  1849 W TelephonyRegistry: Pid 2354 has exceeded half the number of permissible registered listeners. Now at 32
03-27 01:21:23.014  1539  1849 D TelephonyRegistry: listen oscl: mHasNotifySubscriptionInfoChangedOccurred==false no callback
03-27 01:21:23.015  1539  1614 W TelephonyRegistry: Pid 1539 has exceeded half the number of permissible registered listeners. Now at 32
03-27 01:21:23.015  1539  2304 W TelephonyRegistry: Pid 2354 has exceeded half the number of permissible registered listeners. Now at 33
03-27 01:21:23.016  2354  2354 D ADSC    : registerAllEventsForPhone: registered listeners for phone 0
03-27 01:21:23.017  2354  2354 D PhoneSwitcher: PhoneSwitcher started
03-27 01:21:23.017  2354  2354 D ProxyController: Constructor - Enter
03-27 01:21:23.019  2354  2354 D ProxyController: clearTransaction
03-27 01:21:23.020  2354  2354 D ProxyController: clearTransaction: phoneId=0 status=IDLE
