03-27 01:23:03.785  2354  2354 D ImsPhone: [0] updateDataServiceState: defSs = {mVoiceRegState=1(OUT_OF_SERVICE), mDataRegState=1(OUT_OF_SERVICE), mChannelNumber=0, duplexMode()=1, mCellBandwidths=[1400], mOperatorAlphaLong=, mOperatorAlphaShort=, isManualNetworkSelection=false(automatic), getRilVoiceRadioTechnology=14(LTE), getRilDataRadioTechnology=14(LTE), mCssIndicator=unsupported, mIsEmergencyOnly=true, isUsingCarrierAggregation=false, mArfcnRsrpBoost=0, mNetworkRegistrationInfos=[NetworkRegistrationInfo{ domain=PS transportType=WLAN registrationState=NOT_REG_SEARCHING networkRegistrationState=NOT_REG_SEARCHING roamingType=NOT_ROAMING accessNetworkTechnology=UNKNOWN rejectCause=0 emergencyEnabled=true availableServices=[DATA] cellIdentity=null voiceSpecificInfo=null dataSpecificInfo=null nrState=**** rRplmn= isUsingCarrierAggregation=false isNonTerrestrialNetwork=TERRESTRIAL}, NetworkRegistrationInfo{ domain=CS transportType=WWAN registrationState=DENIED networkRegistrationState=DENIED roamingType=NOT_ROAMING accessNetworkTechnology=LTE rejectCause=0 emergencyEnabled=true availableServices=[EMERGENCY] cellIdentity=CellIdentityLte:{ mCi=[****] mPci=[****] mTac=[****] mEarfcn=[****] mBands=[40] mBandwidth=1400 mMcc=460 mMnc=00 mAlphaLong=CMCC mAlphaShort=CMCC mAdditionalPlmns={} mCsgInfo=null} voiceSpecificInfo=VoiceSpecificRegistrationInfo { mCssSupported=false mRoamingIndicator=0 mSystemIsInPrl=0 mDefaultRoamingIndicator=0} dataSpecificInfo=null nrState=**** rRplmn= isUsingCarrierAggregation=false isNonTerrestrialNetwork=TERRESTRIAL}, NetworkRegistrationInfo{ domain=PS transportType=WWAN registrationState=DENIED networkRegistrationState=DENIED roamingType=NOT_ROAMING accessNetworkTechnology=LTE rejectCause=0 emergencyEnabled=true availableServices=[EMERGENCY] cellIdentity=CellIdentityLte:{ mCi=[****] mPci=[****] mTac=[****] mEarfcn=[****] mBands=[40] mBandwidth=1400 mMcc=460 mMnc=00 mAlphaLong=CMCC mAlphaShort=CMCC mAdditionalPlmns={} mCsgInfo=null} voiceSpecificInfo=null dataSpecificInfo=android.telephony.DataSpecificRegistrationInfo :{ maxDataCalls = 16 isDcNrRestricted = false isNrAvailable = true isEnDcAvailable = false mLteAttachResultType = 0 mLteAttachExtraInfo = 0 LteVopsSupportInfo :  mVopsSupport = 3 mEmcBearerSupport = 3 } nrState=**** rRplmn= isUsingCarrierAggregation=false isNonTerrestrialNetwork=TERRESTRIAL}], mNrFrequencyRange=0, mOperatorAlphaLongRaw=, mOperatorAlphaShortRaw=, mIsDataRoamingFromRegistration=false, mIsIwlanPreferred=false, mIsUsingNonTerrestrialNetwork=false} imsSs = {mVoiceRegState=1(OUT_OF_SERVICE), mDataRegState=1(OUT_OF_SERVICE), mChannelNumber=-1, duplexMode()=0, mCellBandwidths=[], mOperatorAlphaLong=null, mOperatorAlphaShort=null, isManualNetworkSelection=false(automatic), getRilVoiceRadioTechnology=0(Unknown), getRilDataRadioTechnology=14(LTE), mCssIndicator=unsupported, mIsEmergencyOnly=false, isUsingCarrierAggregation=false, mArfcnRsrpBoost=0, mNetworkRegistrationInfos=[NetworkRegistrationInfo{ domain=CS transportType=WWAN registrationState=UNKNOWN networkRegistrationState=UNKNOWN roamingType=NOT_ROAMING accessNetworkTechnology=UNKNOWN rejectCause=0 emergencyEnabled=false availableServices=[] cellIdentity=null voiceSpecificInfo=null dataSpecificInfo=null nrState=**** rRplmn= isUsingCarrierAggregation=false isNonTerrestrialNetwork=TERRESTRIAL}, NetworkRegistrationInfo{ domain=PS transportType=WLAN registrationState=NOT_REG_SEARCHING networkRegistrationState=NOT_REG_SEARCHING roamingType=NOT_ROAMING accessNetworkTechnology=UNKNOWN rejectCause=0 emergencyEnabled=true availableServices=[DATA] cellIdentity=null voiceSpecificInfo=null dataSpecificInfo=null nrState=**** rRplmn= isUsingCarrierAggregation=false isNonTerrestrialNetwork=TERRESTRIAL}, NetworkRegistrationInfo{ domain=PS transportType=WWAN registrationState=DENIED networkRegistrationState=DENIED roamingType=NOT_ROAMING accessNetworkTechnology=LTE rejectCause=0 emergencyEnabled=true availableServices=[EMERGENCY] cellIdentity=CellIdentityLte:{ mCi=[****] mPci=[****] mTac=[****] mEarfcn=[****] mBands=[40] mBandwidth=1400 mMcc=46
03-27 01:23:03.785  2354  2354 D GsmCdmaPhone: [0] onVoiceRegStateOrRatChanged
03-27 01:23:03.785  2354  2354 D GsmCdmaPhone: [0] getCsCallRadioTech, current vrs=1, vrat=14
03-27 01:23:03.785  2354  2354 D GsmCdmaPhone: [0] getCsCallRadioTech, result calcVrat=0
03-27 01:23:03.785  2354  2354 D DNC-0   : onReevaluateExistingDataNetworks: No existing data networks to re-evaluate.
03-27 01:23:03.785  2354  2354 D DNC-0   : Re-evaluating 0 unsatisfied network requests in 0 groups,  due to DATA_SERVICE_STATE_CHANGED
03-27 01:23:03.785  2354  2354 D EmergencyNumberTracker: [0]updateEmergencyNumberListDatabaseAndNotify(): receiving countryIso: cn
03-27 01:23:03.795  2354  2354 D EmergencyNumberTracker: [0]cn asset emergency database is loaded. Ver: 2 Phone Id: 0 countryIso: cn
03-27 01:23:03.795  2354  2354 E EmergencyNumberTracker: [0]Cache ota emergency database IOException: java.io.FileNotFoundException: /data/misc/emergencynumberdb/emergency_number_db: open failed: ENOENT (No such file or directory)
03-27 01:23:03.795  2354  2354 D EmergencyNumberTracker: [0]Using Asset Emergency database. Version: 2
03-27 01:23:03.798  2354  2354 D EmergencyNumberTracker: [0]notifyEmergencyNumberList(): notified
03-27 01:23:03.798  2354  2354 E Phone-0 : [0] getUserHandle: ex=java.lang.IllegalArgumentException: [getSubscriptionUserHandle]: Invalid subscriptionId: -1
03-27 01:23:03.865  2354  2354 D DNC-0   : Re-evaluating 0 unsatisfied network requests in 0 groups,  due to TAC_CHANGED
03-27 01:26:23.038  2174  2174 I ShannonQNS-Location: Country set to CN
03-27 01:29:03.257  2354  2354 D TNP     : onNetworkNeeded: Not applied. [NetworkRequest [ REQUEST id=253, [ Capabilities: INTERNET&NOT_RESTRICTED&TRUSTED&NOT_VCN_MANAGED&NOT_BANDWIDTH_CONSTRAINED Uid: 10380 RequestorUid: 10380 RequestorPkg: com.xunmeng.pinduoduo UnderlyingNetworks: Null] ], mPriority=0, state=UNSATISFIED, mAttachedDataNetwork=null, created time=01:29:03.256, evaluation result=null]
03-27 01:29:03.568  2354  2354 D TNP     : onNetworkNeeded: Not applied. [NetworkRequest [ REQUEST id=256, [ Capabilities: INTERNET&NOT_RESTRICTED&TRUSTED&NOT_VCN_MANAGED&NOT_BANDWIDTH_CONSTRAINED Uid: 10380 RequestorUid: 10380 RequestorPkg: com.xunmeng.pinduoduo UnderlyingNetworks: Null] ], mPriority=0, state=UNSATISFIED, mAttachedDataNetwork=null, created time=01:29:03.568, evaluation result=null]
03-27 01:29:06.089  2354  2354 D TNP     : onNetworkNeeded: Not applied. [NetworkRequest [ REQUEST id=260, [ Capabilities: INTERNET&NOT_RESTRICTED&TRUSTED&NOT_VCN_MANAGED&NOT_BANDWIDTH_CONSTRAINED Uid: 10375 RequestorUid: 10375 RequestorPkg: com.videogo UnderlyingNetworks: Null] ], mPriority=0, state=UNSATISFIED, mAttachedDataNetwork=null, created time=01:29:06.088, evaluation result=null]
03-27 01:29:06.623  2354  2354 D TNP     : onNetworkNeeded: Not applied. [NetworkRequest [ REQUEST id=262, [ Capabilities: INTERNET&NOT_RESTRICTED&TRUSTED&NOT_VCN_MANAGED&NOT_BANDWIDTH_CONSTRAINED Uid: 10347 RequestorUid: 10347 RequestorPkg: com.ss.android.article.news UnderlyingNetworks: Null] ], mPriority=0, state=UNSATISFIED, mAttachedDataNetwork=null, created time=01:29:06.622, evaluation result=null]
03-27 01:29:06.933  2354  2354 D TNP     : onNetworkNeeded: Not applied. [NetworkRequest [ REQUEST id=265, [ Capabilities: INTERNET&NOT_RESTRICTED&TRUSTED&NOT_VCN_MANAGED&NOT_BANDWIDTH_CONSTRAINED Uid: 10364 RequestorUid: 10364 RequestorPkg: com.tencent.mtt UnderlyingNetworks: Null] ], mPriority=0, state=UNSATISFIED, mAttachedDataNetwork=null, created time=01:29:06.933, evaluation result=null]
03-27 01:29:07.055  2354  2354 D TNP     : onNetworkNeeded: Not applied. [NetworkRequest [ REQUEST id=267, [ Capabilities: INTERNET&NOT_RESTRICTED&TRUSTED&NOT_VCN_MANAGED&NOT_BANDWIDTH_CONSTRAINED Uid: 10336 RequestorUid: 1000 RequestorPkg: android UnderlyingNetworks: Null] ], mPriority=0, state=UNSATISFIED, mAttachedDataNetwork=null, created time=01:29:07.054, evaluation result=null]
03-27 01:29:08.162  2354  2354 D TNP     : onNetworkNeeded: Not applied. [NetworkRequest [ REQUEST id=270, [ Capabilities: INTERNET&NOT_RESTRICTED&TRUSTED&NOT_VCN_MANAGED&NOT_BANDWIDTH_CONSTRAINED Uid: 10338 RequestorUid: 10338 RequestorPkg: com.sankuai.meituan UnderlyingNetworks: Null] ], mPriority=0, state=UNSATISFIED, mAttachedDataNetwork=null, created time=01:29:08.162, evaluation result=null]
03-27 01:29:09.973  2354  2354 D TNP     : onNetworkNeeded: Not applied. [NetworkRequest [ REQUEST id=274, [ Capabilities: INTERNET&NOT_RESTRICTED&TRUSTED&NOT_VCN_MANAGED&NOT_BANDWIDTH_CONSTRAINED Uid: 10346 RequestorUid: 10346 RequestorPkg: com.ss.android.article.lite UnderlyingNetworks: Null] ], mPriority=0, state=UNSATISFIED, mAttachedDataNetwork=null, created time=01:29:09.971, evaluation result=null]
03-27 01:29:09.980  2354  2354 D TNP     : onNetworkNeeded: Not applied. [NetworkRequest [ REQUEST id=277, [ Capabilities: INTERNET&NOT_RESTRICTED&TRUSTED&NOT_VCN_MANAGED&NOT_BANDWIDTH_CONSTRAINED Uid: 10346 RequestorUid: 10346 RequestorPkg: com.ss.android.article.lite UnderlyingNetworks: Null] ], mPriority=0, state=UNSATISFIED, mAttachedDataNetwork=null, created time=01:29:09.978, evaluation result=null]
03-27 01:29:10.117  2354  2354 D TNP     : onNetworkNeeded: Not applied. [NetworkRequest [ REQUEST id=280, [ Capabilities: INTERNET&NOT_RESTRICTED&TRUSTED&NOT_VCN_MANAGED&NOT_BANDWIDTH_CONSTRAINED Uid: 10380 RequestorUid: 10380 RequestorPkg: com.xunmeng.pinduoduo UnderlyingNetworks: Null] ], mPriority=0, state=UNSATISFIED, mAttachedDataNetwork=null, created time=01:29:10.116, evaluation result=null]
03-27 01:29:11.102  2354  2354 D TNP     : onNetworkNeeded: Not applied. [NetworkRequest [ REQUEST id=284, [ Capabilities: INTERNET&NOT_RESTRICTED&TRUSTED&NOT_VCN_MANAGED&NOT_BANDWIDTH_CONSTRAINED Uid: 10328 RequestorUid: 10328 RequestorPkg: com.luna.music UnderlyingNetworks: Null] ], mPriority=0, state=UNSATISFIED, mAttachedDataNetwork=null, created time=01:29:11.102, evaluation result=null]
03-27 01:29:11.115  2354  2354 D TNP     : onNetworkNeeded: Not applied. [NetworkRequest [ REQUEST id=288, [ Capabilities: INTERNET&NOT_RESTRICTED&TRUSTED&NOT_VCN_MANAGED&NOT_BANDWIDTH_CONSTRAINED Uid: 10365 RequestorUid: 10365 RequestorPkg: com.tencent.news UnderlyingNetworks: Null] ], mPriority=0, state=UNSATISFIED, mAttachedDataNetwork=null, created time=01:29:11.114, evaluation result=null]
03-27 01:29:11.646  2354  2354 D TNP     : onNetworkNeeded: Not applied. [NetworkRequest [ REQUEST id=292, [ Capabilities: INTERNET&NOT_RESTRICTED&TRUSTED&NOT_VCN_MANAGED&NOT_BANDWIDTH_CONSTRAINED Uid: 10351 RequestorUid: 10351 RequestorPkg: com.ss.android.ugc.aweme.lite UnderlyingNetworks: Null] ], mPriority=0, state=UNSATISFIED, mAttachedDataNetwork=null, created time=01:29:11.645, evaluation result=null]
03-27 01:29:13.086  2354  2354 E TNP     : onNetworkUnneeded: Unable to get phone. phoneId=-1
03-27 01:29:13.086  2354  2354 E TNP     : onNetworkUnneeded: Unable to get phone. phoneId=-1
03-27 01:29:14.420  2354  2354 E TNP     : onNetworkUnneeded: Unable to get phone. phoneId=-1
03-27 01:29:14.854  2354  2354 E TNP     : onNetworkUnneeded: Unable to get phone. phoneId=-1
03-27 01:29:16.467  2354  2354 D TNP     : onNetworkNeeded: Not applied. [NetworkRequest [ REQUEST id=296, [ Capabilities: INTERNET&NOT_RESTRICTED&TRUSTED&NOT_VCN_MANAGED&NOT_BANDWIDTH_CONSTRAINED Uid: 10330 RequestorUid: 10330 RequestorPkg: com.microsoft.emmx UnderlyingNetworks: Null] ], mPriority=0, state=UNSATISFIED, mAttachedDataNetwork=null, created time=01:29:16.462, evaluation result=null]
03-27 01:29:23.298  2354  2354 E TNP     : onNetworkUnneeded: Unable to get phone. phoneId=-1
03-27 01:29:36.910  2354  2354 D TNP     : onNetworkNeeded: Not applied. [NetworkRequest [ REQUEST id=308, [ Capabilities: INTERNET&NOT_RESTRICTED&TRUSTED&NOT_VCN_MANAGED&NOT_BANDWIDTH_CONSTRAINED Uid: 10346 RequestorUid: 10346 RequestorPkg: com.ss.android.article.lite UnderlyingNetworks: Null] ], mPriority=0, state=UNSATISFIED, mAttachedDataNetwork=null, created time=01:29:36.903, evaluation result=null]
03-27 01:29:37.402  2354  2354 E TNP     : onNetworkUnneeded: Unable to get phone. phoneId=-1
03-27 01:29:37.476  2354  2354 D TNP     : onNetworkNeeded: Not applied. [NetworkRequest [ REQUEST id=311, [ Capabilities: INTERNET&NOT_RESTRICTED&TRUSTED&NOT_VCN_MANAGED&NOT_BANDWIDTH_CONSTRAINED Uid: 10379 RequestorUid: 10379 RequestorPkg: com.xs.fm.lite UnderlyingNetworks: Null] ], mPriority=0, state=UNSATISFIED, mAttachedDataNetwork=null, created time=01:29:37.475, evaluation result=null]
03-27 01:29:38.412  2354  2354 E TNP     : onNetworkUnneeded: Unable to get phone. phoneId=-1
03-27 01:29:39.176  2354  2354 E TNP     : onNetworkUnneeded: Unable to get phone. phoneId=-1
03-27 01:29:39.176  2354  2354 E TNP     : onNetworkUnneeded: Unable to get phone. phoneId=-1
03-27 01:29:41.393  2354  2354 D TNP     : onNetworkNeeded: Not applied. [NetworkRequest [ REQUEST id=314, [ Capabilities: INTERNET&NOT_RESTRICTED&TRUSTED&NOT_VCN_MANAGED&NOT_BANDWIDTH_CONSTRAINED Uid: 10380 RequestorUid: 10380 RequestorPkg: com.xunmeng.pinduoduo UnderlyingNetworks: Null] ], mPriority=0, state=UNSATISFIED, mAttachedDataNetwork=null, created time=01:29:41.392, evaluation result=null]
03-27 01:29:41.421  2354  2354 E TNP     : onNetworkUnneeded: Unable to get phone. phoneId=-1
03-27 01:29:42.001  2354  2354 E TNP     : onNetworkUnneeded: Unable to get phone. phoneId=-1
03-27 01:29:51.415  2354  2354 D TNP     : onNetworkNeeded: Not applied. [NetworkRequest [ REQUEST id=322, [ Capabilities: INTERNET&NOT_RESTRICTED&TRUSTED&NOT_VCN_MANAGED&NOT_BANDWIDTH_CONSTRAINED Uid: 10337 RequestorUid: 10337 RequestorPkg: com.quark.browser UnderlyingNetworks: Null] ], mPriority=0, state=UNSATISFIED, mAttachedDataNetwork=null, created time=01:29:51.415, evaluation result=null]
03-27 01:30:18.991  2354  2354 E TNP     : onNetworkUnneeded: Unable to get phone. phoneId=-1
03-27 01:30:22.478  2354  2354 D TNP     : onNetworkNeeded: Not applied. [NetworkRequest [ REQUEST id=343, [ Capabilities: INTERNET&NOT_RESTRICTED&TRUSTED&NOT_VCN_MANAGED&NOT_BANDWIDTH_CONSTRAINED Uid: 10353 RequestorUid: 10353 RequestorPkg: com.ss.android.ugc.livelite UnderlyingNetworks: Null] ], mPriority=0, state=UNSATISFIED, mAttachedDataNetwork=null, created time=01:30:22.477, evaluation result=null]
03-27 01:30:23.120  2354  2354 E TNP     : onNetworkUnneeded: Unable to get phone. phoneId=-1
03-27 01:30:27.552  2354  2354 D TNP     : onNetworkNeeded: Not applied. [NetworkRequest [ REQUEST id=350, [ Capabilities: INTERNET&NOT_RESTRICTED&TRUSTED&NOT_VCN_MANAGED&NOT_BANDWIDTH_CONSTRAINED Uid: 10324 RequestorUid: 10324 RequestorPkg: com.kuaishou.nebula UnderlyingNetworks: Null] ], mPriority=0, state=UNSATISFIED, mAttachedDataNetwork=null, created time=01:30:27.549, evaluation result=null]
03-27 01:30:40.618  2354  2354 D TNP     : onNetworkNeeded: Not applied. [NetworkRequest [ REQUEST id=372, [ Capabilities: INTERNET&NOT_RESTRICTED&TRUSTED&NOT_VCN_MANAGED&NOT_BANDWIDTH_CONSTRAINED Uid: 10330 RequestorUid: 10330 RequestorPkg: com.microsoft.emmx UnderlyingNetworks: Null] ], mPriority=0, state=UNSATISFIED, mAttachedDataNetwork=null, created time=01:30:40.615, evaluation result=null]
03-27 01:31:01.228  2354  2354 E TNP     : onNetworkUnneeded: Unable to get phone. phoneId=-1
03-27 01:31:05.422  2354  2354 E TNP     : onNetworkUnneeded: Unable to get phone. phoneId=-1
03-27 01:31:05.422  2354  2354 E TNP     : onNetworkUnneeded: Unable to get phone. phoneId=-1
03-27 01:31:08.160  2354  2354 D TNP     : onNetworkNeeded: Not applied. [NetworkRequest [ REQUEST id=389, [ Capabilities: INTERNET&NOT_RESTRICTED&TRUSTED&NOT_VCN_MANAGED&NOT_BANDWIDTH_CONSTRAINED Uid: 10338 RequestorUid: 10338 RequestorPkg: com.sankuai.meituan UnderlyingNetworks: Null] ], mPriority=0, state=UNSATISFIED, mAttachedDataNetwork=null, created time=01:31:08.158, evaluation result=null]
03-27 01:31:22.812  2354  2354 E TNP     : onNetworkUnneeded: Unable to get phone. phoneId=-1
03-27 01:31:28.916  2354  2354 D TNP     : onNetworkNeeded: Not applied. [NetworkRequest [ REQUEST id=405, [ Capabilities: INTERNET&NOT_RESTRICTED&TRUSTED&NOT_VCN_MANAGED&NOT_BANDWIDTH_CONSTRAINED Uid: 10379 RequestorUid: 10379 RequestorPkg: com.xs.fm.lite UnderlyingNetworks: Null] ], mPriority=0, state=UNSATISFIED, mAttachedDataNetwork=null, created time=01:31:28.915, evaluation result=null]
03-27 01:31:31.042  2354  2354 E TNP     : onNetworkUnneeded: Unable to get phone. phoneId=-1
03-27 01:31:31.495  2354  2354 D TNP     : onNetworkNeeded: Not applied. [NetworkRequest [ REQUEST id=408, [ Capabilities: INTERNET&NOT_RESTRICTED&TRUSTED&NOT_VCN_MANAGED&NOT_BANDWIDTH_CONSTRAINED Uid: 10351 RequestorUid: 10351 RequestorPkg: com.ss.android.ugc.aweme.lite UnderlyingNetworks: Null] ], mPriority=0, state=UNSATISFIED, mAttachedDataNetwork=null, created time=01:31:31.491, evaluation result=null]
03-27 01:31:31.733  2354  2354 D TNP     : onNetworkNeeded: Not applied. [NetworkRequest [ REQUEST id=411, [ Capabilities: INTERNET&NOT_RESTRICTED&TRUSTED&NOT_VCN_MANAGED&NOT_BANDWIDTH_CONSTRAINED Uid: 10324 RequestorUid: 10324 RequestorPkg: com.kuaishou.nebula UnderlyingNetworks: Null] ], mPriority=0, state=UNSATISFIED, mAttachedDataNetwork=null, created time=01:31:31.733, evaluation result=null]
03-27 01:31:34.380  2354  2354 E TNP     : onNetworkUnneeded: Unable to get phone. phoneId=-1
03-27 01:31:34.753  2354  2354 E TNP     : onNetworkUnneeded: Unable to get phone. phoneId=-1
03-27 01:31:34.754  2354  2354 E TNP     : onNetworkUnneeded: Unable to get phone. phoneId=-1
03-27 01:31:37.626  2354  2354 D TNP     : onNetworkNeeded: Not applied. [NetworkRequest [ REQUEST id=414, [ Capabilities: INTERNET&NOT_RESTRICTED&TRUSTED&NOT_VCN_MANAGED&NOT_BANDWIDTH_CONSTRAINED Uid: 10375 RequestorUid: 10375 RequestorPkg: com.videogo UnderlyingNetworks: Null] ], mPriority=0, state=UNSATISFIED, mAttachedDataNetwork=null, created time=01:31:37.625, evaluation result=null]
03-27 01:31:44.073  2354  2354 E TNP     : onNetworkUnneeded: Unable to get phone. phoneId=-1
03-27 01:31:45.633  2354  2354 E TNP     : onNetworkUnneeded: Unable to get phone. phoneId=-1
03-27 01:31:45.845  2354  2354 D RILJ    : [0070]> GET_CELL_INFO_LIST [PHONE0]
03-27 01:31:45.856  2354  2354 E TNP     : onNetworkUnneeded: Unable to get phone. phoneId=-1
03-27 01:31:45.858  1180  1265 D RILC    : getCellInfoList_1_6: serial 70
03-27 01:31:45.868  1180  1265 I RILC-CommandInfo: getCommandInfo not found(request=109 halVer=16)
03-27 01:31:45.868  1180  1265 I RILC-CommandInfo: getCommandInfo found {request=109 halVer=16}
03-27 01:31:45.958  2354  2354 E TNP     : onNetworkUnneeded: Unable to get phone. phoneId=-1
03-27 01:31:45.976  2354  2354 E TNP     : onNetworkUnneeded: Unable to get phone. phoneId=-1
03-27 01:31:46.079  2354  2503 D RILJ    : [0070]< GET_CELL_INFO_LIST [CellInfoLte:{mRegistered=YES mTimeStamp=646178503691ns mCellConnectionStatus=1 CellIdentityLte:{ mCi=[****] mPci=[****] mTac=[****] mEarfcn=[****] mBands=[40] mBandwidth=20000 mMcc=460 mMnc=00 mAlphaLong= mAlphaShort= mAdditionalPlmns={} mCsgInfo=null} CellSignalStrengthLte: rssi=2147483647 rsrp=-63 rsrq=-4 rssnr=25 cqiTableIndex=2147483647 cqi=2147483647 ta=0 level=4 parametersUseForLevel=1 android.telephony.CellConfigLte :{ isEndcAvailable = false }}] [PHONE0]
03-27 01:31:49.276  2354  2354 D TNP     : onNetworkNeeded: Not applied. [NetworkRequest [ REQUEST id=425, [ Capabilities: INTERNET&NOT_RESTRICTED&TRUSTED&NOT_VCN_MANAGED&NOT_BANDWIDTH_CONSTRAINED Uid: 10287 RequestorUid: 1000 RequestorPkg: android UnderlyingNetworks: Null] ], mPriority=0, state=UNSATISFIED, mAttachedDataNetwork=null, created time=01:31:49.276, evaluation result=null]
03-27 01:31:50.411  2354  2354 D RILJ    : [0071]> GET_ACTIVITY_INFO [PHONE0]
03-27 01:31:50.414  1180  1265 D RILC    : getModemActivityInfo: serial 71
03-27 01:31:50.414  1180  1265 I RILC-CommandInfo: getCommandInfo not found(request=135 halVer=00)
03-27 01:31:50.414  1180  1265 I RILC-CommandInfo: getCommandInfo found {request=135 halVer=00}
03-27 01:31:50.458  1180  1279 D RILC    : RequestComplete, RIL_SOCKET_1
03-27 01:31:50.458  1180  1279 E RILC    : Calling responseFunction() for token 71
03-27 01:31:50.459  1180  1279 D RILC    : radio::getModemActivityInfoResponse: serial 71
03-27 01:31:50.460  2354  2503 D RILJ    : [0071]< GET_ACTIVITY_INFO ModemActivityInfo{ mTimestamp=650566 mSleepTimeMs=517094 mIdleTimeMs=5622 mActivityStatsTechSpecificInfo=[{mRat=UNKNOWN,mFrequencyRange=UNKNOWN,mTxTimeMs[]=[0, 0, 0, 0, 0],mRxTimeMs=110765}]} [PHONE0]
03-27 01:31:51.578  2354  2354 E TNP     : onNetworkUnneeded: Unable to get phone. phoneId=-1
03-27 01:31:53.267  2354  2354 D TNP     : onNetworkNeeded: Not applied. [NetworkRequest [ REQUEST id=428, [ Capabilities: INTERNET&NOT_RESTRICTED&TRUSTED&NOT_VCN_MANAGED&NOT_BANDWIDTH_CONSTRAINED Uid: 10338 RequestorUid: 10338 RequestorPkg: com.sankuai.meituan UnderlyingNetworks: Null] ], mPriority=0, state=UNSATISFIED, mAttachedDataNetwork=null, created time=01:31:53.267, evaluation result=null]
03-27 01:31:57.655  2354  2354 E TNP     : onNetworkUnneeded: Unable to get phone. phoneId=-1
03-27 01:32:00.038  2354  2354 D TNP     : onNetworkNeeded: Not applied. [NetworkRequest [ REQUEST id=430, [ Capabilities: INTERNET&NOT_RESTRICTED&TRUSTED&NOT_VCN_MANAGED&NOT_BANDWIDTH_CONSTRAINED Uid: 10346 RequestorUid: 10346 RequestorPkg: com.ss.android.article.lite UnderlyingNetworks: Null] ], mPriority=0, state=UNSATISFIED, mAttachedDataNetwork=null, created time=01:32:00.038, evaluation result=null]
03-27 01:32:01.454  2354  2354 E TNP     : onNetworkUnneeded: Unable to get phone. phoneId=-1
03-27 01:32:01.886  2354  2354 E TNP     : onNetworkUnneeded: Unable to get phone. phoneId=-1
03-27 01:32:02.243  2354  2354 D TNP     : onNetworkNeeded: Not applied. [NetworkRequest [ REQUEST id=434, [ Capabilities: INTERNET&NOT_RESTRICTED&TRUSTED&NOT_VCN_MANAGED&NOT_BANDWIDTH_CONSTRAINED Uid: 10344 RequestorUid: 10344 RequestorPkg: com.smile.gifmaker UnderlyingNetworks: Null] ], mPriority=0, state=UNSATISFIED, mAttachedDataNetwork=null, created time=01:32:02.243, evaluation result=null]
03-27 01:32:03.036  2354  2354 E TNP     : onNetworkUnneeded: Unable to get phone. phoneId=-1
03-27 01:32:04.168  2354  2354 D TNP     : onNetworkNeeded: Not applied. [NetworkRequest [ REQUEST id=437, [ Capabilities: INTERNET&NOT_RESTRICTED&TRUSTED&NOT_VCN_MANAGED&NOT_BANDWIDTH_CONSTRAINED Uid: 10382 RequestorUid: 10382 RequestorPkg: com.zhihu.android UnderlyingNetworks: Null] ], mPriority=0, state=UNSATISFIED, mAttachedDataNetwork=null, created time=01:32:04.166, evaluation result=null]
03-27 01:32:08.731  2354  2354 D TNP     : onNetworkNeeded: Not applied. [NetworkRequest [ REQUEST id=447, [ Capabilities: INTERNET&NOT_RESTRICTED&TRUSTED&NOT_VCN_MANAGED&NOT_BANDWIDTH_CONSTRAINED Uid: 10324 RequestorUid: 10324 RequestorPkg: com.kuaishou.nebula UnderlyingNetworks: Null] ], mPriority=0, state=UNSATISFIED, mAttachedDataNetwork=null, created time=01:32:08.728, evaluation result=null]
03-27 01:32:09.826  2354  2354 E TNP     : onNetworkUnneeded: Unable to get phone. phoneId=-1
03-27 01:32:10.205  2354  2354 D TNP     : onNetworkNeeded: Not applied. [NetworkRequest [ REQUEST id=450, [ Capabilities: INTERNET&NOT_RESTRICTED&TRUSTED&NOT_VCN_MANAGED&NOT_BANDWIDTH_CONSTRAINED Uid: 10328 RequestorUid: 10328 RequestorPkg: com.luna.music UnderlyingNetworks: Null] ], mPriority=0, state=UNSATISFIED, mAttachedDataNetwork=null, created time=01:32:10.205, evaluation result=null]
03-27 01:32:12.401  2354  2354 E TNP     : onNetworkUnneeded: Unable to get phone. phoneId=-1
03-27 01:32:13.437  2354  2354 D TNP     : onNetworkNeeded: Not applied. [NetworkRequest [ REQUEST id=453, [ Capabilities: INTERNET&NOT_RESTRICTED&TRUSTED&NOT_VCN_MANAGED&NOT_BANDWIDTH_CONSTRAINED Uid: 10382 RequestorUid: 10382 RequestorPkg: com.zhihu.android UnderlyingNetworks: Null] ], mPriority=0, state=UNSATISFIED, mAttachedDataNetwork=null, created time=01:32:13.437, evaluation result=null]
03-27 01:32:14.410  2354  2354 E TNP     : onNetworkUnneeded: Unable to get phone. phoneId=-1
03-27 01:32:30.235  2354  2354 D TNP     : onNetworkNeeded: Not applied. [NetworkRequest [ REQUEST id=461, [ Capabilities: INTERNET&NOT_RESTRICTED&TRUSTED&NOT_VCN_MANAGED&NOT_BANDWIDTH_CONSTRAINED Uid: 10347 RequestorUid: 10347 RequestorPkg: com.ss.android.article.news UnderlyingNetworks: Null] ], mPriority=0, state=UNSATISFIED, mAttachedDataNetwork=null, created time=01:32:30.223, evaluation result=null]
03-27 01:32:40.804  2354  2354 E TNP     : onNetworkUnneeded: Unable to get phone. phoneId=-1
03-27 01:32:40.815  2354  2354 E TNP     : onNetworkUnneeded: Unable to get phone. phoneId=-1
03-27 01:32:41.539  2354  2354 E TNP     : onNetworkUnneeded: Unable to get phone. phoneId=-1
03-27 01:32:42.196  2354  2354 E TNP     : onNetworkUnneeded: Unable to get phone. phoneId=-1
03-27 01:32:42.752  2354  2354 D TNP     : onNetworkNeeded: Not applied. [NetworkRequest [ REQUEST id=469, [ Capabilities: INTERNET&NOT_RESTRICTED&TRUSTED&NOT_VCN_MANAGED&NOT_BANDWIDTH_CONSTRAINED Uid: 10332 RequestorUid: 10332 RequestorPkg: com.netease.cloudmusic UnderlyingNetworks: Null] ], mPriority=0, state=UNSATISFIED, mAttachedDataNetwork=null, created time=01:32:42.748, evaluation result=null]
03-27 01:32:43.453  2354  2354 E TNP     : onNetworkUnneeded: Unable to get phone. phoneId=-1
03-27 01:32:48.670  2354  2354 E TNP     : onNetworkUnneeded: Unable to get phone. phoneId=-1
03-27 01:32:49.127  2354  2354 D RILJ    : [0072]> GET_CELL_INFO_LIST [PHONE0]
03-27 01:32:49.161  1180  1265 D RILC    : getCellInfoList_1_6: serial 72
03-27 01:32:49.162  1180  1265 I RILC-CommandInfo: getCommandInfo not found(request=109 halVer=16)
03-27 01:32:49.162  1180  1265 I RILC-CommandInfo: getCommandInfo found {request=109 halVer=16}
03-27 01:32:49.224  1180  1280 D RILC    : RequestComplete, RIL_SOCKET_1
03-27 01:32:49.224  1180  1280 E RILC    : Calling responseFunction() for token 72
03-27 01:32:49.224  1180  1280 D RILC    : radio::getCellInfoListResponse_1_6: serial 72
03-27 01:32:49.224  1180  1280 D RILC-HIDL: HidlHalNetworkResponse_1_6::getCellInfoListResponse_1_6: serial 72
03-27 01:32:49.232  2354  2503 D RILJ    : [0072]< GET_CELL_INFO_LIST [CellInfoLte:{mRegistered=YES mTimeStamp=709338658874ns mCellConnectionStatus=1 CellIdentityLte:{ mCi=[****] mPci=[****] mTac=[****] mEarfcn=[****] mBands=[40] mBandwidth=20000 mMcc=460 mMnc=00 mAlphaLong= mAlphaShort= mAdditionalPlmns={} mCsgInfo=null} CellSignalStrengthLte: rssi=2147483647 rsrp=-62 rsrq=-3 rssnr=24 cqiTableIndex=2147483647 cqi=2147483647 ta=0 level=4 parametersUseForLevel=1 android.telephony.CellConfigLte :{ isEndcAvailable = false }}] [PHONE0]
03-27 01:32:49.248  2354  2354 D LocaleTracker-0: processCellInfo: cell info=[CellInfoLte:{mRegistered=YES mTimeStamp=709338658874ns mCellConnectionStatus=1 CellIdentityLte:{ mCi=[****] mPci=[****] mTac=[****] mEarfcn=[****] mBands=[40] mBandwidth=20000 mMcc=460 mMnc=00 mAlphaLong= mAlphaShort= mAdditionalPlmns={} mCsgInfo=null} CellSignalStrengthLte: rssi=2147483647 rsrp=-62 rsrq=-3 rssnr=24 cqiTableIndex=2147483647 cqi=2147483647 ta=0 level=4 parametersUseForLevel=1 android.telephony.CellConfigLte :{ isEndcAvailable = false }}]
03-27 01:32:49.257  2354  2354 D LocaleTracker-0: updateLocale: countryIso = cn, countryIsoDebugInfo = OperatorNumeric(46000): MccTable.geoCountryCodeForMccMnc("MccMnc{mcc='460', mnc='00'}")
03-27 01:32:49.263  2354  2354 D LocaleTracker-0: updateLocale: timeZoneCountryIso = cn, timeZoneCountryIsoDebugInfo = OperatorNumeric(46000): MccTable.geoCountryCodeForMccMnc("MccMnc{mcc='460', mnc='00'}")
03-27 01:32:49.272  2354  2354 D NitzStateMachineImpl: handleCountryDetected: countryIsoCode=cn, mLatestNitzSignal=null
03-27 01:32:52.294  2354  2354 E TNP     : onNetworkUnneeded: Unable to get phone. phoneId=-1
03-27 01:32:54.890  2354  2354 D TNP     : onNetworkNeeded: Not applied. [NetworkRequest [ REQUEST id=473, [ Capabilities: INTERNET&NOT_RESTRICTED&TRUSTED&NOT_VCN_MANAGED&NOT_BANDWIDTH_CONSTRAINED Uid: 10380 RequestorUid: 10380 RequestorPkg: com.xunmeng.pinduoduo UnderlyingNetworks: Null] ], mPriority=0, state=UNSATISFIED, mAttachedDataNetwork=null, created time=01:32:54.885, evaluation result=null]
03-27 01:32:56.309  2354  2354 D TNP     : onNetworkNeeded: Not applied. [NetworkRequest [ REQUEST id=476, [ Capabilities: INTERNET&NOT_RESTRICTED&TRUSTED&NOT_VCN_MANAGED&NOT_BANDWIDTH_CONSTRAINED Uid: 10386 RequestorUid: 10386 RequestorPkg: com.tencent.mm UnderlyingNetworks: Null] ], mPriority=0, state=UNSATISFIED, mAttachedDataNetwork=null, created time=01:32:56.309, evaluation result=null]
03-27 01:32:58.837  2354  2354 D TNP     : onNetworkNeeded: Not applied. [NetworkRequest [ REQUEST id=480, [ Capabilities: INTERNET&NOT_RESTRICTED&TRUSTED&NOT_VCN_MANAGED&NOT_BANDWIDTH_CONSTRAINED Uid: 10353 RequestorUid: 10353 RequestorPkg: com.ss.android.ugc.livelite UnderlyingNetworks: Null] ], mPriority=0, state=UNSATISFIED, mAttachedDataNetwork=null, created time=01:32:58.837, evaluation result=null]
03-27 01:32:58.995  2354  2354 D TNP     : onNetworkNeeded: Not applied. [NetworkRequest [ REQUEST id=482, [ Capabilities: NOT_RESTRICTED&TRUSTED&NOT_VPN&NOT_VCN_MANAGED&NOT_BANDWIDTH_CONSTRAINED Forbidden: LOCAL_NETWORK Uid: 10358 RequestorUid: 10358 RequestorPkg: com.tencent.androidqqmail UnderlyingNetworks: Null] ], mPriority=0, state=UNSATISFIED, mAttachedDataNetwork=null, created time=01:32:58.994, evaluation result=null]
03-27 01:32:59.932  2354  2354 D TNP     : onNetworkNeeded: Not applied. [NetworkRequest [ REQUEST id=485, [ Capabilities: INTERNET&NOT_RESTRICTED&TRUSTED&NOT_VCN_MANAGED&NOT_BANDWIDTH_CONSTRAINED Uid: 10213 RequestorUid: 1000 RequestorPkg: android UnderlyingNetworks: Null] ], mPriority=0, state=UNSATISFIED, mAttachedDataNetwork=null, created time=01:32:59.932, evaluation result=null]
03-27 01:32:59.933  2354  2354 D TNP     : onNetworkNeeded: Not applied. [NetworkRequest [ REQUEST id=487, [ Capabilities: INTERNET&NOT_RESTRICTED&TRUSTED&NOT_VCN_MANAGED&NOT_BANDWIDTH_CONSTRAINED Uid: 10358 RequestorUid: 10358 RequestorPkg: com.tencent.androidqqmail UnderlyingNetworks: Null] ], mPriority=0, state=UNSATISFIED, mAttachedDataNetwork=null, created time=01:32:59.933, evaluation result=null]
03-27 01:33:00.636  2354  2354 E TNP     : onNetworkUnneeded: Unable to get phone. phoneId=-1
03-27 01:33:07.860  2354  2354 E TNP     : onNetworkUnneeded: Unable to get phone. phoneId=-1
03-27 01:33:07.975  2354  2354 D TNP     : onNetworkNeeded: Not applied. [NetworkRequest [ REQUEST id=503, [ Capabilities: INTERNET&NOT_RESTRICTED&TRUSTED&NOT_VCN_MANAGED&NOT_BANDWIDTH_CONSTRAINED Uid: 10380 RequestorUid: 10380 RequestorPkg: com.xunmeng.pinduoduo UnderlyingNetworks: Null] ], mPriority=0, state=UNSATISFIED, mAttachedDataNetwork=null, created time=01:33:07.974, evaluation result=null]
03-27 01:33:13.356  2354  2354 E TNP     : onNetworkUnneeded: Unable to get phone. phoneId=-1
03-27 01:33:15.010  2354  2354 D TNP     : onNetworkNeeded: Not applied. [NetworkRequest [ REQUEST id=513, [ Capabilities: INTERNET&NOT_RESTRICTED&TRUSTED&NOT_VCN_MANAGED&NOT_BANDWIDTH_CONSTRAINED Uid: 10324 RequestorUid: 10324 RequestorPkg: com.kuaishou.nebula UnderlyingNetworks: Null] ], mPriority=0, state=UNSATISFIED, mAttachedDataNetwork=null, created time=01:33:14.999, evaluation result=null]
03-27 01:33:15.958  2354  2354 E TNP     : onNetworkUnneeded: Unable to get phone. phoneId=-1
03-27 01:33:15.963  2354  2354 E TNP     : onNetworkUnneeded: Unable to get phone. phoneId=-1
03-27 01:33:29.801  2354  2354 D TNP     : onNetworkNeeded: Not applied. [NetworkRequest [ REQUEST id=533, [ Capabilities: INTERNET&NOT_RESTRICTED&TRUSTED&NOT_VCN_MANAGED&NOT_BANDWIDTH_CONSTRAINED Uid: 10386 RequestorUid: 10386 RequestorPkg: com.tencent.mm UnderlyingNetworks: Null] ], mPriority=0, state=UNSATISFIED, mAttachedDataNetwork=null, created time=01:33:29.801, evaluation result=null]
03-27 01:33:37.612  2354  2354 E TNP     : onNetworkUnneeded: Unable to get phone. phoneId=-1
03-27 01:33:48.417  2354  2354 D TNP     : onNetworkNeeded: Not applied. [NetworkRequest [ REQUEST id=550, [ Capabilities: INTERNET&NOT_RESTRICTED&TRUSTED&NOT_VCN_MANAGED&NOT_BANDWIDTH_CONSTRAINED Uid: 10380 RequestorUid: 10380 RequestorPkg: com.xunmeng.pinduoduo UnderlyingNetworks: Null] ], mPriority=0, state=UNSATISFIED, mAttachedDataNetwork=null, created time=01:33:48.417, evaluation result=null]
03-27 01:33:48.501  2354  2354 D TNP     : onNetworkNeeded: Not applied. [NetworkRequest [ REQUEST id=553, [ Capabilities: INTERNET&NOT_RESTRICTED&TRUSTED&NOT_VCN_MANAGED&NOT_BANDWIDTH_CONSTRAINED Uid: 10386 RequestorUid: 10386 RequestorPkg: com.tencent.mm UnderlyingNetworks: Null] ], mPriority=0, state=UNSATISFIED, mAttachedDataNetwork=null, created time=01:33:48.499, evaluation result=null]
03-27 01:33:49.043  2354  2354 D TNP     : onNetworkNeeded: Not applied. [NetworkRequest [ REQUEST id=555, [ Capabilities: INTERNET&NOT_RESTRICTED&TRUSTED&NOT_VCN_MANAGED&NOT_BANDWIDTH_CONSTRAINED Uid: 10332 RequestorUid: 10332 RequestorPkg: com.netease.cloudmusic UnderlyingNetworks: Null] ], mPriority=0, state=UNSATISFIED, mAttachedDataNetwork=null, created time=01:33:49.034, evaluation result=null]
03-27 01:33:49.670  2354  2354 E TNP     : onNetworkUnneeded: Unable to get phone. phoneId=-1
03-27 01:33:51.571  2354  2354 D TNP     : onNetworkNeeded: Not applied. [NetworkRequest [ REQUEST id=558, [ Capabilities: INTERNET&NOT_RESTRICTED&TRUSTED&NOT_VCN_MANAGED&NOT_BANDWIDTH_CONSTRAINED Uid: 10299 RequestorUid: 10299 RequestorPkg: com.baidu.searchbox UnderlyingNetworks: Null] ], mPriority=0, state=UNSATISFIED, mAttachedDataNetwork=null, created time=01:33:51.571, evaluation result=null]
03-27 01:33:59.303  2354  2354 D TNP     : onNetworkNeeded: Not applied. [NetworkRequest [ REQUEST id=561, [ Capabilities: NOT_RESTRICTED&TRUSTED&NOT_VPN&NOT_VCN_MANAGED&NOT_BANDWIDTH_CONSTRAINED Forbidden: LOCAL_NETWORK Uid: 10358 RequestorUid: 10358 RequestorPkg: com.tencent.androidqqmail UnderlyingNetworks: Null] ], mPriority=0, state=UNSATISFIED, mAttachedDataNetwork=null, created time=01:33:59.303, evaluation result=null]
03-27 01:34:01.243  2354  2354 D TNP     : onNetworkNeeded: Not applied. [NetworkRequest [ REQUEST id=563, [ Capabilities: INTERNET&NOT_RESTRICTED&TRUSTED&NOT_VCN_MANAGED&NOT_BANDWIDTH_CONSTRAINED Uid: 10358 RequestorUid: 10358 RequestorPkg: com.tencent.androidqqmail UnderlyingNetworks: Null] ], mPriority=0, state=UNSATISFIED, mAttachedDataNetwork=null, created time=01:34:01.242, evaluation result=null]
03-27 01:34:05.340  2354  2354 E TNP     : onNetworkUnneeded: Unable to get phone. phoneId=-1
03-27 01:34:05.962  2354  2354 D TNP     : onNetworkNeeded: Not applied. [NetworkRequest [ REQUEST id=576, [ Capabilities: INTERNET&NOT_RESTRICTED&TRUSTED&NOT_VCN_MANAGED&NOT_BANDWIDTH_CONSTRAINED Uid: 10350 RequestorUid: 10350 RequestorPkg: com.ss.android.ugc.aweme UnderlyingNetworks: Null] ], mPriority=0, state=UNSATISFIED, mAttachedDataNetwork=null, created time=01:34:05.961, evaluation result=null]
03-27 01:34:06.104  2354  2354 D TNP     : onNetworkNeeded: Not applied. [NetworkRequest [ REQUEST id=579, [ Capabilities: NOT_RESTRICTED&TRUSTED&NOT_VPN&NOT_VCN_MANAGED&NOT_BANDWIDTH_CONSTRAINED Forbidden: LOCAL_NETWORK Uid: 10358 RequestorUid: 10358 RequestorPkg: com.tencent.androidqqmail UnderlyingNetworks: Null] ], mPriority=0, state=UNSATISFIED, mAttachedDataNetwork=null, created time=01:34:06.104, evaluation result=null]
03-27 01:34:06.608  2354  2354 E TNP     : onNetworkUnneeded: Unable to get phone. phoneId=-1
03-27 01:34:06.608  2354  2354 E TNP     : onNetworkUnneeded: Unable to get phone. phoneId=-1
03-27 01:34:06.608  2354  2354 E TNP     : onNetworkUnneeded: Unable to get phone. phoneId=-1
03-27 01:34:06.608  2354  2354 E TNP     : onNetworkUnneeded: Unable to get phone. phoneId=-1
03-27 01:34:06.618  2354  2354 E TNP     : onNetworkUnneeded: Unable to get phone. phoneId=-1
03-27 01:34:07.022  2354  2354 E TNP     : onNetworkUnneeded: Unable to get phone. phoneId=-1
03-27 01:34:07.561  2354  2354 E TNP     : onNetworkUnneeded: Unable to get phone. phoneId=-1
03-27 01:34:08.657  2354  2354 D TNP     : onNetworkNeeded: Not applied. [NetworkRequest [ REQUEST id=584, [ Capabilities: INTERNET&NOT_RESTRICTED&TRUSTED&NOT_VCN_MANAGED&NOT_BANDWIDTH_CONSTRAINED Uid: 10348 RequestorUid: 10348 RequestorPkg: com.ss.android.article.video UnderlyingNetworks: Null] ], mPriority=0, state=UNSATISFIED, mAttachedDataNetwork=null, created time=01:34:08.651, evaluation result=null]
03-27 01:34:10.319  2354  2354 E TNP     : onNetworkUnneeded: Unable to get phone. phoneId=-1
03-27 01:34:11.000  2354  2354 D TNP     : onNetworkNeeded: Not applied. [NetworkRequest [ REQUEST id=587, [ Capabilities: INTERNET&NOT_RESTRICTED&TRUSTED&NOT_VCN_MANAGED&NOT_BANDWIDTH_CONSTRAINED Uid: 10358 RequestorUid: 10358 RequestorPkg: com.tencent.androidqqmail UnderlyingNetworks: Null] ], mPriority=0, state=UNSATISFIED, mAttachedDataNetwork=null, created time=01:34:11.000, evaluation result=null]
03-27 01:34:11.048  2354  2354 E TNP     : onNetworkUnneeded: Unable to get phone. phoneId=-1
03-27 01:34:17.830  2354  2354 D TNP     : onNetworkNeeded: Not applied. [NetworkRequest [ REQUEST id=595, [ Capabilities: INTERNET&NOT_RESTRICTED&TRUSTED&NOT_VCN_MANAGED&NOT_BANDWIDTH_CONSTRAINED Uid: 10328 RequestorUid: 10328 RequestorPkg: com.luna.music UnderlyingNetworks: Null] ], mPriority=0, state=UNSATISFIED, mAttachedDataNetwork=null, created time=01:34:17.829, evaluation result=null]
03-27 01:34:17.876  2354  2354 D TNP     : onNetworkNeeded: Not applied. [NetworkRequest [ REQUEST id=598, [ Capabilities: INTERNET&NOT_RESTRICTED&TRUSTED&NOT_VCN_MANAGED&NOT_BANDWIDTH_CONSTRAINED Uid: 10347 RequestorUid: 10347 RequestorPkg: com.ss.android.article.news UnderlyingNetworks: Null] ], mPriority=0, state=UNSATISFIED, mAttachedDataNetwork=null, created time=01:34:17.875, evaluation result=null]
03-27 01:34:23.585  2354  2354 E TNP     : onNetworkUnneeded: Unable to get phone. phoneId=-1
03-27 01:34:24.854  2354  2354 D TNP     : onNetworkNeeded: Not applied. [NetworkRequest [ REQUEST id=601, [ Capabilities: INTERNET&NOT_RESTRICTED&TRUSTED&NOT_VCN_MANAGED&NOT_BANDWIDTH_CONSTRAINED Uid: 10351 RequestorUid: 10351 RequestorPkg: com.ss.android.ugc.aweme.lite UnderlyingNetworks: Null] ], mPriority=0, state=UNSATISFIED, mAttachedDataNetwork=null, created time=01:34:24.852, evaluation result=null]
03-27 01:34:27.446  2354  2354 E TNP     : onNetworkUnneeded: Unable to get phone. phoneId=-1
03-27 01:34:27.446  2354  2354 E TNP     : onNetworkUnneeded: Unable to get phone. phoneId=-1
03-27 01:34:28.448  2354  2354 D TNP     : onNetworkNeeded: Not applied. [NetworkRequest [ REQUEST id=605, [ Capabilities: INTERNET&NOT_RESTRICTED&TRUSTED&NOT_VCN_MANAGED&NOT_BANDWIDTH_CONSTRAINED Uid: 10332 RequestorUid: 10332 RequestorPkg: com.netease.cloudmusic UnderlyingNetworks: Null] ], mPriority=0, state=UNSATISFIED, mAttachedDataNetwork=null, created time=01:34:28.447, evaluation result=null]
03-27 01:34:32.758  2354  2354 D TNP     : onNetworkNeeded: Not applied. [NetworkRequest [ REQUEST id=609, [ Capabilities: INTERNET&NOT_RESTRICTED&TRUSTED&NOT_VCN_MANAGED&NOT_BANDWIDTH_CONSTRAINED Uid: 10324 RequestorUid: 10324 RequestorPkg: com.kuaishou.nebula UnderlyingNetworks: Null] ], mPriority=0, state=UNSATISFIED, mAttachedDataNetwork=null, created time=01:34:32.755, evaluation result=null]
03-27 01:34:33.356  2354  2354 D TNP     : onNetworkNeeded: Not applied. [NetworkRequest [ REQUEST id=612, [ Capabilities: INTERNET&NOT_RESTRICTED&TRUSTED&NOT_VCN_MANAGED&NOT_BANDWIDTH_CONSTRAINED Uid: 10350 RequestorUid: 10350 RequestorPkg: com.ss.android.ugc.aweme UnderlyingNetworks: Null] ], mPriority=0, state=UNSATISFIED, mAttachedDataNetwork=null, created time=01:34:33.354, evaluation result=null]
03-27 01:34:33.907  2354  2354 E TNP     : onNetworkUnneeded: Unable to get phone. phoneId=-1
03-27 01:34:39.043  2354  2354 D TNP     : onNetworkNeeded: Not applied. [NetworkRequest [ REQUEST id=620, [ Capabilities: INTERNET&NOT_RESTRICTED&TRUSTED&NOT_VCN_MANAGED&NOT_BANDWIDTH_CONSTRAINED Uid: 10352 RequestorUid: 10352 RequestorPkg: com.ss.android.ugc.live UnderlyingNetworks: Null] ], mPriority=0, state=UNSATISFIED, mAttachedDataNetwork=null, created time=01:34:39.043, evaluation result=null]
03-27 01:34:39.462  2354  2354 E TNP     : onNetworkUnneeded: Unable to get phone. phoneId=-1
03-27 01:34:41.339  2354  2354 E TNP     : onNetworkUnneeded: Unable to get phone. phoneId=-1
03-27 01:34:46.960  2354  2354 D TNP     : onNetworkNeeded: Not applied. [NetworkRequest [ REQUEST id=627, [ Capabilities: INTERNET&NOT_RESTRICTED&TRUSTED&NOT_VCN_MANAGED&NOT_BANDWIDTH_CONSTRAINED Uid: 10382 RequestorUid: 10382 RequestorPkg: com.zhihu.android UnderlyingNetworks: Null] ], mPriority=0, state=UNSATISFIED, mAttachedDataNetwork=null, created time=01:34:46.959, evaluation result=null]
03-27 01:35:01.084  2354  2354 D TNP     : onNetworkNeeded: Not applied. [NetworkRequest [ REQUEST id=639, [ Capabilities: INTERNET&NOT_RESTRICTED&TRUSTED&NOT_VCN_MANAGED&NOT_BANDWIDTH_CONSTRAINED Uid: 10382 RequestorUid: 10382 RequestorPkg: com.zhihu.android UnderlyingNetworks: Null] ], mPriority=0, state=UNSATISFIED, mAttachedDataNetwork=null, created time=01:35:01.083, evaluation result=null]
03-27 01:35:01.463  2354  2354 D TNP     : onNetworkNeeded: Not applied. [NetworkRequest [ REQUEST id=641, [ Capabilities: INTERNET&NOT_RESTRICTED&TRUSTED&NOT_VCN_MANAGED&NOT_BANDWIDTH_CONSTRAINED Uid: 10351 RequestorUid: 10351 RequestorPkg: com.ss.android.ugc.aweme.lite UnderlyingNetworks: Null] ], mPriority=0, state=UNSATISFIED, mAttachedDataNetwork=null, created time=01:35:01.462, evaluation result=null]
03-27 01:35:02.743  2354  2354 E TNP     : onNetworkUnneeded: Unable to get phone. phoneId=-1
03-27 01:35:04.231  2354  2354 D TNP     : onNetworkNeeded: Not applied. [NetworkRequest [ REQUEST id=648, [ Capabilities: INTERNET&NOT_RESTRICTED&TRUSTED&NOT_VCN_MANAGED&NOT_BANDWIDTH_CONSTRAINED Uid: 10382 RequestorUid: 10382 RequestorPkg: com.zhihu.android UnderlyingNetworks: Null] ], mPriority=0, state=UNSATISFIED, mAttachedDataNetwork=null, created time=01:35:04.231, evaluation result=null]
03-27 01:35:12.678  2354  2354 E TNP     : onNetworkUnneeded: Unable to get phone. phoneId=-1
03-27 01:35:12.691  2354  2354 E TNP     : onNetworkUnneeded: Unable to get phone. phoneId=-1
03-27 01:35:12.703  2354  2354 E TNP     : onNetworkUnneeded: Unable to get phone. phoneId=-1
03-27 01:35:12.906  2354  2354 E TNP     : onNetworkUnneeded: Unable to get phone. phoneId=-1
03-27 01:35:17.805  2354  2354 D TNP     : onNetworkNeeded: Not applied. [NetworkRequest [ REQUEST id=663, [ Capabilities: INTERNET&NOT_RESTRICTED&TRUSTED&NOT_VCN_MANAGED&NOT_BANDWIDTH_CONSTRAINED Uid: 10289 RequestorUid: 10289 RequestorPkg: cn.wps.moffice_eng UnderlyingNetworks: Null] ], mPriority=0, state=UNSATISFIED, mAttachedDataNetwork=null, created time=01:35:17.805, evaluation result=null]
03-27 01:35:20.121  2354  2354 E TNP     : onNetworkUnneeded: Unable to get phone. phoneId=-1
03-27 01:35:20.129  2354  2354 E TNP     : onNetworkUnneeded: Unable to get phone. phoneId=-1
03-27 01:35:35.637  2354  2354 D TNP     : onNetworkNeeded: Not applied. [NetworkRequest [ REQUEST id=667, [ Capabilities: INTERNET&NOT_RESTRICTED&TRUSTED&NOT_VCN_MANAGED&NOT_BANDWIDTH_CONSTRAINED Uid: 10351 RequestorUid: 10351 RequestorPkg: com.ss.android.ugc.aweme.lite UnderlyingNetworks: Null] ], mPriority=0, state=UNSATISFIED, mAttachedDataNetwork=null, created time=01:35:35.636, evaluation result=null]
03-27 01:36:34.257  2354  2354 D TNP     : onNetworkNeeded: Not applied. [NetworkRequest [ REQUEST id=671, [ Capabilities: INTERNET&NOT_RESTRICTED&TRUSTED&NOT_VCN_MANAGED&NOT_BANDWIDTH_CONSTRAINED Uid: 10219 RequestorUid: 10219 RequestorPkg: com.google.android.apps.photos UnderlyingNetworks: Null] ], mPriority=0, state=UNSATISFIED, mAttachedDataNetwork=null, created time=01:36:34.256, evaluation result=null]
03-27 01:36:34.302  1539  2767 D TelephonyRegistry: listen oscl: mHasNotifySubscriptionInfoChangedOccurred==false no callback
03-27 01:36:34.306  2354  2354 D TNP     : onNetworkNeeded: Not applied. [NetworkRequest [ REQUEST id=673, [ Capabilities: INTERNET&NOT_RESTRICTED&TRUSTED&NOT_VCN_MANAGED&NOT_BANDWIDTH_CONSTRAINED Uid: 10147 RequestorUid: 10147 RequestorPkg: com.android.vending UnderlyingNetworks: Null] ], mPriority=0, state=UNSATISFIED, mAttachedDataNetwork=null, created time=01:36:34.305, evaluation result=null]
03-27 01:36:34.411  1539  3607 D TelephonyRegistry: listen oscl: mHasNotifySubscriptionInfoChangedOccurred==false no callback
03-27 01:36:35.236  2354  2354 D TNP     : onNetworkNeeded: Not applied. [NetworkRequest [ REQUEST id=675, [ Capabilities: INTERNET&NOT_RESTRICTED&TRUSTED&NOT_VCN_MANAGED&NOT_BANDWIDTH_CONSTRAINED Uid: 10324 RequestorUid: 10324 RequestorPkg: com.kuaishou.nebula UnderlyingNetworks: Null] ], mPriority=0, state=UNSATISFIED, mAttachedDataNetwork=null, created time=01:36:35.235, evaluation result=null]
03-27 01:36:35.694  2354  2354 D TNP     : onNetworkNeeded: Not applied. [NetworkRequest [ REQUEST id=679, [ Transports: SATELLITE Capabilities: INTERNET&NOT_RESTRICTED&TRUSTED&NOT_VCN_MANAGED Uid: 10180 RequestorUid: 10180 RequestorPkg: com.google.android.gms UnderlyingNetworks: Null] ], mPriority=0, state=UNSATISFIED, mAttachedDataNetwork=null, created time=01:36:35.693, evaluation result=null]
03-27 01:36:37.407  2354  2354 D TNP     : onNetworkNeeded: Not applied. [NetworkRequest [ REQUEST id=682, [ Capabilities: INTERNET&NOT_RESTRICTED&TRUSTED&NOT_VCN_MANAGED&NOT_BANDWIDTH_CONSTRAINED Uid: 10324 RequestorUid: 10324 RequestorPkg: com.kuaishou.nebula UnderlyingNetworks: Null] ], mPriority=0, state=UNSATISFIED, mAttachedDataNetwork=null, created time=01:36:37.406, evaluation result=null]
03-27 01:36:45.198  1539  3583 D TelephonyRegistry: listen oscl: mHasNotifySubscriptionInfoChangedOccurred==false no callback
03-27 01:36:45.487  2354  2354 D TNP     : onNetworkNeeded: Not applied. [NetworkRequest [ REQUEST id=686, [ Capabilities: INTERNET&NOT_RESTRICTED&TRUSTED&NOT_VCN_MANAGED&NOT_BANDWIDTH_CONSTRAINED Uid: 10147 RequestorUid: 10147 RequestorPkg: com.android.vending UnderlyingNetworks: Null] ], mPriority=0, state=UNSATISFIED, mAttachedDataNetwork=null, created time=01:36:45.486, evaluation result=null]
03-27 01:38:55.438  2354  2354 D TNP     : onNetworkNeeded: Not applied. [NetworkRequest [ REQUEST id=689, [ Transports: SATELLITE Capabilities: INTERNET&TRUSTED&NOT_VCN_MANAGED Uid: 10175 RequestorUid: 10175 RequestorPkg: com.google.android.apps.messaging UnderlyingNetworks: Null] ], mPriority=0, state=UNSATISFIED, mAttachedDataNetwork=null, created time=01:38:55.437, evaluation result=null]
03-27 01:38:55.846  2354  2354 D TNP     : onNetworkNeeded: Not applied. [NetworkRequest [ REQUEST id=691, [ Capabilities: INTERNET&NOT_RESTRICTED&TRUSTED&NOT_VCN_MANAGED&NOT_BANDWIDTH_CONSTRAINED Uid: 10159 RequestorUid: 10159 RequestorPkg: com.google.android.googlequicksearchbox UnderlyingNetworks: Null] ], mPriority=0, state=UNSATISFIED, mAttachedDataNetwork=null, created time=01:38:55.846, evaluation result=null]
03-27 01:42:49.387  2354  2354 D RILJ    : [0073]> GET_CELL_INFO_LIST [PHONE0]
03-27 01:42:49.393  1180  1265 D RILC    : getCellInfoList_1_6: serial 73
03-27 01:42:49.395  1180  1265 I RILC-CommandInfo: getCommandInfo not found(request=109 halVer=16)
03-27 01:42:49.395  1180  1265 I RILC-CommandInfo: getCommandInfo found {request=109 halVer=16}
03-27 01:42:49.458  1180  1280 D RILC    : RequestComplete, RIL_SOCKET_1
03-27 01:42:49.458  1180  1280 E RILC    : Calling responseFunction() for token 73
03-27 01:42:49.459  1180  1280 D RILC    : radio::getCellInfoListResponse_1_6: serial 73
03-27 01:42:49.460  1180  1280 D RILC-HIDL: HidlHalNetworkResponse_1_6::getCellInfoListResponse_1_6: serial 73
03-27 01:42:49.467  2354  2503 D RILJ    : [0073]< GET_CELL_INFO_LIST [CellInfoLte:{mRegistered=YES mTimeStamp=1309573067288ns mCellConnectionStatus=1 CellIdentityLte:{ mCi=[****] mPci=[****] mTac=[****] mEarfcn=[****] mBands=[40] mBandwidth=20000 mMcc=460 mMnc=00 mAlphaLong= mAlphaShort= mAdditionalPlmns={} mCsgInfo=null} CellSignalStrengthLte: rssi=2147483647 rsrp=-60 rsrq=-3 rssnr=21 cqiTableIndex=2147483647 cqi=2147483647 ta=0 level=4 parametersUseForLevel=1 android.telephony.CellConfigLte :{ isEndcAvailable = false }}] [PHONE0]
03-27 01:42:49.471  2354  2354 D LocaleTracker-0: processCellInfo: cell info=[CellInfoLte:{mRegistered=YES mTimeStamp=1309573067288ns mCellConnectionStatus=1 CellIdentityLte:{ mCi=[****] mPci=[****] mTac=[****] mEarfcn=[****] mBands=[40] mBandwidth=20000 mMcc=460 mMnc=00 mAlphaLong= mAlphaShort= mAdditionalPlmns={} mCsgInfo=null} CellSignalStrengthLte: rssi=2147483647 rsrp=-60 rsrq=-3 rssnr=21 cqiTableIndex=2147483647 cqi=2147483647 ta=0 level=4 parametersUseForLevel=1 android.telephony.CellConfigLte :{ isEndcAvailable = false }}]
03-27 01:42:49.472  2354  2354 D LocaleTracker-0: updateLocale: countryIso = cn, countryIsoDebugInfo = OperatorNumeric(46000): MccTable.geoCountryCodeForMccMnc("MccMnc{mcc='460', mnc='00'}")
03-27 01:42:49.472  2354  2354 D LocaleTracker-0: updateLocale: timeZoneCountryIso = cn, timeZoneCountryIsoDebugInfo = OperatorNumeric(46000): MccTable.geoCountryCodeForMccMnc("MccMnc{mcc='460', mnc='00'}")
03-27 01:42:49.473  2354  2354 D NitzStateMachineImpl: handleCountryDetected: countryIsoCode=cn, mLatestNitzSignal=null
03-27 01:43:51.759  2354  2354 D RILJ    : [0074]> GET_CELL_INFO_LIST [PHONE0]
03-27 01:43:51.760  1180  1265 D RILC    : getCellInfoList_1_6: serial 74
03-27 01:43:51.760  1180  1265 I RILC-CommandInfo: getCommandInfo not found(request=109 halVer=16)
