03-27 01:21:23.020  2354  2354 D ProxyController: Constructor - Exit
03-27 01:21:23.028  1539  2303 W TelephonyRegistry: Pid 2354 has exceeded half the number of permissible registered listeners. Now at 34
03-27 01:21:23.028  1539  2303 D TelephonyRegistry: listen oscl: mHasNotifySubscriptionInfoChangedOccurred==false no callback
03-27 01:21:23.035  2354  2354 D TNP     : registerNetworkOffer: [ Transports: CELLULAR|SATELLITE Capabilities: MMS&SUPL&DUN&FOTA&IMS&CBS&IA&RCS&XCAP&EIMS&INTERNET&NOT_RESTRICTED&TRUSTED&NOT_VPN&MCX&NOT_VCN_MANAGED&ENTERPRISE&VSIM&BIP&MMTEL&PRIORITIZE_LATENCY&PRIORITIZE_BANDWIDTH&NOT_BANDWIDTH_CONSTRAINED Specifier: <android.net.MatchAllNetworkSpecifier@0> EnterpriseId: 1&2&3&4&5 UnderlyingNetworks: Null]
03-27 01:21:23.039  2354  2354 D RcsProvisioningMonitor: RcsProvisioningMonitor created.
03-27 01:21:23.046  2354  2354 D RcsStats: RcsStats created.
03-27 01:21:23.047  2354  2354 D RcsProvisioningMonitor: init.
03-27 01:21:23.049  2354  2622 W CarrierConfigManager: Error getting config for subId -1 ICarrierConfigLoader is null
03-27 01:21:23.054  1539  2303 W TelephonyRegistry: Pid 2354 has exceeded half the number of permissible registered listeners. Now at 35
03-27 01:21:23.054  1539  2303 D TelephonyRegistry: listen oscl: mHasNotifySubscriptionInfoChangedOccurred==false no callback
03-27 01:21:23.059  2354  2354 D TelephonyCountryDetector: getCurrentNetworkCountryIso: invalid countryIso= for phoneId=0, subId=-1
03-27 01:21:23.059  2354  2354 D TelephonyCountryDetector: isWifiNetworkConnected: false
03-27 01:21:23.059  2354  2354 D TelephonyCountryDetector: Location update was not requested yet
03-27 01:21:23.059  2354  2354 D TelephonyCountryDetector: registerForWifiConnectivityStateChanged
03-27 01:21:23.060  2354  2354 D SatelliteStats: SatelliteStats created.
03-27 01:21:23.082  1539  2302 W TelephonyRegistry: Pid 2354 has exceeded half the number of permissible registered listeners. Now at 36
03-27 01:21:23.084  1539  1847 W TelephonyRegistry: Pid 2354 has exceeded half the number of permissible registered listeners. Now at 37
03-27 01:21:23.084  1539  1847 D TelephonyRegistry: listen oscl: mHasNotifySubscriptionInfoChangedOccurred==false no callback
03-27 01:21:23.098  2354  2354 W CarrierConfigManager: Error getting config for subId -1 ICarrierConfigLoader is null
03-27 01:21:23.099  2354  2354 W CarrierConfigManager: Error getting config for subId -1 ICarrierConfigLoader is null
03-27 01:21:23.103  1539  2304 W TelephonyRegistry: Pid 2354 has exceeded half the number of permissible registered listeners. Now at 38
03-27 01:21:23.113  1539  2302 W TelephonyRegistry: Pid 2354 has exceeded half the number of permissible registered listeners. Now at 39
03-27 01:21:23.124  1539  2303 W TelephonyRegistry: Pid 2354 has exceeded half the number of permissible registered listeners. Now at 40
03-27 01:21:23.126  2354  2354 D ImsStateCallbackController: ImsStateCallbackController created
03-27 01:21:23.127  2354  2354 D ImsStateCallbackController: updateFeatures: oldSlots=0, newNumSlots=1
03-27 01:21:23.131  1539  1572 W TelephonyRegistry: Pid 2354 has exceeded half the number of permissible registered listeners. Now at 41
03-27 01:21:23.131  1539  1572 D TelephonyRegistry: listen oscl: mHasNotifySubscriptionInfoChangedOccurred==false no callback
03-27 01:21:23.132  2354  2354 D RcsStats: created Callback
03-27 01:21:23.133  2354  2354 D RcsStats: UceStatsWriterCallback created.
03-27 01:21:23.134  2354  2633 D ImsStateCallbackController: onExternalRcsStateChanged slotId=0, state=UNAVAILABLE, reason=NO_IMS_SERVICE_CONFIGURED
03-27 01:21:23.135  2354  2354 I ImsProvisioningController: ImsProvisioningController created
03-27 01:21:23.136  2354  2354 D ImsProvisioningController: ImsProvisioningController
03-27 01:21:23.136  1539  1572 W TelephonyRegistry: Pid 2354 has exceeded half the number of permissible registered listeners. Now at 42
03-27 01:21:23.136  1539  1572 D TelephonyRegistry: listen oscl: mHasNotifySubscriptionInfoChangedOccurred==false no callback
03-27 01:21:23.136  2354  2354 D ImsProvisioningController: MmTelFeatureListener[0] created
03-27 01:21:23.137  2354  2354 D ImsProvisioningController: RcsFeatureListener[0] created
03-27 01:21:23.137  2354  2354 D ImsProvisioningController: ProvisioningCallbackManager[0] ProvisioningCallbackManager create
03-27 01:21:23.142  1539  2179 W TelephonyRegistry: Pid 2354 has exceeded half the number of permissible registered listeners. Now at 43
03-27 01:21:23.142  1539  2179 D TelephonyRegistry: listen oscl: mHasNotifySubscriptionInfoChangedOccurred==false no callback
03-27 01:21:23.142  2354  2354 D CallManager: registerForMmiComplete
03-27 01:21:23.145  1539  2304 W TelephonyRegistry: Pid 2354 has exceeded half the number of permissible registered listeners. Now at 44
03-27 01:21:23.153  1539  1572 D TelephonyRegistry: listen oscl: mHasNotifySubscriptionInfoChangedOccurred==false no callback
03-27 01:21:23.163  1539  1613 W TelephonyRegistry: Pid 2354 has exceeded half the number of permissible registered listeners. Now at 45
03-27 01:21:23.163  1539  1613 D TelephonyRegistry: listen oscl: mHasNotifySubscriptionInfoChangedOccurred==false no callback
03-27 01:21:23.164  1539  1846 W TelephonyRegistry: Pid 2354 has exceeded half the number of permissible registered listeners. Now at 46
03-27 01:21:23.174  2354  2354 D CdmaInboundSmsHandler: StartupState.enter: entering StartupState
03-27 01:21:23.174  2354  2354 D GsmInboundSmsHandler: StartupState.enter: entering StartupState
03-27 01:21:23.175  2354  2354 D UiccController: handleMessage: Received RADIO_AVAILABLE for phoneId 0
03-27 01:21:23.175  2354  2354 D UiccController: Received EVENT_RADIO_AVAILABLE/EVENT_RADIO_ON, calling getIccCardStatus
03-27 01:21:23.175  2354  2354 D UiccController: Received EVENT_RADIO_AVAILABLE/EVENT_RADIO_ON for phoneId 0, calling getSimSlotsStatus
03-27 01:21:23.175  2354  2354 D RadioConfig: [0005]> GET_SLOT_STATUS
03-27 01:21:23.175  1180  1265 I RILC-CommandInfo: getCommandInfo not found(request=200 halVer=00)
03-27 01:21:23.175  1180  1265 I RILC-CommandInfo: getCommandInfo found {request=200 halVer=00}
03-27 01:21:23.177  2354  2354 D RILJ    : [0006]> GET_SIM_STATUS [PHONE0]
03-27 01:21:23.177  1180  1265 D RILC    : getIccCardStatus: serial 6
03-27 01:21:23.177  1180  1265 I RILC-CommandInfo: getCommandInfo not found(request=1 halVer=00)
03-27 01:21:23.177  1180  1265 I RILC-CommandInfo: getCommandInfo found {request=1 halVer=00}
03-27 01:21:23.177  2354  2354 D SMSVC   : Subscription database has been initialized.
03-27 01:21:23.177  2354  2354 D SMSVC   : markSubscriptionsInactive: slot 0
03-27 01:21:23.178  2354  2354 D SMSVC   : markSubscriptionsInactive: current mapping []
03-27 01:21:23.178  2354  2354 D SMSVC   : markSubscriptionsInactive: slot 1
03-27 01:21:23.178  2354  2354 D SMSVC   : markSubscriptionsInactive: current mapping []
03-27 01:21:23.178  2354  2354 E GsmCdmaPhone: [0] reapplyUiccAppsEnablementIfNeeded: slot state=null
03-27 01:21:23.179  2354  2354 D RILJ    : [0007]> GET_CURRENT_CALLS [PHONE0]
03-27 01:21:23.179  2354  2354 D GsmSMSDispatcher: GsmSMSDispatcher: subId = -1 slotId = 0
03-27 01:21:23.180  2354  2354 D GsmInboundSmsHandler: StartupState.processMessage: processing EVENT_START_ACCEPTING_SMS
03-27 01:21:23.180  2354  2354 D GsmInboundSmsHandler: IdleState.enter: entering IdleState
03-27 01:21:23.180  2354  2354 D CdmaInboundSmsHandler: StartupState.processMessage: processing EVENT_START_ACCEPTING_SMS
03-27 01:21:23.180  2354  2354 D CdmaInboundSmsHandler: IdleState.enter: entering IdleState
03-27 01:21:23.180  1180  1265 D RILC    : getCurrentCalls_1_6: serial 7
03-27 01:21:23.180  1180  1265 I RILC-CommandInfo: getCommandInfo not found(request=9 halVer=16)
03-27 01:21:23.180  1180  1265 I RILC-CommandInfo: getCommandInfo found {request=9 halVer=16}
03-27 01:21:23.180  1180  1276 E RIL     : [EmergencyCallHelper] IsUnderWaiting() mUnderWaiting:0
03-27 01:21:23.181  2354  2354 D RILJ    : [0008]> IMS_REGISTRATION_STATE [PHONE0]
03-27 01:21:23.181  1180  1265 D RILC    : getImsRegistrationState: serial 8
03-27 01:21:23.181  1180  1265 I RILC-CommandInfo: getCommandInfo not found(request=112 halVer=00)
03-27 01:21:23.181  1180  1265 I RILC-CommandInfo: getCommandInfo found {request=112 halVer=00}
03-27 01:21:23.181  1180  1283 D RILC    : RequestComplete, RIL_SOCKET_1
03-27 01:21:23.181  1180  1283 E RILC    : Calling responseFunction() for token 8
03-27 01:21:23.181  1180  1283 D RILC    : radio::getImsRegistrationStateResponse: serial 8
03-27 01:21:23.181  1180  1283 D RILC-HIDL: HidlHalNetworkResponse::getImsRegistrationStateResponse: serial 8
03-27 01:21:23.181  1180  1283 E RILC-HIDL: getImsRegistrationStateResponse Invalid response: NULL
03-27 01:21:23.182  2354  2503 D RILJ    : [0008]< IMS_REGISTRATION_STATE error 2 [PHONE0]
03-27 01:21:23.182  2354  2503 D RilRequest: [0008]< IMS_REGISTRATION_STATE error: com.android.internal.telephony.CommandException: GENERIC_FAILURE ret={0, 1} result={ when=-23s288ms what=13 target=com.android.internal.telephony.SmsDispatchersController async=false heapIndex=-1 }
03-27 01:21:23.182  2354  2354 D RILJ    : [0009]> BASEBAND_VERSION [PHONE0]
03-27 01:21:23.182  1180  1265 D RILC    : getBasebandVersion: serial 9
03-27 01:21:23.182  1180  1265 I RILC-CommandInfo: getCommandInfo not found(request=51 halVer=00)
03-27 01:21:23.182  1180  1265 I RILC-CommandInfo: getCommandInfo found {request=51 halVer=00}
03-27 01:21:23.182  2354  2354 E RILJ    : getImei not supported on service MODEM < 2.1. [PHONE0]
03-27 01:21:23.182  2354  2354 D RILJ    : [0010]> DEVICE_IDENTITY [PHONE0]
03-27 01:21:23.183  1180  1265 D RILC    : getDeviceIdentity: serial 10
03-27 01:21:23.183  1180  1265 I RILC-CommandInfo: getCommandInfo not found(request=98 halVer=00)
03-27 01:21:23.183  1180  1265 I RILC-CommandInfo: getCommandInfo found {request=98 halVer=00}
03-27 01:21:23.183  2354  2354 D RILJ    : [0011]> GET_RADIO_CAPABILITY [PHONE0]
03-27 01:21:23.183  1180  1265 D RILC    : getRadioCapability: serial 11
03-27 01:21:23.183  1180  1265 I RILC-CommandInfo: getCommandInfo not found(request=130 halVer=00)
03-27 01:21:23.183  1180  1265 I RILC-CommandInfo: getCommandInfo found {request=130 halVer=00}
03-27 01:21:23.184  2354  2354 D RILJ    : [0012]> GET_UICC_APPLICATIONS_ENABLEMENT [PHONE0]
03-27 01:21:23.184  1180  1265 D RILC    : areUiccApplicationsEnabled: 12
03-27 01:21:23.185  1180  1265 I RILC-CommandInfo: getCommandInfo not found(request=209 halVer=00)
03-27 01:21:23.185  1180  1265 I RILC-CommandInfo: getCommandInfo found {request=209 halVer=00}
03-27 01:21:23.200  2354  2354 E RILJ    : setNullCipherAndIntegrityEnabled not supported on service NETWORK < 2.1. [PHONE0]
03-27 01:21:23.201  2354  2354 D CellularIdentifierDisclosureNotifier: disabled
03-27 01:21:23.203  2354  2649 D CellularIdentifierDisclosureNotifier: On disable notifier
03-27 01:21:23.204  2354  2354 E RILJ    : setCellularIdentifierTransparencyEnabled not supported on service NETWORK < 2.2. [PHONE0]
03-27 01:21:23.204  2354  2354 D NullCipherNotifier: disabled
03-27 01:21:23.204  2354  2354 E RILJ    : setSecurityAlgorithmsUpdatedEnabled not supported on service NETWORK < 2.2. [PHONE0]
03-27 01:21:23.205  2354  2354 D GsmCdmaPhone: [0] Event EVENT_RADIO_ON Received
03-27 01:21:23.205  2354  2650 I NullCipherNotifier: On enable notifier. Enable value: false
03-27 01:21:23.206  2354  2354 D RILJ    : [0013]> VOICE_RADIO_TECH [PHONE0]
03-27 01:21:23.207  1180  1265 D RILC    : getVoiceRadioTechnology: serial 13
03-27 01:21:23.207  1180  1265 I RILC-CommandInfo: getCommandInfo not found(request=108 halVer=00)
03-27 01:21:23.207  1180  1265 I RILC-CommandInfo: getCommandInfo found {request=108 halVer=00}
03-27 01:21:23.207  2354  2354 D GsmCdmaPhone: [0] EVENT EVENT_RADIO_STATE_CHANGED
03-27 01:21:23.207  2354  2354 D GsmCdmaPhone: handleRadioPowerStateChange, state= 1
03-27 01:21:23.210  2354  2354 D ANM-0   : bind to com.shannon.qualifiednetworksservice
03-27 01:21:23.212  2354  2354 D SSCtr   : No matching configuration
03-27 01:21:23.214  2354  2354 D RILJ    : [0014]> SET_SIGNAL_STRENGTH_REPORTING_CRITERIA [PHONE0]
03-27 01:21:23.214  1180  1265 D RILC    : setSignalStrengthReportingCriteria_1_5: 14
03-27 01:21:23.214  1180  1265 I RILC-CommandInfo: getCommandInfo not found(request=202 halVer=15)
03-27 01:21:23.214  1180  1265 I RILC-CommandInfo: getCommandInfo found {request=202 halVer=15}
03-27 01:21:23.214  1180  1265 D RILC    : setSignalStrengthReportingCriteria_1_5: 14
03-27 01:21:23.214  1180  1265 I RILC-CommandInfo: getCommandInfo not found(request=202 halVer=15)
03-27 01:21:23.214  1180  1265 I RILC-CommandInfo: getCommandInfo found {request=202 halVer=15}
03-27 01:21:23.215  1180  1265 D RILC    : setSignalStrengthReportingCriteria_1_5: 14
03-27 01:21:23.215  1180  1265 I RILC-CommandInfo: getCommandInfo not found(request=202 halVer=15)
03-27 01:21:23.215  1180  1265 I RILC-CommandInfo: getCommandInfo found {request=202 halVer=15}
03-27 01:21:23.215  1180  1265 D RILC    : setSignalStrengthReportingCriteria_1_5: 14
03-27 01:21:23.215  1180  1265 I RILC-CommandInfo: getCommandInfo not found(request=202 halVer=15)
03-27 01:21:23.215  1180  1265 I RILC-CommandInfo: getCommandInfo found {request=202 halVer=15}
03-27 01:21:23.215  2354  2354 D SSCtr   : setSignalStrengthReportingCriteria consolidatedSignalThresholdInfos=[SignalThresholdInfo{mRan=1 mSignalMeasurementType=1 mHysteresisMs=3000 mHysteresisDb=2 mThresholds=[-109, -103, -97, -89] mIsEnabled=true}, SignalThresholdInfo{mRan=2 mSignalMeasurementType=2 mHysteresisMs=3000 mHysteresisDb=2 mThresholds=[-114, -104, -94, -84] mIsEnabled=true}, SignalThresholdInfo{mRan=3 mSignalMeasurementType=3 mHysteresisMs=3000 mHysteresisDb=2 mThresholds=[-128, -118, -108, -98] mIsEnabled=true}, SignalThresholdInfo{mRan=4 mSignalMeasurementType=1 mHysteresisMs=3000 mHysteresisDb=2 mThresholds=[-105, -90, -75, -65] mIsEnabled=true}, SignalThresholdInfo{mRan=3 mSignalMeasurementType=4 mHysteresisMs=3000 mHysteresisDb=2 mThresholds=[] mIsEnabled=false}, SignalThresholdInfo{mRan=3 mSignalMeasurementType=5 mHysteresisMs=3000 mHysteresisDb=2 mThresholds=[-3, 1, 5, 13] mIsEnabled=true}, SignalThresholdInfo{mRan=6 mSignalMeasurementType=6 mHysteresisMs=3000 mHysteresisDb=2 mThresholds=[-110, -90, -80, -65] mIsEnabled=true}, SignalThresholdInfo{mRan=6 mSignalMeasurementType=7 mHysteresisMs=3000 mHysteresisDb=2 mThresholds=[] mIsEnabled=false}, SignalThresholdInfo{mRan=6 mSignalMeasurementType=8 mHysteresisMs=3000 mHysteresisDb=2 mThresholds=[] mIsEnabled=false}, SignalThresholdInfo{mRan=2 mSignalMeasurementType=9 mHysteresisMs=3000 mHysteresisDb=2 mThresholds=[] mIsEnabled=false}]
03-27 01:21:23.215  2354  2354 D SSCtr   : No matching configuration
03-27 01:21:23.216  2354  2354 D RILJ    : [0015]> SET_SIGNAL_STRENGTH_REPORTING_CRITERIA [PHONE0]
03-27 01:21:23.216  1180  1265 D RILC    : setSignalStrengthReportingCriteria_1_5: 14
03-27 01:21:23.216  1180  1265 I RILC-CommandInfo: getCommandInfo not found(request=202 halVer=15)
03-27 01:21:23.216  1180  1265 I RILC-CommandInfo: getCommandInfo found {request=202 halVer=15}
03-27 01:21:23.216  2354  2354 D SSCtr   : setSignalStrengthReportingCriteria consolidatedSignalThresholdInfos=[SignalThresholdInfo{mRan=1 mSignalMeasurementType=1 mHysteresisMs=3000 mHysteresisDb=2 mThresholds=[-109, -103, -97, -89] mIsEnabled=true}, SignalThresholdInfo{mRan=2 mSignalMeasurementType=2 mHysteresisMs=3000 mHysteresisDb=2 mThresholds=[-114, -104, -94, -84] mIsEnabled=true}, SignalThresholdInfo{mRan=3 mSignalMeasurementType=3 mHysteresisMs=3000 mHysteresisDb=2 mThresholds=[-128, -118, -108, -98] mIsEnabled=true}, SignalThresholdInfo{mRan=4 mSignalMeasurementType=1 mHysteresisMs=3000 mHysteresisDb=2 mThresholds=[-105, -90, -75, -65] mIsEnabled=true}, SignalThresholdInfo{mRan=3 mSignalMeasurementType=4 mHysteresisMs=3000 mHysteresisDb=2 mThresholds=[] mIsEnabled=false}, SignalThresholdInfo{mRan=3 mSignalMeasurementType=5 mHysteresisMs=3000 mHysteresisDb=2 mThresholds=[-3, 1, 5, 13] mIsEnabled=true}, SignalThresholdInfo{mRan=6 mSignalMeasurementType=6 mHysteresisMs=3000 mHysteresisDb=2 mThresholds=[-110, -90, -80, -65] mIsEnabled=true}, SignalThresholdInfo{mRan=6 mSignalMeasurementType=7 mHysteresisMs=3000 mHysteresisDb=2 mThresholds=[] mIsEnabled=false}, SignalThresholdInfo{mRan=6 mSignalMeasurementType=8 mHysteresisMs=3000 mHysteresisDb=2 mThresholds=[] mIsEnabled=false}, SignalThresholdInfo{mRan=2 mSignalMeasurementType=9 mHysteresisMs=3000 mHysteresisDb=2 mThresholds=[] mIsEnabled=false}]
03-27 01:21:23.216  2174  2174 D QualifiedNetworksService: Qualified networks service created
03-27 01:21:23.217  1180  1265 D RILC    : setSignalStrengthReportingCriteria_1_5: 14
03-27 01:21:23.217  2354  2354 D SST-0   : EVENT_ICC_CHANGED: SIM absent
03-27 01:21:23.217  1180  1265 I RILC-CommandInfo: getCommandInfo not found(request=202 halVer=15)
03-27 01:21:23.217  2354  2354 D SST-0   : cancelAllNotifications: mPrevSubId=-1
03-27 01:21:23.217  2354  2354 D SST-0   : getCarrierDisplayNameLegacy+
03-27 01:21:23.217  1180  1265 I RILC-CommandInfo: getCommandInfo found {request=202 halVer=15}
03-27 01:21:23.217  1180  1265 D RILC    : setSignalStrengthReportingCriteria_1_5: 14
03-27 01:21:23.217  2354  2354 D SST-0   : updateCarrierDisplayName: isWifiCallingEnabled=false combinedRegState=OUT_OF_SERVICE {mVoiceRegState=1(OUT_OF_SERVICE), mDataRegState=1(OUT_OF_SERVICE), mChannelNumber=-1, duplexMode()=0, mCellBandwidths=[], mOperatorAlphaLong=null, mOperatorAlphaShort=null, isManualNetworkSelection=false(automatic), getRilVoiceRadioTechnology=0(Unknown), getRilDataRadioTechnology=0(Unknown), mCssIndicator=unsupported, mIsEmergencyOnly=false, isUsingCarrierAggregation=false, mArfcnRsrpBoost=0, mNetworkRegistrationInfos=[NetworkRegistrationInfo{ domain=CS transportType=WWAN registrationState=UNKNOWN networkRegistrationState=UNKNOWN roamingType=NOT_ROAMING accessNetworkTechnology=UNKNOWN rejectCause=0 emergencyEnabled=false availableServices=[] cellIdentity=null voiceSpecificInfo=null dataSpecificInfo=null nrState=**** rRplmn= isUsingCarrierAggregation=false isNonTerrestrialNetwork=TERRESTRIAL}, NetworkRegistrationInfo{ domain=PS transportType=WWAN registrationState=UNKNOWN networkRegistrationState=UNKNOWN roamingType=NOT_ROAMING accessNetworkTechnology=UNKNOWN rejectCause=0 emergencyEnabled=false availableServices=[] cellIdentity=null voiceSpecificInfo=null dataSpecificInfo=null nrState=**** rRplmn= isUsingCarrierAggregation=false isNonTerrestrialNetwork=TERRESTRIAL}, NetworkRegistrationInfo{ domain=PS transportType=WLAN registrationState=UNKNOWN networkRegistrationState=UNKNOWN roamingType=NOT_ROAMING accessNetworkTechnology=UNKNOWN rejectCause=0 emergencyEnabled=false availableServices=[] cellIdentity=null voiceSpecificInfo=null dataSpecificInfo=null nrState=**** rRplmn= isUsingCarrierAggregation=false isNonTerrestrialNetwork=TERRESTRIAL}], mNrFrequencyRange=0, mOperatorAlphaLongRaw=null, mOperatorAlphaShortRaw=null, mIsDataRoamingFromRegistration=false, mIsIwlanPreferred=false, mIsUsingNonTerrestrialNetwork=false}
03-27 01:21:23.217  1180  1265 I RILC-CommandInfo: getCommandInfo not found(request=202 halVer=15)
03-27 01:21:23.217  1180  1265 I RILC-CommandInfo: getCommandInfo found {request=202 halVer=15}
03-27 01:21:23.217  2354  2354 D SST-0   : updateCarrierDisplayName: satellitePlmn=null
03-27 01:21:23.217  1180  1265 D RILC    : setSignalStrengthReportingCriteria_1_5: 14
03-27 01:21:23.218  1180  1265 I RILC-CommandInfo: getCommandInfo not found(request=202 halVer=15)
03-27 01:21:23.218  1180  1265 I RILC-CommandInfo: getCommandInfo found {request=202 halVer=15}
03-27 01:21:23.218  1180  1265 D RILC    : setSignalStrengthReportingCriteria_1_5: 14
03-27 01:21:23.218  1180  1265 I RILC-CommandInfo: getCommandInfo not found(request=202 halVer=15)
03-27 01:21:23.218  1180  1265 I RILC-CommandInfo: getCommandInfo found {request=202 halVer=15}
03-27 01:21:23.219  1180  1265 D RILC    : setSignalStrengthReportingCriteria_1_5: 14
03-27 01:21:23.219  1180  1265 I RILC-CommandInfo: getCommandInfo not found(request=202 halVer=15)
03-27 01:21:23.219  1180  1265 I RILC-CommandInfo: getCommandInfo found {request=202 halVer=15}
03-27 01:21:23.219  1180  1265 D RILC    : setSignalStrengthReportingCriteria_1_5: 15
03-27 01:21:23.219  1180  1265 I RILC-CommandInfo: getCommandInfo not found(request=202 halVer=15)
03-27 01:21:23.219  1180  1265 I RILC-CommandInfo: getCommandInfo found {request=202 halVer=15}
03-27 01:21:23.219  1180  1265 D RILC    : setSignalStrengthReportingCriteria_1_5: 15
03-27 01:21:23.219  1180  1265 I RILC-CommandInfo: getCommandInfo not found(request=202 halVer=15)
03-27 01:21:23.219  1180  1265 I RILC-CommandInfo: getCommandInfo found {request=202 halVer=15}
03-27 01:21:23.219  1180  1265 D RILC    : setSignalStrengthReportingCriteria_1_5: 15
03-27 01:21:23.219  1180  1265 I RILC-CommandInfo: getCommandInfo not found(request=202 halVer=15)
03-27 01:21:23.219  1180  1265 I RILC-CommandInfo: getCommandInfo found {request=202 halVer=15}
03-27 01:21:23.219  1180  1265 D RILC    : setSignalStrengthReportingCriteria_1_5: 15
03-27 01:21:23.219  1180  1265 I RILC-CommandInfo: getCommandInfo not found(request=202 halVer=15)
03-27 01:21:23.219  1180  1265 I RILC-CommandInfo: getCommandInfo found {request=202 halVer=15}
03-27 01:21:23.219  2354  2354 D SST-0   : updateCarrierDisplayName: radio is on but out of service, set plmn='没有服务'
03-27 01:21:23.219  1180  1265 D RILC    : setSignalStrengthReportingCriteria_1_5: 15
03-27 01:21:23.219  1180  1265 I RILC-CommandInfo: getCommandInfo not found(request=202 halVer=15)
03-27 01:21:23.219  2354  2354 D SST-0   : updateCarrierDisplayName: rawSpn = 
03-27 01:21:23.219  1180  1265 I RILC-CommandInfo: getCommandInfo found {request=202 halVer=15}
03-27 01:21:23.219  2354  2354 D SST-0   : getCarrierDisplayNameLegacy-
03-27 01:21:23.219  1180  1265 D RILC    : setSignalStrengthReportingCriteria_1_5: 15
03-27 01:21:23.219  1180  1265 I RILC-CommandInfo: getCommandInfo not found(request=202 halVer=15)
03-27 01:21:23.220  1180  1265 I RILC-CommandInfo: getCommandInfo found {request=202 halVer=15}
03-27 01:21:23.220  1180  1265 D RILC    : setSignalStrengthReportingCriteria_1_5: 15
03-27 01:21:23.220  2354  2354 D SST-0   : notifyCarrierDisplayNameDataChanged: changed sending intent, rule=2, CarrierDisplayNameData={ spn = , dataSpn = , showSpn = false, plmn = 没有服务, showPlmn = true, subId=-1
03-27 01:21:23.220  1180  1265 I RILC-CommandInfo: getCommandInfo not found(request=202 halVer=15)
03-27 01:21:23.220  1180  1265 I RILC-CommandInfo: getCommandInfo found {request=202 halVer=15}
03-27 01:21:23.220  1180  1265 D RILC    : setSignalStrengthReportingCriteria_1_5: 15
03-27 01:21:23.220  1180  1265 I RILC-CommandInfo: getCommandInfo not found(request=202 halVer=15)
03-27 01:21:23.220  1180  1265 I RILC-CommandInfo: getCommandInfo found {request=202 halVer=15}
03-27 01:21:23.220  1180  1265 D RILC    : setSignalStrengthReportingCriteria_1_5: 15
03-27 01:21:23.220  1180  1265 I RILC-CommandInfo: getCommandInfo not found(request=202 halVer=15)
03-27 01:21:23.220  1180  1265 I RILC-CommandInfo: getCommandInfo found {request=202 halVer=15}
03-27 01:21:23.220  1180  1265 D RILC    : setSignalStrengthReportingCriteria_1_5: 15
03-27 01:21:23.220  1180  1265 I RILC-CommandInfo: getCommandInfo not found(request=202 halVer=15)
03-27 01:21:23.220  1180  1265 I RILC-CommandInfo: getCommandInfo found {request=202 halVer=15}
03-27 01:21:23.220  2174  2174 D ShannonVCC: Slot 0 SIM state UNKNOWN
03-27 01:21:23.221  1180  1276 D RILC    : RequestComplete, RIL_SOCKET_1
03-27 01:21:23.221  1180  1276 E RILC    : Calling responseFunction() for token 7
03-27 01:21:23.221  1180  1276 D RILC    : getCurrentCallsResponse_1_6: serial 7
03-27 01:21:23.221  1180  1278 E RIL     : fillSlotStatusResult iccid for slot1 parsing failed
03-27 01:21:23.221  2354  2503 D RILJ    : [0007]< GET_CURRENT_CALLS {} [PHONE0]
03-27 01:21:23.221  1180  1278 D RILC    : RequestComplete, RIL_SOCKET_1
03-27 01:21:23.221  1180  1278 E RILC    : Calling responseFunction() for token 5
03-27 01:21:23.221  1180  1280 W RIL     : Use modem RAF!!!
03-27 01:21:23.221  1180  1280 D RILC    : RequestComplete, RIL_SOCKET_1
03-27 01:21:23.221  1180  1280 E RILC    : Calling responseFunction() for token 11
03-27 01:21:23.221  1180  1280 D RILC    : radio::getRadioCapabilityResponse: serial 11
03-27 01:21:23.221  1180  1280 D RILC    : RequestComplete, RIL_SOCKET_1
03-27 01:21:23.221  1180  1280 E RILC    : Calling responseFunction() for token 13
03-27 01:21:23.221  1180  1280 D RILC    : radio::getVoiceRadioTechnologyResponse: serial 13
03-27 01:21:23.221  1180  1280 D RILC-HIDL: HidlHalNetworkResponse::getVoiceRadioTechnologyResponse: serial 13
03-27 01:21:23.222  2354  2503 D RadioConfigResponse: [0005]< GET_SLOT_STATUS [IccSlotStatus {CARDSTATE_ABSENT,atr=,eid=,num_ports=1, IccSimPortInfo-0{iccid=,logicalSlotIndex=0,portActive=true}, SupportedMepMode=NONE}, IccSlotStatus {CARDSTATE_PRESENT,atr=3B9F97C00A3FC6828031E073FE211F65D002341512810F51,eid=[****],num_ports=1, IccSimPortInfo-0{iccid=,logicalSlotIndex=-1,portActive=false}, SupportedMepMode=NONE}, IccSlotStatus {CARDSTATE_ABSENT,atr=,eid=,num_ports=1, IccSimPortInfo-0{iccid=,logicalSlotIndex=-1,portActive=false}, SupportedMepMode=NONE}]
03-27 01:21:23.222  2354  2503 D RILJ    : convertHalRadioCapability: session=0, phase=0, rat=906119, logicModemUuid=exynos_modem0, status=0, rcRil.raf=1822222 [PHONE0]
03-27 01:21:23.222  2354  2503 D RILJ    : [0011]< GET_RADIO_CAPABILITY {mPhoneId = 0 mVersion=1 mSession=0 mPhase=0 mRadioAccessFamily=906119 mLogicModemId=exynos_modem0 mStatus=0} [PHONE0]
03-27 01:21:23.222  1180  1279 D RILC    : RequestComplete, RIL_SOCKET_1
03-27 01:21:23.222  1180  1279 E RILC    : Calling responseFunction() for token 9
03-27 01:21:23.222  2354  2503 D RILJ    : [0013]< VOICE_RADIO_TECH {0} [PHONE0]
03-27 01:21:23.222  1180  1279 D RILC    : radio::getBasebandVersionResponse: serial 9
03-27 01:21:23.222  2354  2503 D RILJ    : [0009]< BASEBAND_VERSION g5123b-145971-251030-B-14356419 [PHONE0]
03-27 01:21:23.222  2354  2354 D NRM-C-0 : Trying to bind com.android.phone for transport WWAN
03-27 01:21:23.225  2354  2354 D NRM-I-0 : Trying to bind com.google.android.iwlan for transport WLAN
03-27 01:21:23.226  1180  1279 D RILC    : RequestComplete, RIL_SOCKET_1
03-27 01:21:23.226  1180  1279 E RILC    : Calling responseFunction() for token 10
03-27 01:21:23.226  1180  1279 D RILC    : radio::getDeviceIdentityResponse: serial 10
03-27 01:21:23.227  2354  2503 D RILJ    : [0010]< DEVICE_IDENTITY {[****], 07, , } [PHONE0]
03-27 01:21:23.227  1180  1278 D RILC    : RequestComplete, RIL_SOCKET_1
03-27 01:21:23.227  1180  1278 E RILC    : Calling responseFunction() for token 6
03-27 01:21:23.227  1180  1278 D RILC    : getIccCardStatusResponse_1_5: serial 6
03-27 01:21:23.227  1166  1166 I libsitril-client: RilClientHelperDLImpl::Send
03-27 01:21:23.228  1180  1278 D RILC    : RequestComplete, RIL_SOCKET_1
03-27 01:21:23.228  1180  1278 E RILC    : Calling responseFunction() for token 12
03-27 01:21:23.228  1180  1278 D RILC    : areUiccApplicationsEnabledResponse: serial 12
03-27 01:21:23.228  1180  1278 E RILC    : responseInt: Invalid response
03-27 01:21:23.228  2354  2503 D RILJ    : responseIccCardStatus: from HIDL: IccCardState {CARDSTATE_ABSENT,PINSTATE_UNKNOWN,num_apps=0,gsm_id=-1,cdma_id=-1,ims_id=-1,atr=,iccid=,eid=,SupportedMepMode=NONE,SlotPortMapping={physicalSlotIndex=0, portIndex=0}} [PHONE0]
03-27 01:21:23.228  1180  1280 I RILC-CommandInfo: getUnsolRespInfo not found(unsolResponse=1102 halVer=00)
03-27 01:21:23.228  1180  1280 I RILC-CommandInfo: getUnsolRespInfo found {unsolResponse=1102 halVer=00}
03-27 01:21:23.228  1180  1280 D RILC    : currentEmergencyNumberListInd
03-27 01:21:23.228  2354  2503 D RILJ    : [0006]< GET_SIM_STATUS IccCardState {CARDSTATE_ABSENT,PINSTATE_UNKNOWN,num_apps=0,gsm_id=-1,cdma_id=-1,ims_id=-1,atr=,iccid=,eid=,SupportedMepMode=NONE,SlotPortMapping={physicalSlotIndex=0, portIndex=0}} [PHONE0]
03-27 01:21:23.228  2354  2503 D RILJ    : [0012]< GET_UICC_APPLICATIONS_ENABLEMENT error 11 [PHONE0]
03-27 01:21:23.229  1180  1280 I RILC    : RIL_SOCKET_1 UNSOLICITED:  UNSOL_EMERGENCY_NUMBER_LIST length:816
03-27 01:21:23.229  2354  2503 D RilRequest: [0012]< GET_UICC_APPLICATIONS_ENABLEMENT error: com.android.internal.telephony.CommandException: SIM_ABSENT ret=false result={ when=-23s335ms what=55 target=com.android.internal.telephony.GsmCdmaPhone async=false heapIndex=-1 }
03-27 01:21:23.229  1180  1265 D RIL_EXTERNAL: sendRequestRaw: clientId 1, serial 9, reqId 228, slotId 0
03-27 01:21:23.230  1180  1284 D RIL_EXTERNAL: RilExternalManager::sendRequestRawResponse: clientId=1
03-27 01:21:23.230  2354  2354 D SST-0   : setPowerStateToDesired: mDeviceShuttingDown=false, mDesiredPowerState=true, getRadioState=1, mRadioPowerOffReasons=[], IMS reg state=false, pending radio off=false
03-27 01:21:23.230  2354  2354 D SST-0   : pollState: modemTriggered=true, radioState=1
03-27 01:21:23.230  2586  2586 D NetworkService: network service created
03-27 01:21:23.231  1180  1279 D RILC    : RequestComplete, RIL_SOCKET_1
03-27 01:21:23.231  1180  1279 E RILC    : Calling responseFunction() for token 14
03-27 01:21:23.231  2354  2354 D RILJ    : [0016]> OPERATOR [PHONE0]
03-27 01:21:23.231  1180  1279 D RILC    : radio::setSignalStrengthReportingCriteriaResponse_1_5: serial 14
03-27 01:21:23.231  1180  1279 D RILC-HIDL: HidlHalNetworkResponse::setSignalStrengthReportingCriteriaResponse_1_5: serial 14
03-27 01:21:23.231  2354  2354 E NRM-C-0 : service not connected. Domain = PS
03-27 01:21:23.231  1180  1265 D RILC    : getOperator: serial 16
03-27 01:21:23.231  2354  2354 E NRM-C-0 : service not connected. Domain = CS
03-27 01:21:23.231  1180  1265 I RILC-CommandInfo: getCommandInfo not found(request=22 halVer=00)
03-27 01:21:23.231  1180  1265 I RILC-CommandInfo: getCommandInfo found {request=22 halVer=00}
03-27 01:21:23.231  2354  2354 E NRM-I-0 : service not connected. Domain = PS
03-27 01:21:23.232  2354  2354 D RILJ    : [0017]> QUERY_NETWORK_SELECTION_MODE [PHONE0]
03-27 01:21:23.232  1180  1265 D RILC    : getNetworkSelectionMode: serial 17
03-27 01:21:23.232  2354  2354 D SST-0   : setPowerStateToDesired: mDeviceShuttingDown=false, mDesiredPowerState=true, getRadioState=1, mRadioPowerOffReasons=[], IMS reg state=false, pending radio off=false
03-27 01:21:23.232  1180  1265 I RILC-CommandInfo: getCommandInfo not found(request=45 halVer=00)
03-27 01:21:23.232  1180  1265 I RILC-CommandInfo: getCommandInfo found {request=45 halVer=00}
03-27 01:21:23.232  2354  2354 D SST-0   : pollState: modemTriggered=true, radioState=1
03-27 01:21:23.233  2354  2354 D RILJ    : [0018]> OPERATOR [PHONE0]
03-27 01:21:23.233  2354  2354 E NRM-C-0 : service not connected. Domain = PS
03-27 01:21:23.233  2354  2354 E NRM-C-0 : service not connected. Domain = CS
03-27 01:21:23.233  1180  1265 D RILC    : getOperator: serial 18
03-27 01:21:23.233  2354  2354 E NRM-I-0 : service not connected. Domain = PS
03-27 01:21:23.233  1180  1265 I RILC-CommandInfo: getCommandInfo not found(request=22 halVer=00)
03-27 01:21:23.233  1180  1265 I RILC-CommandInfo: getCommandInfo found {request=22 halVer=00}
03-27 01:21:23.233  2354  2354 D RILJ    : [0019]> QUERY_NETWORK_SELECTION_MODE [PHONE0]
03-27 01:21:23.233  1180  1265 D RILC    : getNetworkSelectionMode: serial 19
03-27 01:21:23.233  1180  1265 I RILC-CommandInfo: getCommandInfo not found(request=45 halVer=00)
03-27 01:21:23.233  1180  1265 I RILC-CommandInfo: getCommandInfo found {request=45 halVer=00}
03-27 01:21:23.233  2354  2354 D Phone-0 : [0] SubId-1,get allowed network types user: value = GPRS|EDGE|UMTS|CDMA|CDMA - EvDo rev. 0|CDMA - EvDo rev. A|CDMA - 1xRTT|HSDPA|HSUPA|HSPA|CDMA - EvDo rev. B|LTE|CDMA - eHRPD|HSPA+|GSM|LTE_CA|NR
03-27 01:21:23.233  2354  2354 D PhoneFactory: calculatePreferredNetworkType: phoneId = 0 networkType = 850943
03-27 01:21:23.234  1180  1279 D RILC    : RequestComplete, RIL_SOCKET_1
03-27 01:21:23.234  1180  1279 E RILC    : Calling responseFunction() for token 14
03-27 01:21:23.234  1180  1279 D RILC    : radio::setSignalStrengthReportingCriteriaResponse_1_5: serial 14
03-27 01:21:23.234  1180  1279 D RILC-HIDL: HidlHalNetworkResponse::setSignalStrengthReportingCriteriaResponse_1_5: serial 14
03-27 01:21:23.234  1180  1280 D RILC    : RequestComplete, RIL_SOCKET_1
03-27 01:21:23.234  1180  1280 E RILC    : Calling responseFunction() for token 16
03-27 01:21:23.234  1180  1280 D RILC    : radio::getOperatorResponse: serial 16
03-27 01:21:23.234  1180  1280 D RILC-HIDL: HidlHalNetworkResponse::getOperatorResponse: serial 16
03-27 01:21:23.235  2354  2354 D Phone-0 : [0] Allowed network types for 'carrier' reason is changed by carrier config = GPRS|EDGE|UMTS|CDMA|CDMA - EvDo rev. 0|CDMA - EvDo rev. A|CDMA - 1xRTT|HSDPA|HSUPA|HSPA|CDMA - EvDo rev. B|LTE|CDMA - eHRPD|HSPA+|GSM|LTE_CA
03-27 01:21:23.235  2354  2354 D Phone-0 : [0] SubId-1,get allowed network types carrier: value = GPRS|EDGE|UMTS|CDMA|CDMA - EvDo rev. 0|CDMA - EvDo rev. A|CDMA - 1xRTT|HSDPA|HSUPA|HSPA|CDMA - EvDo rev. B|LTE|CDMA - eHRPD|HSPA+|GSM|LTE_CA
03-27 01:21:23.235  2354  2354 I CSST    : isNrSupported:  carrierConfigEnabled: true, AccessFamilySupported: false, isNrNetworkTypeAllowed: false
03-27 01:21:23.235  2354  2354 I CSST    : PrefNetworkNotification: sendMessage() w/values: ,false,false,-1,false,true
03-27 01:21:23.235  2354  2354 I CSST    : canceling notifications: 1000
03-27 01:21:23.235  2354  2354 D Phone-0 : isWifiCallingEnabled =false
03-27 01:21:23.236  2354  2354 D CSST    : isPhoneRegisteredForWifiCalling: false
03-27 01:21:23.236  2354  2354 D Phone-0 : isWifiCallingEnabled =false
03-27 01:21:23.236  2354  2354 I CSST    : EmergencyNetworkNotification: sendMessage() w/values: ,-1,false,true
03-27 01:21:23.236  2354  2354 I CSST    : canceling notifications: 1001
03-27 01:21:23.236  2354  2354 D Phone-0 : [0] SubId-1,get allowed network types user: value = GPRS|EDGE|UMTS|CDMA|CDMA - EvDo rev. 0|CDMA - EvDo rev. A|CDMA - 1xRTT|HSDPA|HSUPA|HSPA|CDMA - EvDo rev. B|LTE|CDMA - eHRPD|HSPA+|GSM|LTE_CA|NR
03-27 01:21:23.236  2354  2354 D PhoneFactory: calculatePreferredNetworkType: phoneId = 0 networkType = 850943
03-27 01:21:23.236  2354  2354 D Phone-0 : [0] Allowed network types for 'carrier' reason is changed by carrier config = GPRS|EDGE|UMTS|CDMA|CDMA - EvDo rev. 0|CDMA - EvDo rev. A|CDMA - 1xRTT|HSDPA|HSUPA|HSPA|CDMA - EvDo rev. B|LTE|CDMA - eHRPD|HSPA+|GSM|LTE_CA
03-27 01:21:23.236  2354  2354 D Phone-0 : [0] SubId-1,get allowed network types carrier: value = GPRS|EDGE|UMTS|CDMA|CDMA - EvDo rev. 0|CDMA - EvDo rev. A|CDMA - 1xRTT|HSDPA|HSUPA|HSPA|CDMA - EvDo rev. B|LTE|CDMA - eHRPD|HSPA+|GSM|LTE_CA
03-27 01:21:23.236  2354  2354 I CSST    : isNrSupported:  carrierConfigEnabled: true, AccessFamilySupported: false, isNrNetworkTypeAllowed: false
03-27 01:21:23.237  2354  2354 I CSST    : PrefNetworkNotification: sendMessage() w/values: ,false,false,-1,false,true
03-27 01:21:23.237  2354  2354 I CSST    : canceling notifications: 1000
03-27 01:21:23.237  2354  2354 D Phone-0 : isWifiCallingEnabled =false
03-27 01:21:23.237  2354  2354 D CSST    : isPhoneRegisteredForWifiCalling: false
03-27 01:21:23.237  2354  2354 D Phone-0 : isWifiCallingEnabled =false
03-27 01:21:23.237  2354  2354 I CSST    : EmergencyNetworkNotification: sendMessage() w/values: ,-1,false,true
03-27 01:21:23.237  2354  2354 I CSST    : canceling notifications: 1001
03-27 01:21:23.237  2354  2354 D EmergencyNumberTracker: [0]updateRadioEmergencyNumberListAndNotify(): receiving []
03-27 01:21:23.238  1180  1279 D RILC    : RequestComplete, RIL_SOCKET_1
03-27 01:21:23.238  1180  1279 E RILC    : Calling responseFunction() for token 14
03-27 01:21:23.238  1180  1279 D RILC    : radio::setSignalStrengthReportingCriteriaResponse_1_5: serial 14
03-27 01:21:23.238  1180  1279 D RILC-HIDL: HidlHalNetworkResponse::setSignalStrengthReportingCriteriaResponse_1_5: serial 14
03-27 01:21:23.238  1180  1280 D RILC    : RequestComplete, RIL_SOCKET_1
03-27 01:21:23.238  1180  1280 E RILC    : Calling responseFunction() for token 17
03-27 01:21:23.238  1180  1280 D RILC    : radio::getNetworkSelectionModeResponse: serial 17
03-27 01:21:23.238  1180  1280 D RILC-HIDL: HidlHalNetworkResponse::getNetworkSelectionModeResponse: serial 17
03-27 01:21:23.238  2354  2354 D RILJ    : [0020]> SEND_DEVICE_STATE 1:true [PHONE0]
03-27 01:21:23.238  1180  1265 D RILC    : sendDeviceState: serial 20
03-27 01:21:23.238  1180  1265 I RILC-CommandInfo: getCommandInfo not found(request=138 halVer=00)
03-27 01:21:23.238  1180  1265 I RILC-CommandInfo: getCommandInfo found {request=138 halVer=00}
03-27 01:21:23.239  2354  2354 D RILJ    : [0021]> SEND_DEVICE_STATE 2:false [PHONE0]
03-27 01:21:23.239  1180  1265 D RILC    : sendDeviceState: serial 21
03-27 01:21:23.239  1180  1265 I RILC-CommandInfo: getCommandInfo not found(request=138 halVer=00)
03-27 01:21:23.239  1180  1265 I RILC-CommandInfo: getCommandInfo found {request=138 halVer=00}
03-27 01:21:23.240  2174  2174 I ShannonQNS: ShannonQualifiedNetworksService created
03-27 01:21:23.240  2174  2174 W ShannonQNS: Change: 000000, updated: 22 Mar 2026 23:14:14 GMT+08:00, target: 36, built: 36
03-27 01:21:23.242  1180  1279 D RILC    : RequestComplete, RIL_SOCKET_1
03-27 01:21:23.242  1180  1279 E RILC    : Calling responseFunction() for token 14
03-27 01:21:23.242  1180  1279 D RILC    : radio::setSignalStrengthReportingCriteriaResponse_1_5: serial 14
03-27 01:21:23.242  1180  1279 D RILC-HIDL: HidlHalNetworkResponse::setSignalStrengthReportingCriteriaResponse_1_5: serial 14
03-27 01:21:23.242  2354  2354 D RILJ    : [0022]> SEND_DEVICE_STATE 0:false [PHONE0]
03-27 01:21:23.242  1180  1280 D RILC    : RequestComplete, RIL_SOCKET_1
03-27 01:21:23.242  1180  1280 E RILC    : Calling responseFunction() for token 18
03-27 01:21:23.242  1180  1280 D RILC    : radio::getOperatorResponse: serial 18
03-27 01:21:23.242  1180  1280 D RILC-HIDL: HidlHalNetworkResponse::getOperatorResponse: serial 18
03-27 01:21:23.242  1180  1265 D RILC    : sendDeviceState: serial 22
03-27 01:21:23.242  1180  1265 I RILC-CommandInfo: getCommandInfo not found(request=138 halVer=00)
03-27 01:21:23.242  1180  1265 I RILC-CommandInfo: getCommandInfo found {request=138 halVer=00}
03-27 01:21:23.243  2354  2354 D RILJ    : [0023]> SET_UNSOLICITED_RESPONSE_FILTER -1 [PHONE0]
03-27 01:21:23.243  1180  1265 D RILC    : setIndicationFilter_1_5: 23
03-27 01:21:23.243  1180  1265 I RILC-CommandInfo: getCommandInfo not found(request=139 halVer=15)
03-27 01:21:23.243  1180  1265 I RILC-CommandInfo: getCommandInfo found {request=139 halVer=15}
03-27 01:21:23.243  2354  2354 D RILJ    : [0024]> SET_LINK_CAPACITY_REPORTING_CRITERIA [PHONE0]
03-27 01:21:23.244  1180  1265 D RILC    : setLinkCapacityReportingCriteria_1_5: 24
03-27 01:21:23.244  1180  1265 I RILC-CommandInfo: getCommandInfo not found(request=203 halVer=15)
03-27 01:21:23.244  1180  1265 I RILC-CommandInfo: getCommandInfo found {request=203 halVer=15}
03-27 01:21:23.244  2354  2354 D RILJ    : [0025]> SET_LINK_CAPACITY_REPORTING_CRITERIA [PHONE0]
03-27 01:21:23.244  1180  1265 D RILC    : setLinkCapacityReportingCriteria_1_5: 25
03-27 01:21:23.244  1180  1265 I RILC-CommandInfo: getCommandInfo not found(request=203 halVer=15)
03-27 01:21:23.244  1180  1265 I RILC-CommandInfo: getCommandInfo found {request=203 halVer=15}
03-27 01:21:23.245  2354  2354 D RILJ    : [0026]> SET_LINK_CAPACITY_REPORTING_CRITERIA [PHONE0]
03-27 01:21:23.245  1180  1265 D RILC    : setLinkCapacityReportingCriteria_1_5: 26
03-27 01:21:23.245  1180  1265 I RILC-CommandInfo: getCommandInfo not found(request=203 halVer=15)
03-27 01:21:23.245  1180  1265 I RILC-CommandInfo: getCommandInfo found {request=203 halVer=15}
03-27 01:21:23.245  2354  2354 D RILJ    : [0027]> SET_LINK_CAPACITY_REPORTING_CRITERIA [PHONE0]
03-27 01:21:23.246  1180  1265 D RILC    : setLinkCapacityReportingCriteria_1_5: 27
03-27 01:21:23.246  1180  1265 I RILC-CommandInfo: getCommandInfo not found(request=203 halVer=15)
03-27 01:21:23.246  1180  1265 I RILC-CommandInfo: getCommandInfo found {request=203 halVer=15}
03-27 01:21:23.246  2354  2354 D RILJ    : [0028]> SET_LINK_CAPACITY_REPORTING_CRITERIA [PHONE0]
03-27 01:21:23.246  1180  1280 D RILC    : RequestComplete, RIL_SOCKET_1
03-27 01:21:23.246  1180  1279 D RILC    : RequestComplete, RIL_SOCKET_1
03-27 01:21:23.246  1180  1280 E RILC    : Calling responseFunction() for token 19
03-27 01:21:23.246  1180  1265 D RILC    : setLinkCapacityReportingCriteria_1_5: 28
03-27 01:21:23.246  1180  1280 D RILC    : radio::getNetworkSelectionModeResponse: serial 19
03-27 01:21:23.246  1180  1279 E RILC    : Calling responseFunction() for token 14
03-27 01:21:23.246  1180  1265 I RILC-CommandInfo: getCommandInfo not found(request=203 halVer=15)
03-27 01:21:23.246  1180  1280 D RILC-HIDL: HidlHalNetworkResponse::getNetworkSelectionModeResponse: serial 19
03-27 01:21:23.246  1180  1265 I RILC-CommandInfo: getCommandInfo found {request=203 halVer=15}
03-27 01:21:23.246  1180  1279 D RILC    : radio::setSignalStrengthReportingCriteriaResponse_1_5: serial 14
03-27 01:21:23.246  1180  1279 D RILC-HIDL: HidlHalNetworkResponse::setSignalStrengthReportingCriteriaResponse_1_5: serial 14
03-27 01:21:23.246  2354  2354 D RILJ    : [0029]> SEND_DEVICE_STATE 1:true [PHONE0]
03-27 01:21:23.247  1180  1265 D RILC    : sendDeviceState: serial 29
03-27 01:21:23.247  1180  1265 I RILC-CommandInfo: getCommandInfo not found(request=138 halVer=00)
03-27 01:21:23.247  1180  1265 I RILC-CommandInfo: getCommandInfo found {request=138 halVer=00}
03-27 01:21:23.247  2354  2354 D RILJ    : [0030]> SEND_DEVICE_STATE 2:false [PHONE0]
03-27 01:21:23.247  1180  1265 D RILC    : sendDeviceState: serial 30
03-27 01:21:23.247  1180  1265 I RILC-CommandInfo: getCommandInfo not found(request=138 halVer=00)
03-27 01:21:23.247  1180  1265 I RILC-CommandInfo: getCommandInfo found {request=138 halVer=00}
03-27 01:21:23.247  2354  2354 D RILJ    : [0031]> SEND_DEVICE_STATE 0:false [PHONE0]
03-27 01:21:23.247  1180  1265 D RILC    : sendDeviceState: serial 31
03-27 01:21:23.247  1180  1265 I RILC-CommandInfo: getCommandInfo not found(request=138 halVer=00)
03-27 01:21:23.247  1180  1265 I RILC-CommandInfo: getCommandInfo found {request=138 halVer=00}
03-27 01:21:23.248  2354  2354 D RILJ    : [0032]> SET_UNSOLICITED_RESPONSE_FILTER -1 [PHONE0]
03-27 01:21:23.248  1180  1265 D RILC    : setIndicationFilter_1_5: 32
03-27 01:21:23.248  1180  1265 I RILC-CommandInfo: getCommandInfo not found(request=139 halVer=15)
03-27 01:21:23.248  1180  1265 I RILC-CommandInfo: getCommandInfo found {request=139 halVer=15}
03-27 01:21:23.248  2354  2354 D RILJ    : [0033]> SET_LINK_CAPACITY_REPORTING_CRITERIA [PHONE0]
03-27 01:21:23.248  1180  1265 D RILC    : setLinkCapacityReportingCriteria_1_5: 33
03-27 01:21:23.248  1180  1265 I RILC-CommandInfo: getCommandInfo not found(request=203 halVer=15)
03-27 01:21:23.248  1180  1265 I RILC-CommandInfo: getCommandInfo found {request=203 halVer=15}
03-27 01:21:23.249  2354  2354 D RILJ    : [0034]> SET_LINK_CAPACITY_REPORTING_CRITERIA [PHONE0]
03-27 01:21:23.249  1180  1265 D RILC    : setLinkCapacityReportingCriteria_1_5: 34
03-27 01:21:23.249  1180  1265 I RILC-CommandInfo: getCommandInfo not found(request=203 halVer=15)
03-27 01:21:23.249  1180  1265 I RILC-CommandInfo: getCommandInfo found {request=203 halVer=15}
03-27 01:21:23.249  2354  2354 D RILJ    : [0035]> SET_LINK_CAPACITY_REPORTING_CRITERIA [PHONE0]
03-27 01:21:23.250  1180  1279 D RILC    : RequestComplete, RIL_SOCKET_1
03-27 01:21:23.250  1180  1279 E RILC    : Calling responseFunction() for token 14
03-27 01:21:23.250  1180  1279 D RILC    : radio::setSignalStrengthReportingCriteriaResponse_1_5: serial 14
03-27 01:21:23.250  1180  1279 D RILC-HIDL: HidlHalNetworkResponse::setSignalStrengthReportingCriteriaResponse_1_5: serial 14
03-27 01:21:23.250  1180  1265 D RILC    : setLinkCapacityReportingCriteria_1_5: 35
03-27 01:21:23.250  1180  1265 I RILC-CommandInfo: getCommandInfo not found(request=203 halVer=15)
03-27 01:21:23.250  1180  1265 I RILC-CommandInfo: getCommandInfo found {request=203 halVer=15}
03-27 01:21:23.250  2354  2354 D RILJ    : [0036]> SET_LINK_CAPACITY_REPORTING_CRITERIA [PHONE0]
03-27 01:21:23.250  1180  1265 D RILC    : setLinkCapacityReportingCriteria_1_5: 36
03-27 01:21:23.250  1180  1265 I RILC-CommandInfo: getCommandInfo not found(request=203 halVer=15)
03-27 01:21:23.251  1180  1265 I RILC-CommandInfo: getCommandInfo found {request=203 halVer=15}
03-27 01:21:23.251  2354  2354 D RILJ    : [0037]> SET_LINK_CAPACITY_REPORTING_CRITERIA [PHONE0]
03-27 01:21:23.251  1180  1265 D RILC    : setLinkCapacityReportingCriteria_1_5: 37
03-27 01:21:23.251  1180  1265 I RILC-CommandInfo: getCommandInfo not found(request=203 halVer=15)
03-27 01:21:23.251  1180  1265 I RILC-CommandInfo: getCommandInfo found {request=203 halVer=15}
03-27 01:21:23.251  2354  2354 D NetworkTypeController: [0] DefaultState: process EVENT_INITIALIZE
03-27 01:21:23.252  2354  2503 D RILJ    : [UNSL]< UNSOL_EMERGENCY_NUMBER_LIST [[EmergencyNumber: 112, countryIso=, mnc=DEF, src=mdm , routing=unknown, categories=, urns=], [EmergencyNumber: 911, countryIso=, mnc=DEF, src=mdm , routing=unknown, categories=, urns=], [EmergencyNumber: 000, countryIso=, mnc=DEF, src=mdm , routing=unknown, categories=, urns=], [EmergencyNumber: 08, countryIso=, mnc=DEF, src=mdm , routing=unknown, categories=, urns=], [EmergencyNumber: 110, countryIso=, mnc=DEF, src=mdm , routing=unknown, categories=, urns=], [EmergencyNumber: 999, countryIso=, mnc=DEF, src=mdm , routing=unknown, categories=, urns=], [EmergencyNumber: 118, countryIso=, mnc=DEF, src=mdm , routing=unknown, categories=, urns=], [EmergencyNumber: 119, countryIso=, mnc=DEF, src=mdm , routing=unknown, categories=, urns=], [EmergencyNumber: 112, countryIso=, mnc=DEF, src=mdm , routing=unknown, categories=, urns=], [EmergencyNumber: 911, countryIso=, mnc=DEF, src=mdm , routing=unknown, categories=, urns=], [EmergencyNumber: 000, countryIso=, mnc=DEF, src=mdm , routing=unknown, categories=, urns=], [EmergencyNumber: 08, countryIso=, mnc=DEF, src=mdm , routing=unknown, categories=, urns=], [EmergencyNumber: 110, countryIso=, mnc=DEF, src=mdm , routing=unknown, categories=, urns=], [EmergencyNumber: 999, countryIso=, mnc=DEF, src=mdm , routing=unknown, categories=, urns=], [EmergencyNumber: 118, countryIso=, mnc=DEF, src=mdm , routing=unknown, categories=, urns=], [EmergencyNumber: 119, countryIso=, mnc=DEF, src=mdm , routing=unknown, categories=, urns=], [EmergencyNumber: 112, countryIso=, mnc=, src=mdm , routing=unknown, categories=, urns=]] [PHONE0]
03-27 01:21:23.252  2354  2503 D RILJ    : [0014]< SET_SIGNAL_STRENGTH_REPORTING_CRITERIA  [PHONE0]
03-27 01:21:23.252  1539  1846 W TelephonyRegistry: Pid 2354 has exceeded half the number of permissible registered listeners. Now at 47
03-27 01:21:23.252  2354  2503 E RILJ    : processResponse: Unexpected response! serial: 14, error: 0 [PHONE0]
03-27 01:21:23.252  2354  2503 D RILJ    : [0016]< OPERATOR {, , } [PHONE0]
03-27 01:21:23.252  2354  2503 E RILJ    : processResponse: Unexpected response! serial: 14, error: 0 [PHONE0]
03-27 01:21:23.252  2354  2354 D NetworkTypeController: [0] mOverrideTimerRules: {connected={mState=connected, mOverrideType=NR_NSA, mPrimaryTimers={}, mSecondaryTimers={}}, not_restricted_rrc_con={mState=not_restricted_rrc_con, mOverrideType=NR_NSA, mPrimaryTimers={}, mSecondaryTimers={}}, legacy={mState=legacy, mOverrideType=NONE, mPrimaryTimers={}, mSecondaryTimers={}}, not_restricted_rrc_idle={mState=not_restricted_rrc_idle, mOverrideType=NR_NSA, mPrimaryTimers={}, mSecondaryTimers={}}, restricted={mState=restricted, mOverrideType=NONE, mPrimaryTimers={}, mSecondaryTimers={}}, connected_mmwave={mState=connected_mmwave, mOverrideType=NR_NSA, mPrimaryTimers={}, mSecondaryTimers={}}, connected_rrc_idle={mState=connected_rrc_idle, mOverrideType=NR_NSA, mPrimaryTimers={}, mSecondaryTimers={}}}
03-27 01:21:23.253  2354  2354 D NetworkTypeController: [0] Physical channel configs updated: not updating PCC fields for empty PCC list indicating RRC idle.
03-27 01:21:23.253  2354  2354 D NetworkTypeController: [0] DefaultState: process EVENT_UPDATE
03-27 01:21:23.253  2354  2503 D RILJ    : [0017]< QUERY_NETWORK_SELECTION_MODE {0} [PHONE0]
03-27 01:21:23.253  2354  2354 D NetworkTypeController: [0] Entering LegacyState
03-27 01:21:23.253  2354  2503 E RILJ    : processResponse: Unexpected response! serial: 14, error: 0 [PHONE0]
03-27 01:21:23.253  2354  2503 D RILJ    : [0018]< OPERATOR {, , } [PHONE0]
03-27 01:21:23.253  2354  2503 D RILJ    : [0019]< QUERY_NETWORK_SELECTION_MODE {0} [PHONE0]
03-27 01:21:23.253  2354  2503 E RILJ    : processResponse: Unexpected response! serial: 14, error: 0 [PHONE0]
03-27 01:21:23.253  2354  2503 E RILJ    : processResponse: Unexpected response! serial: 14, error: 0 [PHONE0]
03-27 01:21:23.254  1180  1279 D RILC    : RequestComplete, RIL_SOCKET_1
03-27 01:21:23.254  1180  1279 E RILC    : Calling responseFunction() for token 14
03-27 01:21:23.254  1180  1279 D RILC    : radio::setSignalStrengthReportingCriteriaResponse_1_5: serial 14
03-27 01:21:23.254  1180  1279 D RILC-HIDL: HidlHalNetworkResponse::setSignalStrengthReportingCriteriaResponse_1_5: serial 14
03-27 01:21:23.254  2354  2503 E RILJ    : processResponse: Unexpected response! serial: 14, error: 0 [PHONE0]
03-27 01:21:23.255  1539  1846 W TelephonyRegistry: Pid 2354 has exceeded half the number of permissible registered listeners. Now at 48
